V/AlarmManager(  794): isAlarmNeedAlign : charging
V/AlarmManager(  794): isAlarmNeedAlign : charging
V/AlarmManager(  794): isAlarmNeedAlign : charging
V/AlarmManager(  794): isAlarmNeedAlign : charging
V/AlarmManager(  794): isAlarmNeedAlign : charging
V/AlarmManager(  794): isAlarmNeedAlign : charging
V/AlarmManager(  794): isAlarmNeedAlign : charging
V/AlarmManager(  794): isAlarmNeedAlign : charging
V/AlarmManager(  794): isAlarmNeedAlign : charging
V/AlarmManager(  794): isAlarmNeedAlign : charging
V/AlarmManager(  794): isAlarmNeedAlign : charging
V/AlarmManager(  794): isAlarmNeedAlign : charging
V/AlarmManager(  794): isAlarmNeedAlign : charging
V/AlarmManager(  794): isAlarmNeedAlign : charging
V/AlarmManager(  794): isAlarmNeedAlign : charging
V/AlarmManager(  794): isAlarmNeedAlign : charging
V/AlarmManager(  794): isAlarmNeedAlign : charging
V/AlarmManager(  794): isAlarmNeedAlign : charging
V/AlarmManager(  794): isAlarmNeedAlign : charging
V/AlarmManager(  794): isAlarmNeedAlign : charging
V/AlarmManager(  794): isAlarmNeedAlign : charging
V/AlarmManager(  794): isAlarmNeedAlign : charging
V/AlarmManager(  794): isAlarmNeedAlign : charging
V/AlarmManager(  794): isAlarmNeedAlign : charging
V/AlarmManager(  794): isAlarmNeedAlign : charging
V/AlarmManager(  794): isAlarmNeedAlign : charging
V/AlarmManager(  794): isAlarmNeedAlign : charging
V/AlarmManager(  794): isAlarmNeedAlign : charging
V/AlarmManager(  794): isAlarmNeedAlign : charging
V/AlarmManager(  794): isAlarmNeedAlign : charging
V/AlarmManager(  794): isAlarmNeedAlign : charging
V/AlarmManager(  794): isAlarmNeedAlign : charging
V/AlarmManager(  794): isAlarmNeedAlign : charging
V/AlarmManager(  794): isAlarmNeedAlign : charging
V/AlarmManager(  794): isAlarmNeedAlign : charging
V/AlarmManager(  794): isAlarmNeedAlign : charging
V/AlarmManager(  794): isAlarmNeedAlign : charging
V/AlarmManager(  794): isAlarmNeedAlign : charging
V/AlarmManager(  794): isAlarmNeedAlign : charging
V/AlarmManager(  794): isAlarmNeedAlign : charging
V/AlarmManager(  794): isAlarmNeedAlign : charging
V/AlarmManager(  794): isAlarmNeedAlign : charging
V/AlarmManager(  794): isAlarmNeedAlign : charging
V/AlarmManager(  794): isAlarmNeedAlign : charging
V/AlarmManager(  794): isAlarmNeedAlign : charging
V/AlarmManager(  794): isAlarmNeedAlign : charging
V/AlarmManager(  794): isAlarmNeedAlign : charging
V/AlarmManager(  794): isAlarmNeedAlign : charging
V/AlarmManager(  794): isAlarmNeedAlign : charging
V/AlarmManager(  794): isAlarmNeedAlign : charging
V/AlarmManager(  794): isAlarmNeedAlign : charging
V/AlarmManager(  794): isAlarmNeedAlign : charging
V/AlarmManager(  794): isAlarmNeedAlign : charging
V/AlarmManager(  794): isAlarmNeedAlign : charging
V/AlarmManager(  794): isAlarmNeedAlign : charging
V/AlarmManager(  794): isAlarmNeedAlign : charging
V/AlarmManager(  794): isAlarmNeedAlign : charging
V/AlarmManager(  794): isAlarmNeedAlign : charging
V/AlarmManager(  794): isAlarmNeedAlign : charging
V/AlarmManager(  794): isAlarmNeedAlign : charging
V/AlarmManager(  794): isAlarmNeedAlign : charging
V/AlarmManager(  794): isAlarmNeedAlign : charging
V/AlarmManager(  794): isAlarmNeedAlign : charging
V/AlarmManager(  794): isAlarmNeedAlign : charging
V/AlarmManager(  794): isAlarmNeedAlign : charging
V/AlarmManager(  794): isAlarmNeedAlign : charging
V/AlarmManager(  794): isAlarmNeedAlign : charging
V/AlarmManager(  794): isAlarmNeedAlign : charging
V/AlarmManager(  794): isAlarmNeedAlign : charging
V/AlarmManager(  794): isAlarmNeedAlign : charging
V/AlarmManager(  794): isAlarmNeedAlign : charging
V/AlarmManager(  794): isAlarmNeedAlign : charging
V/AlarmManager(  794): isAlarmNeedAlign : charging
V/AlarmManager(  794): isAlarmNeedAlign : charging
D/AlarmManager(  794): set alarm to RTC 2-17803877-09:56:47
V/AlarmManager(  794): isAlarmNeedAlign : charging
V/AlarmManager(  794): isAlarmNeedAlign : charging
V/AlarmManager(  794): isAlarmNeedAlign : charging
V/AlarmManager(  794): isAlarmNeedAlign : charging
V/AlarmManager(  794): isAlarmNeedAlign : charging
V/AlarmManager(  794): isAlarmNeedAlign : charging
V/AlarmManager(  794): remove(operation) changed bounds; rebatching init.hortwords.sdk
V/AlarmManager(  794): isAlarmNeedAlign : charging
V/AlarmManager(  794): isAlarmNeedAlign : charging
V/AlarmManager(  794): isAlarmNeedAlign : charging
V/AlarmManager(  794): isAlarmNeedAlign : charging
V/AlarmManager(  794): isAlarmNeedAlign : charging
V/AlarmManager(  794): isAlarmNeedAlign : charging
V/AlarmManager(  794): isAlarmNeedAlign : charging
V/AlarmManager(  794): isAlarmNeedAlign : charging
V/AlarmManager(  794): isAlarmNeedAlign : charging
V/AlarmManager(  794): isAlarmNeedAlign : charging
V/AlarmManager(  794): isAlarmNeedAlign : charging
V/AlarmManager(  794): isAlarmNeedAlign : charging
V/AlarmManager(  794): isAlarmNeedAlign : charging
V/AlarmManager(  794): isAlarmNeedAlign : charging
V/AlarmManager(  794): isAlarmNeedAlign : charging
V/AlarmManager(  794): isAlarmNeedAlign : charging
V/AlarmManager(  794): isAlarmNeedAlign : charging
V/AlarmManager(  794): isAlarmNeedAlign : charging
V/AlarmManager(  794): isAlarmNeedAlign : charging
V/AlarmManager(  794): isAlarmNeedAlign : charging
V/AlarmManager(  794): isAlarmNeedAlign : charging
V/AlarmManager(  794): isAlarmNeedAlign : charging
V/AlarmManager(  794): isAlarmNeedAlign : charging
V/AlarmManager(  794): isAlarmNeedAlign : charging
V/AlarmManager(  794): isAlarmNeedAlign : charging
V/AlarmManager(  794): isAlarmNeedAlign : charging
V/AlarmManager(  794): isAlarmNeedAlign : charging
V/AlarmManager(  794): isAlarmNeedAlign : charging
V/AlarmManager(  794): isAlarmNeedAlign : charging
V/AlarmManager(  794): isAlarmNeedAlign : charging
V/AlarmManager(  794): isAlarmNeedAlign : charging
V/AlarmManager(  794): isAlarmNeedAlign : charging
V/AlarmManager(  794): isAlarmNeedAlign : charging
V/AlarmManager(  794): isAlarmNeedAlign : charging
V/AlarmManager(  794): isAlarmNeedAlign : charging
V/AlarmManager(  794): isAlarmNeedAlign : charging
V/AlarmManager(  794): isAlarmNeedAlign : charging
V/AlarmManager(  794): isAlarmNeedAlign : charging
V/AlarmManager(  794): isAlarmNeedAlign : charging
V/AlarmManager(  794): isAlarmNeedAlign : charging
V/AlarmManager(  794): isAlarmNeedAlign : charging
V/AlarmManager(  794): isAlarmNeedAlign : charging
V/AlarmManager(  794): isAlarmNeedAlign : charging
V/AlarmManager(  794): isAlarmNeedAlign : charging
V/AlarmManager(  794): isAlarmNeedAlign : charging
V/AlarmManager(  794): isAlarmNeedAlign : charging
V/AlarmManager(  794): isAlarmNeedAlign : charging
V/AlarmManager(  794): isAlarmNeedAlign : charging
V/AlarmManager(  794): isAlarmNeedAlign : charging
V/AlarmManager(  794): isAlarmNeedAlign : charging
V/AlarmManager(  794): isAlarmNeedAlign : charging
V/AlarmManager(  794): isAlarmNeedAlign : charging
V/AlarmManager(  794): isAlarmNeedAlign : charging
V/AlarmManager(  794): isAlarmNeedAlign : charging
V/AlarmManager(  794): isAlarmNeedAlign : charging
V/AlarmManager(  794): isAlarmNeedAlign : charging
V/AlarmManager(  794): isAlarmNeedAlign : charging
V/AlarmManager(  794): isAlarmNeedAlign : charging
V/AlarmManager(  794): isAlarmNeedAlign : charging
V/AlarmManager(  794): isAlarmNeedAlign : charging
V/AlarmManager(  794): isAlarmNeedAlign : charging
V/AlarmManager(  794): isAlarmNeedAlign : charging
V/AlarmManager(  794): isAlarmNeedAlign : charging
V/AlarmManager(  794): isAlarmNeedAlign : charging
V/AlarmManager(  794): isAlarmNeedAlign : charging
V/AlarmManager(  794): isAlarmNeedAlign : charging
V/AlarmManager(  794): isAlarmNeedAlign : charging
V/AlarmManager(  794): isAlarmNeedAlign : charging
V/AlarmManager(  794): isAlarmNeedAlign : charging
V/AlarmManager(  794): isAlarmNeedAlign : charging
V/AlarmManager(  794): isAlarmNeedAlign : charging
V/AlarmManager(  794): isAlarmNeedAlign : charging
V/AlarmManager(  794): isAlarmNeedAlign : charging
V/AlarmManager(  794): isAlarmNeedAlign : charging
V/AlarmManager(  794): isAlarmNeedAlign : charging
V/AlarmManager(  794): isAlarmNeedAlign : charging
V/AlarmManager(  794): isAlarmNeedAlign : charging
V/AlarmManager(  794): isAlarmNeedAlign : charging
V/AlarmManager(  794): isAlarmNeedAlign : charging
V/AlarmManager(  794): isAlarmNeedAlign : charging
V/AlarmManager(  794): isAlarmNeedAlign : charging
V/AlarmManager(  794): isAlarmNeedAlign : charging
V/AlarmManager(  794): isAlarmNeedAlign : charging
V/AlarmManager(  794): isAlarmNeedAlign : charging
V/AlarmManager(  794): isAlarmNeedAlign : charging
V/AlarmManager(  794): isAlarmNeedAlign : charging
V/AlarmManager(  794): isAlarmNeedAlign : charging
V/AlarmManager(  794): isAlarmNeedAlign : charging
V/AlarmManager(  794): isAlarmNeedAlign : charging
V/AlarmManager(  794): isAlarmNeedAlign : charging
V/AlarmManager(  794): isAlarmNeedAlign : charging
V/AlarmManager(  794): isAlarmNeedAlign : charging
V/AlarmManager(  794): isAlarmNeedAlign : charging
V/AlarmManager(  794): isAlarmNeedAlign : charging
V/AlarmManager(  794): isAlarmNeedAlign : charging
V/AlarmManager(  794): isAlarmNeedAlign : charging
V/AlarmManager(  794): isAlarmNeedAlign : charging
V/AlarmManager(  794): isAlarmNeedAlign : charging
V/AlarmManager(  794): isAlarmNeedAlign : charging
V/AlarmManager(  794): isAlarmNeedAlign : charging
V/AlarmManager(  794): isAlarmNeedAlign : charging
V/AlarmManager(  794): isAlarmNeedAlign : charging
V/AlarmManager(  794): isAlarmNeedAlign : charging
V/AlarmManager(  794): isAlarmNeedAlign : charging
V/AlarmManager(  794): isAlarmNeedAlign : charging
V/AlarmManager(  794): isAlarmNeedAlign : charging
V/AlarmManager(  794): isAlarmNeedAlign : charging
V/AlarmManager(  794): isAlarmNeedAlign : charging
V/AlarmManager(  794): isAlarmNeedAlign : charging
V/AlarmManager(  794): isAlarmNeedAlign : charging
V/AlarmManager(  794): isAlarmNeedAlign : charging
V/ActivityManager(  794): Broadcast: Intent { act=sogou.action.start.record.location.info.for.userinput flg=0x10 cmp=com.sohu.inputmethod.sogou/com.sohu.inputmethod.settings.AutoUpgradeReceiver } ordered=false userid=0 callerApp=ProcessRecord{2b532af3 3928:com.sohu.inputmethod.sogou/u0a70}
I/libPerfService(  794): perfSetFavorPid - pid:3653, e45
D/ActivityThread( 3928): BDC-Calling onReceive: intent=Intent { act=sogou.action.start.record.location.info.for.userinput flg=0x10 cmp=com.sohu.inputmethod.sogou/com.sohu.inputmethod.settings.AutoUpgradeReceiver }, receiver=com.sohu.inputmethod.settings.AutoUpgradeReceiver@1bf6771b
D/ActivityThread( 3928): BDC-RECEIVER handled : 0 / ReceiverData{intent=Intent { act=sogou.action.start.record.location.info.for.userinput flg=0x10 cmp=com.sohu.inputmethod.sogou/com.sohu.inputmethod.settings.AutoUpgradeReceiver } packageName=com.sohu.inputmethod.sogou resultCode=-1 resultData=null resultExtras=null}
I/libPerfService(  794): perfSetFavorPid - pid:3653, e45
I/libPerfService(  794): perfSetFavorPid - pid:3653, e45
I/thermal_repeater(  311): oh, queryMdThermalInfo (0)Bad file number
I/thermal_repeater(  311): [recvMdThermalInfo] ret=25, strLen=127,  1, 32767,,, -1, 32767, 2
V/SettingsInterface( 3632):  from settings cache , name = default_input_method , value = com.sohu.inputmethod.sogou/.SogouIME
V/SettingsInterface( 3632):  from settings cache , name = sms_default_application , value = com.android.mms
V/SettingsInterface( 3632):  from settings cache , name = recent_lock_apps , value = com.tencent.mm;
E/PowerManagerFlyme( 3632): getWakeLockInfo failed: java.lang.NoSuchMethodException: getWakeLockData []
D/AphaMeContentProvider( 1940): query
D/AphaMeContentProvider( 1940): query
D/AphaMeContentProvider( 1940): query
D/AphaMeContentProvider( 1940): query
D/AphaMeContentProvider( 1940): query
D/AphaMeContentProvider( 1940): query
D/AudioService(  794): MzCreateMediaserverWatchdogThread: monitor mediaserver end !!!
D/AudioService(  794): MzCreateMediaserverWatchdogThread: monitor mediaserver start !!!
D/AudioSystem(  794): +setParameters(): mediaserver_monitor=1 
D/AphaMeContentProvider( 1940): query
D/AudioFlinger(  290): setParameters(): io 0, keyvalue mediaserver_monitor=1, calling pid 794
D/AphaMeContentProvider( 1940): query
D/AphaMeContentProvider( 1940): query
D/AphaMeContentProvider( 1940): query
D/AudioALSAHardware(  290): +setParameters(): mediaserver_monitor=1
W/AudioALSAHardware(  290): setParameters(), still have param.size() = 1, remain param = "mediaserver_monitor=1"
D/AudioALSAHardware(  290): -setParameters(): mediaserver_monitor=1 
D/usb_audio_hw(  290): adev_set_parameters: kvpairs = mediaserver_monitor=1
D/AudioSystem(  794): -setParameters(): mediaserver_monitor=1 
D/AphaMeContentProvider( 1940): query
D/AudioPolicyManager(  290): setStreamVolumeIndex stream = 7 index = 15 device = 0x400
D/AphaMeContentProvider( 1940): query
D/AphaMeContentProvider( 1940): query
D/AphaMeContentProvider( 1940): query
D/AphaMeContentProvider( 1940): query
D/AphaMeContentProvider( 1940): query
D/AphaMeContentProvider( 1940): query
D/AphaMeContentProvider( 1940): query
V/SettingsInterface( 3632):  from settings cache , name = default_input_method , value = com.sohu.inputmethod.sogou/.SogouIME
V/SettingsInterface( 3632):  from settings cache , name = sms_default_application , value = com.android.mms
V/SettingsInterface( 3632):  from settings cache , name = recent_lock_apps , value = com.tencent.mm;
D/CSLegacyTypeTracker(  794): getNetworkForType type 0
D/CSLegacyTypeTracker(  794): getNetworkForType type 1
D/CSLegacyTypeTracker(  794): getNetworkForType type 2
D/CSLegacyTypeTracker(  794): getNetworkForType type 3
D/CSLegacyTypeTracker(  794): getNetworkForType type 4
D/CSLegacyTypeTracker(  794): getNetworkForType type 5
D/CSLegacyTypeTracker(  794): getNetworkForType type 7
D/CSLegacyTypeTracker(  794): getNetworkForType type 10
D/CSLegacyTypeTracker(  794): getNetworkForType type 11
D/CSLegacyTypeTracker(  794): getNetworkForType type 12
D/CSLegacyTypeTracker(  794): getNetworkForType type 14
D/CSLegacyTypeTracker(  794): getNetworkForType type 15
D/CSLegacyTypeTracker(  794): getNetworkForType type 17
D/CSLegacyTypeTracker(  794): getNetworkForType type 34
D/CSLegacyTypeTracker(  794): getNetworkForType type 35
D/CSLegacyTypeTracker(  794): getNetworkForType type 36
D/CSLegacyTypeTracker(  794): getNetworkForType type 37
D/CSLegacyTypeTracker(  794): getNetworkForType type 38
D/CSLegacyTypeTracker(  794): getNetworkForType type 40
D/CSLegacyTypeTracker(  794): getNetworkForType type 41
D/CSLegacyTypeTracker(  794): getNetworkForType type 49
V/SettingsInterface( 3632):  from settings cache , name = default_input_method , value = com.sohu.inputmethod.sogou/.SogouIME
V/SettingsInterface( 3632):  from settings cache , name = sms_default_application , value = com.android.mms
V/SettingsInterface( 3632):  from settings cache , name = recent_lock_apps , value = com.tencent.mm;
V/SettingsInterface( 3632):  from settings cache , name = location_providers_allowed , value = network,gps
V/SettingsInterface( 3632):  from settings cache , name = location_providers_allowed , value = network,gps
D/LocationUtils( 3632): runningPackages = []
V/SettingsInterface( 3632):  from settings cache , name = default_input_method , value = com.sohu.inputmethod.sogou/.SogouIME
V/SettingsInterface( 3632):  from settings cache , name = sms_default_application , value = com.android.mms
V/SettingsInterface( 3632):  from settings cache , name = recent_lock_apps , value = com.tencent.mm;
E/PowerManagerFlyme( 3632): getWakeLockInfo failed: java.lang.NoSuchMethodException: getWakeLockData []
V/SettingsInterface(  794):  from settings cache , name = com.flyme.netadmin_op_65 , value = null
D/Interception(  794): isAlwaysAllow the calleePkg: com.flyme.netadmin is system application, return true.
D/Environment(  794): getStorageVolume,  volume:StorageVolume:
D/Environment(  794):     mStorageId=65537 mPath=/storage/emulated/0 mDescriptionId=17040808 
D/Environment(  794):     mPrimary=true mRemovable=false mEmulated=true mMtpReserveSpace=10 
D/Environment(  794):     mAllowMassStorage=false mMaxFileSize=0 mOwner=UserHandle{0} mUuid=null 
D/Environment(  794):     mUserLabel=null mState=mounted 
I/ActivityManager(  794): Start proc 3973:com.flyme.netadmin/1000 for service com.flyme.netadmin/.service.NetAdminSecureService
I/ActivityManager(  794): [Background Service Priority Adjustment] Process.setProcessGroup to Process.THREAD_GROUP_BG_NONINTERACTIVE, app.pid: 3973
W/Zygote  ( 3973): MzIsRooted false
I/libPerfService(  794): perfSetFavorPid - pid:3653, e45
D/ActivityManager(  794): getContentProviderImpl: from caller=android.app.ApplicationThreadProxy@347183b0 (pid=3973, userId=0) to get content provider settings cpr=ContentProviderRecord{2baee7ce u0 com.android.providers.settings/.SettingsProvider}
D/ActivityManager(  794): getContentProviderImpl: updateLruProcessLocked cpr.proc=ProcessRecord{154fb8b4 794:system/1000}
D/ActivityThread( 3973): hoder:android.app.IActivityManager$ContentProviderHolder@6b59c5f,provider,holder.Provider:android.content.ContentProviderProxy@172b6ac
D/Proxy   ( 3973): setHttpRequestCheckHandler
W/MzGslbSdk( 3973): init gslb manager: 1.0.1
D/MzTelephonyManager( 3973): mImei: 866962025333562
D/MzTelephonyManager( 3973): getDeviceId imei: 866962025333562
D/SanityUtil( 3973): pkgName:[com.flyme.netadmin]uid: [1000]android version:[22]
D/SanityUtil( 3973): check permission
D/SanityUtil( 3973): check proguard ok
D/SanityUtil( 3973): has READ_PHONE_STATE permission
D/OpenSSLLib( 3973): OpensslErr:Module:13(114:155); file:external/openssl/crypto/asn1/asn1_lib.c ;Line:145;Function:ASN1_get_object
D/OpenSSLLib( 3973): OpensslErr:Module:13(114:155); file:external/openssl/crypto/asn1/asn1_lib.c ;Line:145;Function:ASN1_get_object
W/ContextImpl( 3973): Calling a method in the system process without a qualified user: android.app.ContextImpl.startService:1863 android.content.ContextWrapper.startService:516 tmsdk.common.TMSDKContext.start:-1 tmsdk.common.TMSDKContext.init:-1 com.flyme.netadmin.NetAdminApplication.onCreate:-1 
D/MPlugin ( 3973): createInstance(): Begin = 9852911
D/MPlugin ( 3973): create Instance (two parameters) with : com.mediatek.common.telephony.IOnlyOwnerSimSupport
D/MPlugin ( 3973): Clazz exists on mapping table : false
E/MPlugin ( 3973): Unsupported class: com.mediatek.common.telephony.IOnlyOwnerSimSupport
D/MPlugin ( 3973): createInstance(): End = 9852912
V/SettingsInterface( 1681):  from settings cache , name = multi_sim_voice_call , value = 5
D/OpenSSLLib( 3973): OpensslErr:Module:13(114:155); file:external/openssl/crypto/asn1/asn1_lib.c ;Line:145;Function:ASN1_get_object
D/OpenSSLLib( 3973): OpensslErr:Module:13(114:155); file:external/openssl/crypto/asn1/asn1_lib.c ;Line:145;Function:ASN1_get_object
D/OpenSSLLib( 3973): OpensslErr:Module:13(114:155); file:external/openssl/crypto/asn1/asn1_lib.c ;Line:145;Function:ASN1_get_object
D/OpenSSLLib( 3973): OpensslErr:Module:13(114:155); file:external/openssl/crypto/asn1/asn1_lib.c ;Line:145;Function:ASN1_get_object
D/NetAdmin: ( 3973): NetAdminApplication : TMSDK init spend =335 and init : true
D/ActivityThread( 3973): BIND_APPLICATION handled : 0 / AppBindData{appInfo=ApplicationInfo{3b32f174 com.flyme.netadmin}}
D/OpenSSLLib( 3973): OpensslErr:Module:13(114:155); file:external/openssl/crypto/asn1/asn1_lib.c ;Line:145;Function:ASN1_get_object
D/ActivityThread( 3973): SVC-Creating service: CreateServiceData{token=android.os.BinderProxy@2dfa569d className=com.flyme.netadmin.service.NetAdminSecureService packageName=com.flyme.netadmin intent=null}
D/ActivityThread( 3973): SVC-CREATE_SERVICE handled : 0 / CreateServiceData{token=android.os.BinderProxy@2dfa569d className=com.flyme.netadmin.service.NetAdminSecureService packageName=com.flyme.netadmin intent=null}
D/ActivityThread( 3973): SVC-Calling onStartCommand: com.flyme.netadmin.service.NetAdminSecureService@3468e712, flags=0, startId=24
D/ActivityThread( 3973): SVC-SERVICE_ARGS handled : 0 / ServiceArgsData{token=android.os.BinderProxy@2dfa569d startId=24 args=null}
D/ActivityThread( 3973): SVC-Calling onStartCommand: com.flyme.netadmin.service.NetAdminSecureService@3468e712, flags=0, startId=25
D/ActivityThread( 3973): SVC-SERVICE_ARGS handled : 0 / ServiceArgsData{token=android.os.BinderProxy@2dfa569d startId=25 args=Intent { cmp=com.flyme.netadmin/.service.NetAdminSecureService }}
D/OpenSSLLib( 3973): OpensslErr:Module:13(114:155); file:external/openssl/crypto/asn1/asn1_lib.c ;Line:145;Function:ASN1_get_object
D/CSLegacyTypeTracker(  794): getNetworkForType type 1
D/CSLegacyTypeTracker(  794): getNetworkForType type 0
D/OpenSSLLib( 3973): OpensslErr:Module:13(114:155); file:external/openssl/crypto/asn1/asn1_lib.c ;Line:145;Function:ASN1_get_object
D/OpenSSLLib( 3973): OpensslErr:Module:13(114:155); file:external/openssl/crypto/asn1/asn1_lib.c ;Line:145;Function:ASN1_get_object
D/OpenSSLLib( 3973): OpensslErr:Module:13(114:155); file:external/openssl/crypto/asn1/asn1_lib.c ;Line:145;Function:ASN1_get_object
D/OpenSSLLib( 3973): OpensslErr:Module:13(114:155); file:external/openssl/crypto/asn1/asn1_lib.c ;Line:145;Function:ASN1_get_object
I/thermal_repeater(  311): oh, queryMdThermalInfo (0)Bad file number
I/thermal_repeater(  311): [recvMdThermalInfo] ret=25, strLen=127,  1, 32767,,, -1, 32767, 2
V/SettingsInterface( 3632):  from settings cache , name = default_input_method , value = com.sohu.inputmethod.sogou/.SogouIME
V/SettingsInterface( 3632):  from settings cache , name = sms_default_application , value = com.android.mms
V/SettingsInterface( 3632):  from settings cache , name = recent_lock_apps , value = com.tencent.mm;
E/PowerManagerFlyme( 3632): getWakeLockInfo failed: java.lang.NoSuchMethodException: getWakeLockData []
D/AphaMeContentProvider( 1940): query
D/AphaMeContentProvider( 1940): query
D/AphaMeContentProvider( 1940): query
D/AphaMeContentProvider( 1940): query
D/AphaMeContentProvider( 1940): query
D/AphaMeContentProvider( 1940): query
I/art     ( 1940): Explicit concurrent mark sweep GC freed 6998(324KB) AllocSpace objects, 0(0B) LOS objects, 16% free, 20MB/24MB, paused 3.219ms total 73.611ms
D/AphaMeContentProvider( 1940): query
D/AphaMeContentProvider( 1940): query
D/AphaMeContentProvider( 1940): query
D/AphaMeContentProvider( 1940): query
D/AphaMeContentProvider( 1940): query
D/AphaMeContentProvider( 1940): query
D/AphaMeContentProvider( 1940): query
D/AphaMeContentProvider( 1940): query
D/AphaMeContentProvider( 1940): query
D/AphaMeContentProvider( 1940): query
D/AphaMeContentProvider( 1940): query
D/AphaMeContentProvider( 1940): query
V/SettingsInterface( 3632):  from settings cache , name = default_input_method , value = com.sohu.inputmethod.sogou/.SogouIME
V/SettingsInterface( 3632):  from settings cache , name = sms_default_application , value = com.android.mms
V/SettingsInterface( 3632):  from settings cache , name = recent_lock_apps , value = com.tencent.mm;
D/CSLegacyTypeTracker(  794): getNetworkForType type 0
D/CSLegacyTypeTracker(  794): getNetworkForType type 1
D/CSLegacyTypeTracker(  794): getNetworkForType type 2
D/CSLegacyTypeTracker(  794): getNetworkForType type 3
D/CSLegacyTypeTracker(  794): getNetworkForType type 4
D/CSLegacyTypeTracker(  794): getNetworkForType type 5
D/CSLegacyTypeTracker(  794): getNetworkForType type 7
D/CSLegacyTypeTracker(  794): getNetworkForType type 10
D/CSLegacyTypeTracker(  794): getNetworkForType type 11
D/CSLegacyTypeTracker(  794): getNetworkForType type 12
D/CSLegacyTypeTracker(  794): getNetworkForType type 14
D/CSLegacyTypeTracker(  794): getNetworkForType type 15
D/CSLegacyTypeTracker(  794): getNetworkForType type 17
D/CSLegacyTypeTracker(  794): getNetworkForType type 34
D/CSLegacyTypeTracker(  794): getNetworkForType type 35
D/CSLegacyTypeTracker(  794): getNetworkForType type 36
D/CSLegacyTypeTracker(  794): getNetworkForType type 37
D/CSLegacyTypeTracker(  794): getNetworkForType type 38
D/CSLegacyTypeTracker(  794): getNetworkForType type 40
D/CSLegacyTypeTracker(  794): getNetworkForType type 41
D/CSLegacyTypeTracker(  794): getNetworkForType type 49
V/SettingsInterface( 3632):  from settings cache , name = default_input_method , value = com.sohu.inputmethod.sogou/.SogouIME
V/SettingsInterface( 3632):  from settings cache , name = sms_default_application , value = com.android.mms
V/SettingsInterface( 3632):  from settings cache , name = recent_lock_apps , value = com.tencent.mm;
V/SettingsInterface( 3632):  from settings cache , name = location_providers_allowed , value = network,gps
V/SettingsInterface( 3632):  from settings cache , name = location_providers_allowed , value = network,gps
D/LocationUtils( 3632): runningPackages = []
V/SettingsInterface( 3632):  from settings cache , name = default_input_method , value = com.sohu.inputmethod.sogou/.SogouIME
V/SettingsInterface( 3632):  from settings cache , name = sms_default_application , value = com.android.mms
V/SettingsInterface( 3632):  from settings cache , name = recent_lock_apps , value = com.tencent.mm;
E/PowerManagerFlyme( 3632): getWakeLockInfo failed: java.lang.NoSuchMethodException: getWakeLockData []
I/art     (  794): Explicit concurrent mark sweep GC freed 13026(744KB) AllocSpace objects, 0(0B) LOS objects, 9% free, 36MB/40MB, paused 3.229ms total 115.377ms
D/ActivityThread(  794): LOW_MEMORY handled : 0 / null
D/BatteryService(  794): mBatteryVoltage=4339, batteryLevel=50
V/ActivityManager(  794): Broadcast sticky: Intent { act=android.intent.action.BATTERY_CHANGED flg=0x60000010 (has extras) } ordered=false userid=-1 callerApp=null
D/KeyguardUpdateMonitor(  997): received broadcast android.intent.action.BATTERY_CHANGED
D/FlymeBatteryMeterView(  997): hashCode=290987105,level=99,pluggedIn=true,status=2
D/FlymeBatteryMeterView(  997): hashCode=625557653,level=99,pluggedIn=true,status=2
D/FlymeBatteryMeterView(  997): hashCode=277852426,level=99,pluggedIn=true,status=2
D/FlymeBatteryMeterView(  997): hashCode=598285543,level=99,pluggedIn=true,status=2
I/KeyguardUpdateMonitor(  997): handleBatteryUpdate index=0 updateInteresting=false
D/PowerBroadcastCenter( 3632): receive intent: android.intent.action.BATTERY_CHANGED
D/UsbDeviceManager(  794): onReceive - BATTERY_CHANGED - mPlugType: 2, mSettingUsbCharging: false, mConnected: true, mSettingUsbBicr: false
D/AlarmAlignManager(  794): I got broadcast:android.intent.action.BATTERY_CHANGED
D/WifiService(  794): onReceive, action:android.intent.action.BATTERY_CHANGED
D/WifiController(  794): ApStaDisabledState{ when=0 what=155652 arg1=2 target=com.android.internal.util.StateMachine$SmHandler }
D/WifiController(  794): DefaultState{ when=0 what=155652 arg1=2 target=com.android.internal.util.StateMachine$SmHandler }
D/PowerCutOffAwakenAppManager( 3632): receive intent: android.intent.action.BATTERY_CHANGED
D/PowerExceptionManager( 3632): is isPlugged
D/PowerExceptionManager( 3632): is isPlugged
I/libPerfService(  794): perfDumpAll
I/libPerfService(  794): perfDumpAll - type:6, core:0, big:0, little:0, freq:0, freq_big:0, freq_little:0, gpu:-1
I/BufferQueueProducer(  255): [StatusBar](this:0x7f9b80c000,id:8,api:1,p:997,c:255) queueBuffer: fps=0.10 dur=10019.09 max=10019.09 min=10019.09
D/Surface (  997): Surface::setBuffersDimensions(this=0x7f9b21c400,w=1080,h=75)
I/SurfaceFlinger(  255): [Built-in Screen (type:0)] fps:0.099817,dur:10018.38,max:10018.38,min:10018.38
I/thermal_repeater(  311): oh, queryMdThermalInfo (0)Bad file number
I/thermal_repeater(  311): [recvMdThermalInfo] ret=25, strLen=127,  1, 32767,,, -1, 32767, 2
D/AudioService(  794): MzCreateMediaserverWatchdogThread: monitor mediaserver end !!!
D/AudioService(  794): MzCreateMediaserverWatchdogThread: monitor mediaserver start !!!
D/AudioSystem(  794): +setParameters(): mediaserver_monitor=1 
D/AudioFlinger(  290): setParameters(): io 0, keyvalue mediaserver_monitor=1, calling pid 794
D/AudioALSAHardware(  290): +setParameters(): mediaserver_monitor=1
W/AudioALSAHardware(  290): setParameters(), still have param.size() = 1, remain param = "mediaserver_monitor=1"
D/AudioALSAHardware(  290): -setParameters(): mediaserver_monitor=1 
D/usb_audio_hw(  290): adev_set_parameters: kvpairs = mediaserver_monitor=1
D/AudioSystem(  794): -setParameters(): mediaserver_monitor=1 
D/AudioPolicyManager(  290): setStreamVolumeIndex stream = 7 index = 15 device = 0x400
V/SettingsInterface( 3632):  from settings cache , name = default_input_method , value = com.sohu.inputmethod.sogou/.SogouIME
V/SettingsInterface( 3632):  from settings cache , name = sms_default_application , value = com.android.mms
V/SettingsInterface( 3632):  from settings cache , name = recent_lock_apps , value = com.tencent.mm;
E/PowerManagerFlyme( 3632): getWakeLockInfo failed: java.lang.NoSuchMethodException: getWakeLockData []
D/AphaMeContentProvider( 1940): query
D/AphaMeContentProvider( 1940): query
D/AphaMeContentProvider( 1940): query
D/AphaMeContentProvider( 1940): query
D/AphaMeContentProvider( 1940): query
D/AphaMeContentProvider( 1940): query
D/AphaMeContentProvider( 1940): query
D/AphaMeContentProvider( 1940): query
D/AphaMeContentProvider( 1940): query
D/AphaMeContentProvider( 1940): query
D/AphaMeContentProvider( 1940): query
D/AphaMeContentProvider( 1940): query
D/AphaMeContentProvider( 1940): query
D/AphaMeContentProvider( 1940): query
D/AphaMeContentProvider( 1940): query
D/AphaMeContentProvider( 1940): query
D/AphaMeContentProvider( 1940): query
D/AphaMeContentProvider( 1940): query
V/SettingsInterface( 3632):  from settings cache , name = default_input_method , value = com.sohu.inputmethod.sogou/.SogouIME
V/SettingsInterface( 3632):  from settings cache , name = sms_default_application , value = com.android.mms
V/SettingsInterface( 3632):  from settings cache , name = recent_lock_apps , value = com.tencent.mm;
D/CSLegacyTypeTracker(  794): getNetworkForType type 0
D/CSLegacyTypeTracker(  794): getNetworkForType type 1
D/CSLegacyTypeTracker(  794): getNetworkForType type 2
D/CSLegacyTypeTracker(  794): getNetworkForType type 3
D/CSLegacyTypeTracker(  794): getNetworkForType type 4
D/CSLegacyTypeTracker(  794): getNetworkForType type 5
D/CSLegacyTypeTracker(  794): getNetworkForType type 7
D/CSLegacyTypeTracker(  794): getNetworkForType type 10
D/CSLegacyTypeTracker(  794): getNetworkForType type 11
D/CSLegacyTypeTracker(  794): getNetworkForType type 12
D/CSLegacyTypeTracker(  794): getNetworkForType type 14
D/CSLegacyTypeTracker(  794): getNetworkForType type 15
D/CSLegacyTypeTracker(  794): getNetworkForType type 17
D/CSLegacyTypeTracker(  794): getNetworkForType type 34
D/CSLegacyTypeTracker(  794): getNetworkForType type 35
D/CSLegacyTypeTracker(  794): getNetworkForType type 36
D/CSLegacyTypeTracker(  794): getNetworkForType type 37
D/CSLegacyTypeTracker(  794): getNetworkForType type 38
D/CSLegacyTypeTracker(  794): getNetworkForType type 40
D/CSLegacyTypeTracker(  794): getNetworkForType type 41
D/CSLegacyTypeTracker(  794): getNetworkForType type 49
V/SettingsInterface( 3632):  from settings cache , name = default_input_method , value = com.sohu.inputmethod.sogou/.SogouIME
V/SettingsInterface( 3632):  from settings cache , name = sms_default_application , value = com.android.mms
V/SettingsInterface( 3632):  from settings cache , name = recent_lock_apps , value = com.tencent.mm;
V/SettingsInterface( 3632):  from settings cache , name = location_providers_allowed , value = network,gps
V/SettingsInterface( 3632):  from settings cache , name = location_providers_allowed , value = network,gps
D/LocationUtils( 3632): runningPackages = []
V/SettingsInterface( 3632):  from settings cache , name = default_input_method , value = com.sohu.inputmethod.sogou/.SogouIME
V/SettingsInterface( 3632):  from settings cache , name = sms_default_application , value = com.android.mms
V/SettingsInterface( 3632):  from settings cache , name = recent_lock_apps , value = com.tencent.mm;
E/PowerManagerFlyme( 3632): getWakeLockInfo failed: java.lang.NoSuchMethodException: getWakeLockData []
V/SettingsInterface(  794):  from settings cache , name = com.meizu.account_op_65 , value = null
D/Interception(  794): isAlwaysAllow the calleePkg: com.meizu.account is system application, return true.
D/Environment(  794): getStorageVolume,  volume:StorageVolume:
D/Environment(  794):     mStorageId=65537 mPath=/storage/emulated/0 mDescriptionId=17040808 
D/Environment(  794):     mPrimary=true mRemovable=false mEmulated=true mMtpReserveSpace=10 
D/Environment(  794):     mAllowMassStorage=false mMaxFileSize=0 mOwner=UserHandle{0} mUuid=null 
D/Environment(  794):     mUserLabel=null mState=mounted 
I/ActivityManager(  794): Start proc 4019:com.meizu.account/u0a125 for service com.meizu.account/.service.MeizuAccountService
I/ActivityManager(  794): [Background Service Priority Adjustment] Process.setProcessGroup to Process.THREAD_GROUP_BG_NONINTERACTIVE, app.pid: 4019
W/Zygote  ( 4019): MzIsRooted false
I/libPerfService(  794): perfSetFavorPid - pid:3653, e45
D/ActivityManager(  794): getContentProviderImpl: from caller=android.app.ApplicationThreadProxy@2e59de3f (pid=4019, userId=0) to get content provider settings cpr=ContentProviderRecord{2baee7ce u0 com.android.providers.settings/.SettingsProvider}
D/ActivityManager(  794): getContentProviderImpl: updateLruProcessLocked cpr.proc=ProcessRecord{154fb8b4 794:system/1000}
D/ActivityThread( 4019): hoder:android.app.IActivityManager$ContentProviderHolder@6b59c5f,provider,holder.Provider:android.content.ContentProviderProxy@172b6ac
D/Proxy   ( 4019): setHttpRequestCheckHandler
E/System  ( 4019): stat file error, path is /system/app/MzAccount/lib/arm64, exception is android.system.ErrnoException: stat failed: ENOENT (No such file or directory)
D/ActivityThread( 4019): installProvider: context.getPackageName()=com.meizu.account
D/ActivityThread( 4019): installProvider: context.getPackageName()=com.meizu.account
D/ActivityThread( 4019): installProvider: context.getPackageName()=com.meizu.account
D/ActivityThread( 4019): installProvider: context.getPackageName()=com.meizu.account
D/NotificationHelper( 4019): [showNotLoginNotification] login = false, flymeaccount = true
D/ActivityThread( 4019): BIND_APPLICATION handled : 0 / AppBindData{appInfo=ApplicationInfo{32da082d com.meizu.account}}
D/ActivityThread( 4019): SVC-Creating service: CreateServiceData{token=android.os.BinderProxy@15216162 className=com.meizu.account.service.MeizuAccountService packageName=com.meizu.account intent=null}
E/MeizuAccountService( 4019): [start] version = 5.7.2
D/UserInfoManager( 4019): Get instance:null
D/ActivityThread( 4019): SVC-CREATE_SERVICE handled : 0 / CreateServiceData{token=android.os.BinderProxy@15216162 className=com.meizu.account.service.MeizuAccountService packageName=com.meizu.account intent=null}
D/ActivityThread( 4019): SVC-Calling onStartCommand: com.meizu.account.service.MeizuAccountService@3725fbb0, flags=0, startId=13
D/ActivityThread( 4019): SVC-SERVICE_ARGS handled : 0 / ServiceArgsData{token=android.os.BinderProxy@15216162 startId=13 args=null}
V/SettingsInterface( 4019):  from settings cache , name = enable_sip_log , value = null
D/DeviceInfoManager( 4019): onNetworkChange
D/DeviceInfoManager( 4019): isSystemVersionChange: cacheversion = 5.1-1471933644_beta, systemversion = 5.1-1471933644_beta
D/MPlugin ( 4019): createInstance(): Begin = 9862745
D/MPlugin ( 4019): create Instance (two parameters) with : com.mediatek.common.telephony.IOnlyOwnerSimSupport
D/MPlugin ( 4019): Clazz exists on mapping table : false
E/MPlugin ( 4019): Unsupported class: com.mediatek.common.telephony.IOnlyOwnerSimSupport
D/MPlugin ( 4019): createInstance(): End = 9862745
V/SettingsInterface( 1681):  from settings cache , name = multi_sim_voice_call , value = 5
D/DeviceInfo( 4019): [getSimState] simState = 5
V/SettingsInterface( 1681):  from settings cache , name = multi_sim_voice_call , value = 5
D/DeviceInfoManager( 4019): isSimChange: cacheIMSI = 460017299223282, imsi = 460017299223282
V/SettingsInterface( 1681):  from settings cache , name = multi_sim_voice_call , value = 5
D/DeviceInfo( 4019): [getSimState] simState = 5
V/SettingsInterface( 4019):  from settings cache , name = enable_sip_log , value = null
I/System.out( 4019): AsyncExecImpl : add task, s = 1
D/CalendarInviteManager( 4019): start HandleDbInvate
D/DisplayPowerController(  794): requestPowerState: policy=BRIGHT, useProximitySensor=false, screenBrightness=158, screenAutoBrightnessAdjustment=0.0, useAutoBrightness=false, blockScreenOn=false, lowPowerMode=false, boostScreenBrightness=false, dozeScreenBrightness=-1, useSettingBrightness=false, buttonBrightness=145, dozeScreenState=UNKNOWN, waitForNegativeProximity=false
D/PowerManagerNotifier(  794): onWakeLockAcquired: flags=1, tag="MzAccountSyncLock", packageName=com.meizu.account, ownerUid=10125, ownerPid=4019, workSource=null
W/MzAccountSyncLock( 4019): lock power = 1
D/WifiManager( 4019): Enter init, sThreadRefCount:0
D/WifiService(  794): getWifiServiceMessenger, pid:4019, uid:10125
D/WifiManager( 4019): Create WifiManager handlerthread
D/WifiService(  794): New client listening to asynchronous messages
D/CalendarInviteManager( 4019): end HandleDbInvate
D/PowerManagerNotifier(  794): onWakeLockReleased: flags=1, tag="MzAccountSyncLock", packageName=com.meizu.account, ownerUid=10125, ownerPid=4019, workSource=null
D/DisplayPowerController(  794): requestPowerState: policy=BRIGHT, useProximitySensor=false, screenBrightness=158, screenAutoBrightnessAdjustment=0.0, useAutoBrightness=false, blockScreenOn=false, lowPowerMode=false, boostScreenBrightness=false, dozeScreenBrightness=-1, useSettingBrightness=false, buttonBrightness=145, dozeScreenState=UNKNOWN, waitForNegativeProximity=false
W/MzAccountSyncLock( 4019): release power = 0
I/System.out( 4019): AsyncExecImpl : rem task, s = 0
I/thermal_repeater(  311): oh, queryMdThermalInfo (0)Bad file number
I/thermal_repeater(  311): [recvMdThermalInfo] ret=25, strLen=127,  1, 32767,,, -1, 32767, 2
D/WifiManager( 3973): Enter init, sThreadRefCount:0
D/WifiService(  794): getWifiServiceMessenger, pid:3973, uid:1000
D/WifiManager( 3973): Create WifiManager handlerthread
D/WifiService(  794): New client listening to asynchronous messages
V/SettingsInterface( 1681):  from settings cache , name = multi_sim_voice_call , value = 5
D/OpenSSLLib( 3973): OpensslErr:Module:13(114:155); file:external/openssl/crypto/asn1/asn1_lib.c ;Line:145;Function:ASN1_get_object
W/System.err( 3973): tmsdk.common.exception.NetWorkException: no connecition!
W/System.err( 3973): 	at tmsdkobf.ic.b(Unknown Source)
W/System.err( 3973): 	at tmsdkobf.pz.a(Unknown Source)
W/System.err( 3973): 	at tmsdkobf.pz.a(Unknown Source)
W/System.err( 3973): 	at tmsdkobf.pz.a(Unknown Source)
W/System.err( 3973): 	at tmsdkobf.qa.a(Unknown Source)
W/System.err( 3973): 	at tmsdkobf.ll.fG(Unknown Source)
W/System.err( 3973): 	at tmsdkobf.it.run(Unknown Source)
W/System.err( 3973): 	at tmsdkobf.kl.run(Unknown Source)
W/System.err( 3973): 	at java.util.concurrent.ThreadPoolExecutor.runWorker(ThreadPoolExecutor.java:1112)
W/System.err( 3973): 	at java.util.concurrent.ThreadPoolExecutor$Worker.run(ThreadPoolExecutor.java:587)
W/System.err( 3973): 	at java.lang.Thread.run(Thread.java:818)
V/SettingsInterface( 3632):  from settings cache , name = default_input_method , value = com.sohu.inputmethod.sogou/.SogouIME
V/SettingsInterface( 3632):  from settings cache , name = sms_default_application , value = com.android.mms
V/SettingsInterface( 3632):  from settings cache , name = recent_lock_apps , value = com.tencent.mm;
E/PowerManagerFlyme( 3632): getWakeLockInfo failed: java.lang.NoSuchMethodException: getWakeLockData []
D/AphaMeContentProvider( 1940): query
D/AphaMeContentProvider( 1940): query
D/AphaMeContentProvider( 1940): query
D/AphaMeContentProvider( 1940): query
D/AphaMeContentProvider( 1940): query
D/AphaMeContentProvider( 1940): query
D/AphaMeContentProvider( 1940): query
D/AphaMeContentProvider( 1940): query
D/AphaMeContentProvider( 1940): query
D/AphaMeContentProvider( 1940): query
D/AphaMeContentProvider( 1940): query
D/AphaMeContentProvider( 1940): query
D/AphaMeContentProvider( 1940): query
D/AphaMeContentProvider( 1940): query
D/AphaMeContentProvider( 1940): query
D/AphaMeContentProvider( 1940): query
D/AphaMeContentProvider( 1940): query
D/AphaMeContentProvider( 1940): query
V/SettingsInterface( 3632):  from settings cache , name = default_input_method , value = com.sohu.inputmethod.sogou/.SogouIME
V/SettingsInterface( 3632):  from settings cache , name = sms_default_application , value = com.android.mms
V/SettingsInterface( 3632):  from settings cache , name = recent_lock_apps , value = com.tencent.mm;
D/CSLegacyTypeTracker(  794): getNetworkForType type 0
D/CSLegacyTypeTracker(  794): getNetworkForType type 1
D/CSLegacyTypeTracker(  794): getNetworkForType type 2
D/CSLegacyTypeTracker(  794): getNetworkForType type 3
D/CSLegacyTypeTracker(  794): getNetworkForType type 4
D/CSLegacyTypeTracker(  794): getNetworkForType type 5
D/CSLegacyTypeTracker(  794): getNetworkForType type 7
D/CSLegacyTypeTracker(  794): getNetworkForType type 10
D/CSLegacyTypeTracker(  794): getNetworkForType type 11
D/CSLegacyTypeTracker(  794): getNetworkForType type 12
D/CSLegacyTypeTracker(  794): getNetworkForType type 14
D/CSLegacyTypeTracker(  794): getNetworkForType type 15
D/CSLegacyTypeTracker(  794): getNetworkForType type 17
D/CSLegacyTypeTracker(  794): getNetworkForType type 34
D/CSLegacyTypeTracker(  794): getNetworkForType type 35
D/CSLegacyTypeTracker(  794): getNetworkForType type 36
D/CSLegacyTypeTracker(  794): getNetworkForType type 37
D/CSLegacyTypeTracker(  794): getNetworkForType type 38
D/CSLegacyTypeTracker(  794): getNetworkForType type 40
D/CSLegacyTypeTracker(  794): getNetworkForType type 41
D/CSLegacyTypeTracker(  794): getNetworkForType type 49
V/SettingsInterface( 3632):  from settings cache , name = default_input_method , value = com.sohu.inputmethod.sogou/.SogouIME
V/SettingsInterface( 3632):  from settings cache , name = sms_default_application , value = com.android.mms
V/SettingsInterface( 3632):  from settings cache , name = recent_lock_apps , value = com.tencent.mm;
V/SettingsInterface( 3632):  from settings cache , name = location_providers_allowed , value = network,gps
V/SettingsInterface( 3632):  from settings cache , name = location_providers_allowed , value = network,gps
D/LocationUtils( 3632): runningPackages = []
V/SettingsInterface( 3632):  from settings cache , name = default_input_method , value = com.sohu.inputmethod.sogou/.SogouIME
V/SettingsInterface( 3632):  from settings cache , name = sms_default_application , value = com.android.mms
V/SettingsInterface( 3632):  from settings cache , name = recent_lock_apps , value = com.tencent.mm;
E/PowerManagerFlyme( 3632): getWakeLockInfo failed: java.lang.NoSuchMethodException: getWakeLockData []
D/DeviceInfoManager( 4019): onSimChanged
I/art     (  997): Explicit concurrent mark sweep GC freed 2269(165KB) AllocSpace objects, 1(7MB) LOS objects, 2% free, 131MB/135MB, paused 1.660ms total 69.095ms
D/ActivityThread(  997): LOW_MEMORY handled : 0 / null
V/SettingsInterface( 1681):  from settings cache , name = multi_sim_voice_call , value = 5
D/DeviceInfo( 4019): [getSimState] simState = 5
V/SettingsInterface( 1681):  from settings cache , name = multi_sim_voice_call , value = 5
D/DeviceInfoManager( 4019): isSimChange: cacheIMSI = 460017299223282, imsi = 460017299223282
I/thermal_repeater(  311): oh, queryMdThermalInfo (0)Bad file number
I/thermal_repeater(  311): [recvMdThermalInfo] ret=25, strLen=127,  1, 32767,,, -1, 32767, 2
D/AudioService(  794): MzCreateMediaserverWatchdogThread: monitor mediaserver end !!!
D/AudioService(  794): MzCreateMediaserverWatchdogThread: monitor mediaserver start !!!
D/AudioSystem(  794): +setParameters(): mediaserver_monitor=1 
D/AudioFlinger(  290): setParameters(): io 0, keyvalue mediaserver_monitor=1, calling pid 794
D/AudioALSAHardware(  290): +setParameters(): mediaserver_monitor=1
W/AudioALSAHardware(  290): setParameters(), still have param.size() = 1, remain param = "mediaserver_monitor=1"
D/AudioALSAHardware(  290): -setParameters(): mediaserver_monitor=1 
D/usb_audio_hw(  290): adev_set_parameters: kvpairs = mediaserver_monitor=1
D/AudioSystem(  794): -setParameters(): mediaserver_monitor=1 
D/AudioPolicyManager(  290): setStreamVolumeIndex stream = 7 index = 15 device = 0x400
V/SettingsInterface(  794):  from settings cache , name = sys_free_storage_log_interval , value = null
V/SettingsInterface(  794):  from settings cache , name = disk_free_change_reporting_threshold , value = null
D/AlarmManager(  794): set alarm to RTC 3-17802903-09:56:46
D/AlarmManager(  794): sending alarm Alarm{29489a10 type 3 when 09:55:00 start 09:55:00 end 09:55:00 android}and operation:android.intent.action.TIME_TICK
V/ActivityManager(  794): Broadcast: Intent { act=android.intent.action.TIME_TICK flg=0x50000114 (has extras) } ordered=true userid=-1 callerApp=null
V/AlarmManager(  794): Received TIME_TICK alarm; rescheduling
V/AlarmManager(  794): isAlarmNeedAlign : charging
D/DisplayPowerController(  794): requestPowerState: policy=BRIGHT, useProximitySensor=false, screenBrightness=158, screenAutoBrightnessAdjustment=0.0, useAutoBrightness=false, blockScreenOn=false, lowPowerMode=false, boostScreenBrightness=false, dozeScreenBrightness=-1, useSettingBrightness=false, buttonBrightness=145, dozeScreenState=UNKNOWN, waitForNegativeProximity=false
D/PowerManagerNotifier(  794): onWakeLockAcquired: flags=1073741825, tag="*alarm*", packageName=android, ownerUid=1000, ownerPid=794, workSource=WorkSource{1000}
D/AlarmManager(  794): set alarm to RTC 3-17756213-09:56:00
D/ActivityThread(  794): BDC-Calling finishReceiver: IIntentReceiver=2dd6642e
I/libPerfService(  794): perfSetFavorPid - pid:3653, e45
D/KeyguardUpdateMonitor(  997): received broadcast android.intent.action.TIME_TICK
D/ActivityThread(  997): BDC-Calling finishReceiver: IIntentReceiver=29408f04
D/KeyguardUpdateMonitor(  997): handleTimeUpdate
I/libPerfService(  794): perfSetFavorPid - pid:3653, e45
V/SettingsInterface(  997):  from settings cache , name = time_12_24 , value = 24
V/SettingsInterface(  997):  from settings cache , name = time_12_24 , value = 24
V/SettingsInterface(  997):  from settings cache , name = time_12_24 , value = 24
D/ActivityThread(  997): BDC-Calling finishReceiver: IIntentReceiver=2502ecf9
I/libPerfService(  794): perfSetFavorPid - pid:3653, e45
I/libPerfService(  794): perfDumpAll
I/libPerfService(  794): perfDumpAll - type:6, core:0, big:0, little:0, freq:0, freq_big:0, freq_little:0, gpu:-1
I/BufferQueueProducer(  255): [StatusBar](this:0x7f9b80c000,id:8,api:1,p:997,c:255) queueBuffer: fps=0.08 dur=12575.78 max=12575.78 min=12575.78
D/Surface (  997): Surface::setBuffersDimensions(this=0x7f9b21c400,w=1080,h=75)
D/ActivityThread(  997): BDC-Calling finishReceiver: IIntentReceiver=2808f43e
I/libPerfService(  794): perfSetFavorPid - pid:3653, e45
I/SurfaceFlinger(  255): [Built-in Screen (type:0)] fps:0.079524,dur:12574.77,max:12574.77,min:12574.77
D/ActivityThread(  997): BDC-Calling finishReceiver: IIntentReceiver=945d06d
I/libPerfService(  794): perfSetFavorPid - pid:3653, e45
D/ActivityThread(  997): BDC-Calling finishReceiver: IIntentReceiver=1c383adc
I/libPerfService(  794): perfSetFavorPid - pid:3653, e45
D/ActivityThread(  997): BDC-Calling finishReceiver: IIntentReceiver=a86f2a2
I/libPerfService(  794): perfSetFavorPid - pid:3653, e45
I/libPerfService(  794): perfSetFavorPid - pid:3653, e45
D/PowerManagerNotifier(  794): onWakeLockReleased: flags=1073741825, tag="*alarm*", packageName=android, ownerUid=1000, ownerPid=794, workSource=WorkSource{1000}
D/DisplayPowerController(  794): requestPowerState: policy=BRIGHT, useProximitySensor=false, screenBrightness=158, screenAutoBrightnessAdjustment=0.0, useAutoBrightness=false, blockScreenOn=false, lowPowerMode=false, boostScreenBrightness=false, dozeScreenBrightness=-1, useSettingBrightness=false, buttonBrightness=145, dozeScreenState=UNKNOWN, waitForNegativeProximity=false
W/Watchdog(  794): SWT Watchdog after wait current time:9872799
D/AES     (  794): AEEIOCTL_GET/SET_SF_STATE IOCTL,cmd= 1074294797, lParam=0. 
W/Watchdog(  794): **Get SF Time **1
D/AES     (  794): AEEIOCTL_RT_MON_Kick IOCTL,cmd= -2147192822, lParam=300. 
W/Watchdog(  794): SWT Watchdog before synchronized:9872800
W/Watchdog(  794): SWT Watchdog after synchronized:9872800
W/Watchdog(  794): SWT Watchdog before wait timeout:30000
W/Watchdog(  794): SWT Watchdog before wait current time:9872800
W/Watchdog(  794): SWT Watchdog before wait start:9872800
W/Watchdog(  794): SWT Watchdog before wait CHECK_INTERVAL:30000
D/InputReader(  794): InputReader::monitor: lock
D/InputReader(  794): InputReader::monitor: wait 
D/InputReader(  794): InputReader::monitor: unlock
D/InputReader(  794): InputReader::monitor: done
D/savePowerManager( 3632): initCloseList wifiSet = [] mobileSet = [] mCloseWifiList = [] mCloseAppMobileList = []
I/thermal_repeater(  311): oh, queryMdThermalInfo (0)Bad file number
I/thermal_repeater(  311): [recvMdThermalInfo] ret=25, strLen=127,  1, 32767,,, -1, 32767, 2
