D/ActivityThread( 2582): BDC-Calling onReceive: intent=Intent { act=android.intent.action.USER_PRESENT flg=0x24000010 cmp=com.meizu.flyme.weather/.WeatherWidgetProvider }, receiver=com.meizu.flyme.weather.WeatherWidgetProvider@32da082d
D/ActivityThread( 3356): SVC-SERVICE_ARGS handled : 0 / ServiceArgsData{token=android.os.BinderProxy@26973dd6 startId=1 args=Intent { cmp=com.meizu.net.search/.hotword.HotWordService (has extras) }}
D/ActivityThread( 2582): BDC-RECEIVER handled : 0 / ReceiverData{intent=Intent { act=android.intent.action.USER_PRESENT flg=0x24000010 cmp=com.meizu.flyme.weather/.WeatherWidgetProvider } packageName=com.meizu.flyme.weather resultCode=0 resultData=null resultExtras=null}
D/ActivityThread( 2582): BDC-Calling onReceive: intent=Intent { act=android.intent.action.USER_PRESENT flg=0x24000010 cmp=com.meizu.flyme.weather/.WeatherWidgetNoSearchProvider }, receiver=com.meizu.flyme.weather.WeatherWidgetNoSearchProvider@15216162
D/ActivityThread( 2582): BDC-RECEIVER handled : 0 / ReceiverData{intent=Intent { act=android.intent.action.USER_PRESENT flg=0x24000010 cmp=com.meizu.flyme.weather/.WeatherWidgetNoSearchProvider } packageName=com.meizu.flyme.weather resultCode=0 resultData=null resultExtras=null}
D/ActivityThread( 2582): BDC-Calling onReceive: intent=Intent { act=android.intent.action.USER_PRESENT flg=0x24000010 cmp=com.meizu.flyme.weather/.WeatherWidgetTimeProvider }, receiver=com.meizu.flyme.weather.WeatherWidgetTimeProvider@1eae82f3
W/BroadcastQueue(  794): Permission Denial: broadcasting Intent { act=android.intent.action.USER_PRESENT flg=0x24000010 } from com.android.systemui (pid=997, uid=10104) requires com.edooon.gps.permission.JPUSH_MESSAGE due to receiver com.edooon.gps/cn.jpush.android.service.PushReceiver
D/ActivityThread( 2582): BDC-RECEIVER handled : 0 / ReceiverData{intent=Intent { act=android.intent.action.USER_PRESENT flg=0x24000010 cmp=com.meizu.flyme.weather/.WeatherWidgetTimeProvider } packageName=com.meizu.flyme.weather resultCode=0 resultData=null resultExtras=null}
D/ActivityThread( 3356): SVC-Destroying service: com.meizu.net.search.hotword.HotWordService@2cc0b857
D/ActivityThread( 3356): SVC-STOP_SERVICE handled : 0 / android.os.BinderProxy@26973dd6
W/ActivityManager(  794): getRunningAppProcesses: caller 10128 does not hold REAL_GET_TASKS; limiting output
D/ActivityThread( 2528): SVC-Destroying service: com.meizu.flyme.service.find.SimChangeHandleService@b47b0e0
D/ActivityThread( 2528): SVC-STOP_SERVICE handled : 0 / android.os.BinderProxy@10fe0ee3
D/FrameworkListener(  285): dispatchCommand data = (getaddrinfo infocenter.meizu.com ^ 1024 0 1 0 0)
V/ActivityManager(  794): Broadcast sticky: Intent { act=android.intent.action.SIG_STR flg=0x20000010 (has extras) } ordered=false userid=-1 callerApp=ProcessRecord{154fb8b4 794:system/1000}
I/thermal_repeater(  311): oh, queryMdThermalInfo (0)Bad file number
I/thermal_repeater(  311): [recvMdThermalInfo] ret=25, strLen=127,  1, 32767,,, -1, 32767, 2
D/CSLegacyTypeTracker(  794): getNetworkForType type 0
D/CSLegacyTypeTracker(  794): getNetworkForType type 1
D/CSLegacyTypeTracker(  794): getNetworkForType type 2
D/CSLegacyTypeTracker(  794): getNetworkForType type 3
D/CSLegacyTypeTracker(  794): getNetworkForType type 4
D/CSLegacyTypeTracker(  794): getNetworkForType type 5
D/CSLegacyTypeTracker(  794): getNetworkForType type 7
D/CSLegacyTypeTracker(  794): getNetworkForType type 10
D/CSLegacyTypeTracker(  794): getNetworkForType type 11
D/CSLegacyTypeTracker(  794): getNetworkForType type 12
D/CSLegacyTypeTracker(  794): getNetworkForType type 14
D/CSLegacyTypeTracker(  794): getNetworkForType type 15
D/CSLegacyTypeTracker(  794): getNetworkForType type 17
D/CSLegacyTypeTracker(  794): getNetworkForType type 34
D/CSLegacyTypeTracker(  794): getNetworkForType type 35
D/CSLegacyTypeTracker(  794): getNetworkForType type 36
D/CSLegacyTypeTracker(  794): getNetworkForType type 37
D/CSLegacyTypeTracker(  794): getNetworkForType type 38
D/CSLegacyTypeTracker(  794): getNetworkForType type 40
D/CSLegacyTypeTracker(  794): getNetworkForType type 41
D/CSLegacyTypeTracker(  794): getNetworkForType type 49
D/DisplayPowerController(  794): requestPowerState: policy=BRIGHT, useProximitySensor=false, screenBrightness=158, screenAutoBrightnessAdjustment=0.0, useAutoBrightness=false, blockScreenOn=false, lowPowerMode=false, boostScreenBrightness=false, dozeScreenBrightness=-1, useSettingBrightness=false, buttonBrightness=145, dozeScreenState=UNKNOWN, waitForNegativeProximity=false
D/PowerManagerNotifier(  794): onWakeLockAcquired: flags=1, tag="RILJ", packageName=com.android.phone, ownerUid=1001, ownerPid=1681, workSource=null
D/DisplayPowerController(  794): requestPowerState: policy=BRIGHT, useProximitySensor=false, screenBrightness=158, screenAutoBrightnessAdjustment=0.0, useAutoBrightness=false, blockScreenOn=false, lowPowerMode=false, boostScreenBrightness=false, dozeScreenBrightness=-1, useSettingBrightness=false, buttonBrightness=145, dozeScreenState=UNKNOWN, waitForNegativeProximity=false
D/DisplayPowerController(  794): requestPowerState: policy=BRIGHT, useProximitySensor=false, screenBrightness=158, screenAutoBrightnessAdjustment=0.0, useAutoBrightness=false, blockScreenOn=false, lowPowerMode=false, boostScreenBrightness=false, dozeScreenBrightness=-1, useSettingBrightness=false, buttonBrightness=145, dozeScreenState=UNKNOWN, waitForNegativeProximity=false
D/DisplayPowerController(  794): requestPowerState: policy=BRIGHT, useProximitySensor=false, screenBrightness=158, screenAutoBrightnessAdjustment=0.0, useAutoBrightness=false, blockScreenOn=false, lowPowerMode=false, boostScreenBrightness=false, dozeScreenBrightness=-1, useSettingBrightness=false, buttonBrightness=145, dozeScreenState=UNKNOWN, waitForNegativeProximity=false
D/PowerManagerNotifier(  794): onWakeLockReleased: flags=1, tag="RILJ", packageName=com.android.phone, ownerUid=1001, ownerPid=1681, workSource=null
D/DisplayPowerController(  794): requestPowerState: policy=BRIGHT, useProximitySensor=false, screenBrightness=158, screenAutoBrightnessAdjustment=0.0, useAutoBrightness=false, blockScreenOn=false, lowPowerMode=false, boostScreenBrightness=false, dozeScreenBrightness=-1, useSettingBrightness=false, buttonBrightness=145, dozeScreenState=UNKNOWN, waitForNegativeProximity=false
V/ActivityManager(  794): Broadcast sticky: Intent { act=android.intent.action.SERVICE_STATE flg=0x10 (has extras) } ordered=false userid=-1 callerApp=ProcessRecord{154fb8b4 794:system/1000}
D/LocationManagerService(  794): NetworkStateReceiver intent=Intent { act=android.intent.action.SERVICE_STATE flg=0x10 (has extras) }
D/LocationManagerService(  794): ACTION_SERVICE_STATE_CHANGED state = 0
D/LocationManagerService(  794): doTelephonyServiceStateChanged intent=Intent { act=android.intent.action.SERVICE_STATE flg=0x10 (has extras) } operatornumber=46001,46000 mcc=460
D/ActivityThread( 2473): BDC-Calling onReceive: intent=Intent { act=android.intent.action.SERVICE_STATE flg=0x10 cmp=com.android.mms/.transaction.MmsSystemEventReceiver (has extras) }, receiver=com.android.mms.transaction.MmsSystemEventReceiver@2d2765b7
W/ActivityManager(  794): getRunningAppProcesses: caller 10128 does not hold REAL_GET_TASKS; limiting output
D/ActivityThread( 2528): BDC-Calling onReceive: intent=Intent { act=android.intent.action.SERVICE_STATE flg=0x10 cmp=com.meizu.flyme.service.find/.receiver.SimChangedReceiver (has extras) }, receiver=com.meizu.flyme.service.find.receiver.SimChangedReceiver@c26fb0c
D/ActivityThread( 2528): BDC-RECEIVER handled : 0 / ReceiverData{intent=Intent { act=android.intent.action.SERVICE_STATE flg=0x10 cmp=com.meizu.flyme.service.find/.receiver.SimChangedReceiver (has extras) } packageName=com.meizu.flyme.service.find resultCode=0 resultData=null resultExtras=null}
D/ActivityThread( 2528): SVC-Creating service: CreateServiceData{token=android.os.BinderProxy@45ebc55 className=com.meizu.flyme.service.find.SimChangeHandleService packageName=com.meizu.flyme.service.find intent=null}
D/ActivityThread( 2528): SVC-CREATE_SERVICE handled : 0 / CreateServiceData{token=android.os.BinderProxy@45ebc55 className=com.meizu.flyme.service.find.SimChangeHandleService packageName=com.meizu.flyme.service.find intent=null}
D/ActivityThread( 2528): SVC-SERVICE_ARGS handled : 0 / ServiceArgsData{token=android.os.BinderProxy@45ebc55 startId=1 args=Intent { cmp=com.meizu.flyme.service.find/.SimChangeHandleService }}
D/ActivityThread( 2473): BDC-RECEIVER handled : 0 / ReceiverData{intent=Intent { act=android.intent.action.SERVICE_STATE flg=0x10 cmp=com.android.mms/.transaction.MmsSystemEventReceiver (has extras) } packageName=com.android.mms resultCode=-1 resultData=null resultExtras=null}
I/thermal_repeater(  311): oh, queryMdThermalInfo (0)Bad file number
I/thermal_repeater(  311): [recvMdThermalInfo] ret=25, strLen=127,  1, 32767,,, -1, 32767, 2
D/CSLegacyTypeTracker(  794): getNetworkForType type 0
D/CSLegacyTypeTracker(  794): getNetworkForType type 1
D/CSLegacyTypeTracker(  794): getNetworkForType type 2
D/CSLegacyTypeTracker(  794): getNetworkForType type 3
D/CSLegacyTypeTracker(  794): getNetworkForType type 4
D/CSLegacyTypeTracker(  794): getNetworkForType type 5
D/CSLegacyTypeTracker(  794): getNetworkForType type 7
D/CSLegacyTypeTracker(  794): getNetworkForType type 10
D/CSLegacyTypeTracker(  794): getNetworkForType type 11
D/CSLegacyTypeTracker(  794): getNetworkForType type 12
D/CSLegacyTypeTracker(  794): getNetworkForType type 14
D/CSLegacyTypeTracker(  794): getNetworkForType type 15
D/CSLegacyTypeTracker(  794): getNetworkForType type 17
D/CSLegacyTypeTracker(  794): getNetworkForType type 34
D/CSLegacyTypeTracker(  794): getNetworkForType type 35
D/CSLegacyTypeTracker(  794): getNetworkForType type 36
D/CSLegacyTypeTracker(  794): getNetworkForType type 37
D/CSLegacyTypeTracker(  794): getNetworkForType type 38
D/CSLegacyTypeTracker(  794): getNetworkForType type 40
D/CSLegacyTypeTracker(  794): getNetworkForType type 41
D/CSLegacyTypeTracker(  794): getNetworkForType type 49
V/ActivityManager(  794): Broadcast sticky: Intent { act=android.intent.action.SIG_STR flg=0x20000010 (has extras) } ordered=false userid=-1 callerApp=ProcessRecord{154fb8b4 794:system/1000}
D/ActivityThread( 2528): SVC-Destroying service: com.meizu.flyme.service.find.SimChangeHandleService@3876466a
D/ActivityThread( 2528): SVC-STOP_SERVICE handled : 0 / android.os.BinderProxy@45ebc55
V/ActivityManager(  794): Broadcast sticky: Intent { act=android.intent.action.SIG_STR flg=0x20000010 (has extras) } ordered=false userid=-1 callerApp=ProcessRecord{154fb8b4 794:system/1000}
I/thermal_repeater(  311): oh, queryMdThermalInfo (0)Bad file number
I/thermal_repeater(  311): [recvMdThermalInfo] ret=25, strLen=127,  1, 32767,,, -1, 32767, 2
D/CSLegacyTypeTracker(  794): getNetworkForType type 0
D/CSLegacyTypeTracker(  794): getNetworkForType type 1
D/CSLegacyTypeTracker(  794): getNetworkForType type 2
D/CSLegacyTypeTracker(  794): getNetworkForType type 3
D/CSLegacyTypeTracker(  794): getNetworkForType type 4
D/CSLegacyTypeTracker(  794): getNetworkForType type 5
D/CSLegacyTypeTracker(  794): getNetworkForType type 7
D/CSLegacyTypeTracker(  794): getNetworkForType type 10
D/CSLegacyTypeTracker(  794): getNetworkForType type 11
D/CSLegacyTypeTracker(  794): getNetworkForType type 12
D/CSLegacyTypeTracker(  794): getNetworkForType type 14
D/CSLegacyTypeTracker(  794): getNetworkForType type 15
D/CSLegacyTypeTracker(  794): getNetworkForType type 17
D/CSLegacyTypeTracker(  794): getNetworkForType type 34
D/CSLegacyTypeTracker(  794): getNetworkForType type 35
D/CSLegacyTypeTracker(  794): getNetworkForType type 36
D/CSLegacyTypeTracker(  794): getNetworkForType type 37
D/CSLegacyTypeTracker(  794): getNetworkForType type 38
D/CSLegacyTypeTracker(  794): getNetworkForType type 40
D/CSLegacyTypeTracker(  794): getNetworkForType type 41
D/CSLegacyTypeTracker(  794): getNetworkForType type 49
D/DisplayPowerController(  794): requestPowerState: policy=BRIGHT, useProximitySensor=false, screenBrightness=158, screenAutoBrightnessAdjustment=0.0, useAutoBrightness=false, blockScreenOn=false, lowPowerMode=false, boostScreenBrightness=false, dozeScreenBrightness=-1, useSettingBrightness=false, buttonBrightness=145, dozeScreenState=UNKNOWN, waitForNegativeProximity=false
D/PowerManagerNotifier(  794): onWakeLockAcquired: flags=1, tag="NetworkStats", packageName=android, ownerUid=1000, ownerPid=794, workSource=null
V/NetworkStats(  794): performPollLocked(flags=0x3)
D/NetdConnector(  794): SND -> {259 bandwidth gettetherstats}
D/FrameworkListener(  285): dispatchCommand data = (259 bandwidth gettetherstats)
D/SocketClient(  285): SocketClient sendData done: 200 259 Tethering stats list completed
D/NetdConnector(  794): RCV <- {200 259 Tethering stats list completed}
D/NetdConnector(  794): RMV <- {200 259 Tethering stats list completed}
W/NetworkStatsRecorder(  794): unknown interfaces [ccmni0, lo], ignoring those stats
W/NetworkStatsRecorder(  794): unknown interfaces [ccmni0, lo], ignoring those stats
W/NetworkStatsRecorder(  794): unknown interfaces [ccmni0, lo], ignoring those stats
W/NetworkStatsRecorder(  794): unknown interfaces [ccmni0, lo], ignoring those stats
V/NetworkStats(  794): performPollLocked() took 16ms
V/ActivityManager(  794): Broadcast: Intent { act=com.android.server.action.NETWORK_STATS_UPDATED flg=0x40000010 } ordered=false userid=-1 callerApp=ProcessRecord{154fb8b4 794:system/1000}
V/NetworkPolicy(  794): updateNetworkEnabledLocked()
V/NetworkPolicy(  794):  checking policy:NetworkPolicy[NetworkTemplate: matchRule=MOBILE_ALL, subscriberId=460008..., matchSubscriberIds=[460008...]]: cycleDay=4, cycleTimezone=Asia/Shanghai, warningBytes=2147483648, limitBytes=-1, lastWarningSnooze=-1, lastLimitSnooze=-1, metered=true, inferred=true
V/NetworkPolicy(  794): setPolicyDataEnableForSubscriber:subId(2),true
V/NetworkPolicy(  794):  checking policy:NetworkPolicy[NetworkTemplate: matchRule=MOBILE_ALL, subscriberId=460022..., matchSubscriberIds=[460022...]]: cycleDay=1, cycleTimezone=Asia/Shanghai, warningBytes=-1, limitBytes=-1, lastWarningSnooze=-1, lastLimitSnooze=-1, metered=true, inferred=false
D/PowerManagerNotifier(  794): onWakeLockReleased: flags=1, tag="NetworkStats", packageName=android, ownerUid=1000, ownerPid=794, workSource=null
V/NetworkPolicy(  794):  checking policy:NetworkPolicy[NetworkTemplate: matchRule=MOBILE_ALL, subscriberId=460011..., matchSubscriberIds=[460011...]]: cycleDay=30, cycleTimezone=Asia/Shanghai, warningBytes=104857600, limitBytes=-1, lastWarningSnooze=-1, lastLimitSnooze=-1, metered=true, inferred=true
D/DisplayPowerController(  794): requestPowerState: policy=BRIGHT, useProximitySensor=false, screenBrightness=158, screenAutoBrightnessAdjustment=0.0, useAutoBrightness=false, blockScreenOn=false, lowPowerMode=false, boostScreenBrightness=false, dozeScreenBrightness=-1, useSettingBrightness=false, buttonBrightness=145, dozeScreenState=UNKNOWN, waitForNegativeProximity=false
V/NetworkPolicy(  794):  checking policy:NetworkPolicy[NetworkTemplate: matchRule=WIFI, matchSubscriberIds=[null], networkId="MX4"]: cycleDay=-1, cycleTimezone=UTC, warningBytes=-1, limitBytes=-1, lastWarningSnooze=-1, lastLimitSnooze=-1, metered=true, inferred=true
V/NetworkPolicy(  794):  checking policy:NetworkPolicy[NetworkTemplate: matchRule=WIFI, matchSubscriberIds=[null], networkId="小米"]: cycleDay=-1, cycleTimezone=UTC, warningBytes=-1, limitBytes=-1, lastWarningSnooze=-1, lastLimitSnooze=-1, metered=true, inferred=true
V/NetworkPolicy(  794):  checking policy:NetworkPolicy[NetworkTemplate: matchRule=MOBILE_ALL, matchSubscriberIds=[null]]: cycleDay=30, cycleTimezone=Asia/Shanghai, warningBytes=104857600, limitBytes=-1, lastWarningSnooze=-1, lastLimitSnooze=-1, metered=true, inferred=true
V/NetworkPolicy(  794):  checking policy:NetworkPolicy[NetworkTemplate: matchRule=MOBILE_ALL, subscriberId=460017..., matchSubscriberIds=[460017...]]: cycleDay=1, cycleTimezone=Asia/Shanghai, warningBytes=-1, limitBytes=-1, lastWarningSnooze=-1, lastLimitSnooze=1469052716035, metered=true, inferred=false
V/NetworkPolicy(  794): updateNotificationsLocked()
D/DisplayPowerController(  794): requestPowerState: policy=BRIGHT, useProximitySensor=false, screenBrightness=158, screenAutoBrightnessAdjustment=0.0, useAutoBrightness=false, blockScreenOn=false, lowPowerMode=false, boostScreenBrightness=false, dozeScreenBrightness=-1, useSettingBrightness=false, buttonBrightness=145, dozeScreenState=UNKNOWN, waitForNegativeProximity=false
D/PowerManagerNotifier(  794): onWakeLockAcquired: flags=1, tag="NetworkStats", packageName=android, ownerUid=1000, ownerPid=794, workSource=null
V/NetworkStats(  794): performPollLocked(flags=0x3)
D/NetdConnector(  794): SND -> {260 bandwidth gettetherstats}
D/FrameworkListener(  285): dispatchCommand data = (260 bandwidth gettetherstats)
D/SocketClient(  285): SocketClient sendData done: 200 260 Tethering stats list completed
D/NetdConnector(  794): RCV <- {200 260 Tethering stats list completed}
D/NetdConnector(  794): RMV <- {200 260 Tethering stats list completed}
W/NetworkStatsRecorder(  794): unknown interfaces [ccmni0, lo], ignoring those stats
W/NetworkStatsRecorder(  794): unknown interfaces [ccmni0, lo], ignoring those stats
W/NetworkStatsRecorder(  794): unknown interfaces [ccmni0, lo], ignoring those stats
W/NetworkStatsRecorder(  794): unknown interfaces [ccmni0, lo], ignoring those stats
V/NetworkStats(  794): performPollLocked() took 6ms
V/ActivityManager(  794): Broadcast: Intent { act=com.android.server.action.NETWORK_STATS_UPDATED flg=0x40000010 } ordered=false userid=-1 callerApp=ProcessRecord{154fb8b4 794:system/1000}
V/NetworkPolicy(  794): updateNetworkEnabledLocked()
V/NetworkPolicy(  794):  checking policy:NetworkPolicy[NetworkTemplate: matchRule=MOBILE_ALL, subscriberId=460008..., matchSubscriberIds=[460008...]]: cycleDay=4, cycleTimezone=Asia/Shanghai, warningBytes=2147483648, limitBytes=-1, lastWarningSnooze=-1, lastLimitSnooze=-1, metered=true, inferred=true
V/NetworkPolicy(  794): setPolicyDataEnableForSubscriber:subId(2),true
V/NetworkPolicy(  794):  checking policy:NetworkPolicy[NetworkTemplate: matchRule=MOBILE_ALL, subscriberId=460022..., matchSubscriberIds=[460022...]]: cycleDay=1, cycleTimezone=Asia/Shanghai, warningBytes=-1, limitBytes=-1, lastWarningSnooze=-1, lastLimitSnooze=-1, metered=true, inferred=false
V/NetworkPolicy(  794):  checking policy:NetworkPolicy[NetworkTemplate: matchRule=MOBILE_ALL, subscriberId=460011..., matchSubscriberIds=[460011...]]: cycleDay=30, cycleTimezone=Asia/Shanghai, warningBytes=104857600, limitBytes=-1, lastWarningSnooze=-1, lastLimitSnooze=-1, metered=true, inferred=true
V/NetworkPolicy(  794):  checking policy:NetworkPolicy[NetworkTemplate: matchRule=WIFI, matchSubscriberIds=[null], networkId="MX4"]: cycleDay=-1, cycleTimezone=UTC, warningBytes=-1, limitBytes=-1, lastWarningSnooze=-1, lastLimitSnooze=-1, metered=true, inferred=true
V/NetworkPolicy(  794):  checking policy:NetworkPolicy[NetworkTemplate: matchRule=WIFI, matchSubscriberIds=[null], networkId="小米"]: cycleDay=-1, cycleTimezone=UTC, warningBytes=-1, limitBytes=-1, lastWarningSnooze=-1, lastLimitSnooze=-1, metered=true, inferred=true
V/NetworkPolicy(  794):  checking policy:NetworkPolicy[NetworkTemplate: matchRule=MOBILE_ALL, matchSubscriberIds=[null]]: cycleDay=30, cycleTimezone=Asia/Shanghai, warningBytes=104857600, limitBytes=-1, lastWarningSnooze=-1, lastLimitSnooze=-1, metered=true, inferred=true
D/PowerManagerNotifier(  794): onWakeLockReleased: flags=1, tag="NetworkStats", packageName=android, ownerUid=1000, ownerPid=794, workSource=null
D/DisplayPowerController(  794): requestPowerState: policy=BRIGHT, useProximitySensor=false, screenBrightness=158, screenAutoBrightnessAdjustment=0.0, useAutoBrightness=false, blockScreenOn=false, lowPowerMode=false, boostScreenBrightness=false, dozeScreenBrightness=-1, useSettingBrightness=false, buttonBrightness=145, dozeScreenState=UNKNOWN, waitForNegativeProximity=false
V/NetworkPolicy(  794):  checking policy:NetworkPolicy[NetworkTemplate: matchRule=MOBILE_ALL, subscriberId=460017..., matchSubscriberIds=[460017...]]: cycleDay=1, cycleTimezone=Asia/Shanghai, warningBytes=-1, limitBytes=-1, lastWarningSnooze=-1, lastLimitSnooze=1469052716035, metered=true, inferred=false
V/NetworkPolicy(  794): updateNotificationsLocked()
I/thermal_repeater(  311): oh, queryMdThermalInfo (0)Bad file number
I/thermal_repeater(  311): [recvMdThermalInfo] ret=25, strLen=127,  1, 32767,,, -1, 32767, 2
I/ActivityManager(  794): Force stopping com.vrseen.ArCamera appid=10150 user=0: from pid 3417
V/ActivityManager(  794): Broadcast: Intent { act=android.intent.action.PACKAGE_RESTARTED dat=package:com.vrseen.ArCamera flg=0x10 (has extras) } ordered=false userid=0 callerApp=null
V/ActivityManager(  794): Broadcast sticky: Intent { act=android.intent.action.SIG_STR flg=0x20000010 (has extras) } ordered=false userid=-1 callerApp=ProcessRecord{154fb8b4 794:system/1000}
I/ActivityManager(  794): START u0 {act=android.intent.action.MAIN cat=[android.intent.category.LAUNCHER] flg=0x10000000 cmp=com.vrseen.ArCamera/com.vrseen.arcamera.MainActivity} from uid 2000 on display 0 from pid 3435
V/WindowManager(  794): addAppToken: AppWindowToken{afbf79d token=Token{4a27674 ActivityRecord{2520de47 u0 com.vrseen.ArCamera/com.vrseen.arcamera.MainActivity t5329}}} to stack=1 task=5329 at 0
D/DisplayPowerController(  794): requestPowerState: policy=BRIGHT, useProximitySensor=false, screenBrightness=158, screenAutoBrightnessAdjustment=0.0, useAutoBrightness=false, blockScreenOn=false, lowPowerMode=false, boostScreenBrightness=false, dozeScreenBrightness=-1, useSettingBrightness=false, buttonBrightness=145, dozeScreenState=UNKNOWN, waitForNegativeProximity=false
D/PowerManagerNotifier(  794): onWakeLockAcquired: flags=1, tag="ActivityManager-Launch", packageName=android, ownerUid=1000, ownerPid=794, workSource=null
V/WindowManager(  794): Changing focus from Window{35a8e084 u0 com.meizu.flyme.launcher/com.meizu.flyme.launcher.Launcher} to null Callers=com.android.server.wm.WindowManagerService.setFocusedApp:4580 com.android.server.am.ActivityManagerService.setFocusedActivityLocked:2934 com.android.server.am.ActivityStackSupervisor.startActivityUncheckedLocked:2546 com.android.server.am.ActivityStackSupervisor.startActivityLocked:1703 
V/WindowManager(  794): Based on layer: Adding window Window{2ec9a05b u0 Starting com.vrseen.ArCamera} at 3 of 7
I/WindowManager(  794): Losing focus: Window{35a8e084 u0 com.meizu.flyme.launcher/com.meizu.flyme.launcher.Launcher}
D/ActivityThread( 2428): ACT-AM_ON_PAUSE_CALLED ActivityRecord{1eae82f3 token=android.os.BinderProxy@3725fbb0 {com.meizu.flyme.launcher/com.meizu.flyme.launcher.Launcher}}
I/ActivityManager(  794): Start proc 3452:com.vrseen.ArCamera/u0a150 for activity com.vrseen.ArCamera/com.vrseen.arcamera.MainActivity
D/ActivityThread( 2428): ACT-PAUSE_ACTIVITY handled : 1 / android.os.BinderProxy@3725fbb0
V/ActivityThread( 2428): Finishing stop of ActivityRecord{1eae82f3 token=android.os.BinderProxy@3725fbb0 {com.meizu.flyme.launcher/com.meizu.flyme.launcher.Launcher}}: show=true win=com.android.internal.policy.impl.PhoneWindow@194389c8
D/ActivityThread( 2428): ACT-STOP_ACTIVITY_SHOW handled : 0 / android.os.BinderProxy@3725fbb0
V/WindowManager(  794): Rotation changed to 1 from 0, forceApp=0
D/DisplayPowerController(  794): requestPowerState: policy=BRIGHT, useProximitySensor=false, screenBrightness=158, screenAutoBrightnessAdjustment=0.0, useAutoBrightness=false, blockScreenOn=false, lowPowerMode=false, boostScreenBrightness=false, dozeScreenBrightness=-1, useSettingBrightness=false, buttonBrightness=145, dozeScreenState=UNKNOWN, waitForNegativeProximity=false
D/PowerManagerNotifier(  794): onWakeLockAcquired: flags=1, tag="SCREEN_FROZEN", packageName=android, ownerUid=1000, ownerPid=794, workSource=null
I/WindowManager(  794):   FREEZE Surface(name=ScreenshotSurface): CREATE, w = 1080, h = 1920, r=0
I/ActivityManager(  794): haltActivityResuming
D/DisplayManagerService(  794): Delivering display event: displayId=0, event=2
V/ActivityManager(  794): Display changed displayId=0
I/ActivityManager(  794): Config changes=480 {1.0 460mcc1mnc zh_CN ?layoutDir sw360dp w640dp h335dp 480dpi nrml long land finger -keyb/v/h -nav/h s.37}
D/ActivityThread( 2428): ACT-HIDE_WINDOW handled : 0 / android.os.BinderProxy@3725fbb0
D/WindowManager(  794): frank send real intent ...
D/DisplayManagerService(  794): Display 0 hasContent flag changed: hasContent=false, inTraversal=true
W/ContextImpl(  794): Calling a method in the system process without a qualified user: android.app.ContextImpl.sendBroadcast:1474 com.android.internal.policy.impl.PhoneWindowManager$40.run:8395 android.os.Handler.handleCallback:815 android.os.Handler.dispatchMessage:104 android.os.Looper.loop:194 
V/ActivityManager(  794): Broadcast: Intent { act=android.intent.action.CONFIGURATION_CHANGED flg=0x60000010 } ordered=false userid=-1 callerApp=null
V/NetworkStats(  794): setKernelCounterSet uid=10150 set=1
V/ActivityManager(  794): Broadcast: Intent { act=meizu.intent.action.FULLSCREEN_WIN_CHANGED flg=0x10 (has extras) } ordered=false userid=0 callerApp=ProcessRecord{154fb8b4 794:system/1000}
V/NetworkStats(  794): setKernelCounterSet uid=10103 set=0
D/ConnectivityService(  794): onUidRulesChanged(uid=10150, uidRules=0)
D/ConnectivityService(  794): onUidRulesChanged(uid=10103, uidRules=2)
D/DisplayPowerController(  794): requestPowerState: policy=BRIGHT, useProximitySensor=false, screenBrightness=158, screenAutoBrightnessAdjustment=0.0, useAutoBrightness=false, blockScreenOn=false, lowPowerMode=false, boostScreenBrightness=false, dozeScreenBrightness=-1, useSettingBrightness=false, buttonBrightness=0, dozeScreenState=UNKNOWN, waitForNegativeProximity=false
D/DisplayPowerController(  794): Animating brightness: target=1264, rate=1600
D/DisplayPowerController(  794): Display ready!
D/DisplayPowerController(  794): requestPowerState: policy=BRIGHT, useProximitySensor=false, screenBrightness=158, screenAutoBrightnessAdjustment=0.0, useAutoBrightness=false, blockScreenOn=false, lowPowerMode=false, boostScreenBrightness=false, dozeScreenBrightness=-1, useSettingBrightness=false, buttonBrightness=0, dozeScreenState=UNKNOWN, waitForNegativeProximity=false
D/ActivityManager(  794): getContentProviderImpl: from caller=android.app.ApplicationThreadProxy@3c1730f8 (pid=3452, userId=0) to get content provider settings cpr=ContentProviderRecord{2baee7ce u0 com.android.providers.settings/.SettingsProvider}
D/ActivityManager(  794): getContentProviderImpl: updateLruProcessLocked cpr.proc=ProcessRecord{154fb8b4 794:system/1000}
D/ActivityThread( 3452): hoder:android.app.IActivityManager$ContentProviderHolder@6885f75,provider,holder.Provider:android.content.ContentProviderProxy@1ea47b0a
V/ActivityManager(  794): Broadcast: Intent { act=com.android.systemui.ACTION_QUIT_SYSTEMUI flg=0x10 } ordered=false userid=0 callerApp=ProcessRecord{105e4d9f 997:com.android.systemui/u0a104}
D/ActivityThread( 3452): BIND_APPLICATION handled : 0 / AppBindData{appInfo=ApplicationInfo{2f8c7df1 com.vrseen.ArCamera}}
V/ActivityThread( 3452): Handling launch of ActivityRecord{26973dd6 token=android.os.BinderProxy@2cc0b857 {com.vrseen.ArCamera/com.vrseen.arcamera.MainActivity}}
V/ActivityThread( 3452): ActivityRecord{26973dd6 token=android.os.BinderProxy@2cc0b857 {com.vrseen.ArCamera/com.vrseen.arcamera.MainActivity}}: app=android.app.Application@32da082d, appName=com.vrseen.ArCamera, pkg=com.vrseen.ArCamera, comp={com.vrseen.ArCamera/com.vrseen.arcamera.MainActivity}, dir=/data/app/com.vrseen.ArCamera-2/base.apk
D/DisplayPowerController(  794): requestPowerState: policy=BRIGHT, useProximitySensor=false, screenBrightness=158, screenAutoBrightnessAdjustment=0.0, useAutoBrightness=false, blockScreenOn=false, lowPowerMode=false, boostScreenBrightness=false, dozeScreenBrightness=-1, useSettingBrightness=false, buttonBrightness=0, dozeScreenState=UNKNOWN, waitForNegativeProximity=false
D/PowerManagerNotifier(  794): onWakeLockAcquired: flags=1, tag="AudioMix", packageName=media, ownerUid=1013, ownerPid=290, workSource=null
D/ActivityManager(  794): getContentProviderImpl: from caller=android.app.ApplicationThreadProxy@19c45c36 (pid=997, userId=0) to get content provider com.android.contacts cpr=ContentProviderRecord{1477e737 u0 com.android.providers.contacts/.ContactsProvider2}
D/ActivityManager(  794): getContentProviderImpl: updateLruProcessLocked cpr.proc=ProcessRecord{b0a64a4 2501:android.process.acore/u0a3}
D/ActivityThread(  997): hoder:android.app.IActivityManager$ContentProviderHolder@1d0fa2f6,provider,holder.Provider:android.content.ContentProviderProxy@239386f7
D/DisplayManagerService(  794): Display 0 hasContent flag changed: hasContent=true, inTraversal=true
D/CSLegacyTypeTracker(  794): getNetworkForType type 0
D/CSLegacyTypeTracker(  794): getNetworkForType type 1
D/CSLegacyTypeTracker(  794): getNetworkForType type 2
D/CSLegacyTypeTracker(  794): getNetworkForType type 3
D/CSLegacyTypeTracker(  794): getNetworkForType type 4
D/CSLegacyTypeTracker(  794): getNetworkForType type 5
D/CSLegacyTypeTracker(  794): getNetworkForType type 7
D/CSLegacyTypeTracker(  794): getNetworkForType type 10
D/CSLegacyTypeTracker(  794): getNetworkForType type 11
D/CSLegacyTypeTracker(  794): getNetworkForType type 12
D/CSLegacyTypeTracker(  794): getNetworkForType type 14
D/CSLegacyTypeTracker(  794): getNetworkForType type 15
D/CSLegacyTypeTracker(  794): getNetworkForType type 17
D/CSLegacyTypeTracker(  794): getNetworkForType type 34
D/CSLegacyTypeTracker(  794): getNetworkForType type 35
D/CSLegacyTypeTracker(  794): getNetworkForType type 36
D/CSLegacyTypeTracker(  794): getNetworkForType type 37
D/CSLegacyTypeTracker(  794): getNetworkForType type 38
D/CSLegacyTypeTracker(  794): getNetworkForType type 40
D/CSLegacyTypeTracker(  794): getNetworkForType type 41
D/CSLegacyTypeTracker(  794): getNetworkForType type 49
V/ActivityThread( 3452): Performing resume of ActivityRecord{26973dd6 token=android.os.BinderProxy@2cc0b857 {com.vrseen.ArCamera/com.vrseen.arcamera.MainActivity}}
D/ActivityThread( 3452): ACT-AM_ON_RESUME_CALLED ActivityRecord{26973dd6 token=android.os.BinderProxy@2cc0b857 {com.vrseen.ArCamera/com.vrseen.arcamera.MainActivity}}
V/ActivityThread( 3452): Resume ActivityRecord{26973dd6 token=android.os.BinderProxy@2cc0b857 {com.vrseen.ArCamera/com.vrseen.arcamera.MainActivity}} started activity: false, hideForNow: false, finished: false
V/WindowManager(  794): Adding window Window{384e8b1a u0 com.vrseen.ArCamera/com.vrseen.arcamera.MainActivity} at 3 of 8 (before Window{2ec9a05b u0 Starting com.vrseen.ArCamera})
V/ActivityThread( 3452): Resuming ActivityRecord{26973dd6 token=android.os.BinderProxy@2cc0b857 {com.vrseen.ArCamera/com.vrseen.arcamera.MainActivity}} with isForward=false
V/ActivityThread( 3452): Scheduling idle handler for ActivityRecord{26973dd6 token=android.os.BinderProxy@2cc0b857 {com.vrseen.ArCamera/com.vrseen.arcamera.MainActivity}}
D/ActivityThread( 3452): ACT-LAUNCH_ACTIVITY handled : 0 / ActivityRecord{26973dd6 token=android.os.BinderProxy@2cc0b857 {com.vrseen.ArCamera/com.vrseen.arcamera.MainActivity}}
V/WindowManager(  794): Changing focus from null to Window{384e8b1a u0 com.vrseen.ArCamera/com.vrseen.arcamera.MainActivity} Callers=com.android.server.wm.WindowManagerService.relayoutWindow:3693 com.android.server.wm.Session.relayout:203 android.view.IWindowSession$Stub.onTransact:273 com.android.server.wm.Session.onTransact:136 
I/PowerManagerService(  794): acquireWakeLockInternal: lock=12778706, packageName=android, activeSince=9838257ms, wakeLock={SCREEN_BRIGHT_WAKE_LOCK        'WindowManager' ON_AFTER_RELEASE (uid=1000, pid=794, ws=WorkSource{10150})}, sleepTimeout=-1ms, screenOffTimeout=300000ms,screenDimDuration=7000ms
D/DisplayPowerController(  794): requestPowerState: policy=BRIGHT, useProximitySensor=false, screenBrightness=158, screenAutoBrightnessAdjustment=0.0, useAutoBrightness=false, blockScreenOn=false, lowPowerMode=false, boostScreenBrightness=false, dozeScreenBrightness=-1, useSettingBrightness=false, buttonBrightness=0, dozeScreenState=UNKNOWN, waitForNegativeProximity=false
D/PowerManagerNotifier(  794): onWakeLockAcquired: flags=536870922, tag="WindowManager", packageName=android, ownerUid=1000, ownerPid=794, workSource=WorkSource{10150}
I/WindowManager(  794): Gaining focus: Window{384e8b1a u0 com.vrseen.ArCamera/com.vrseen.arcamera.MainActivity}
V/WindowManager(  794): Adding window Window{2634c828 u0 SurfaceView} at 3 of 9 (before Window{384e8b1a u0 com.vrseen.ArCamera/com.vrseen.arcamera.MainActivity})
V/ActivityManager(  794): Broadcast sticky: Intent { act=android.intent.action.SIG_STR flg=0x20000010 (has extras) } ordered=false userid=-1 callerApp=ProcessRecord{154fb8b4 794:system/1000}
V/WindowManager(  794): Layouts looping: On entry to LockedInner, mPendingLayoutChanges = 0x1
V/WindowManager(  794): Layouts looping: loop number 4, mPendingLayoutChanges = 0x0
V/WindowManager(  794): Layouts looping: after finishPostLayoutPolicyLw, mPendingLayoutChanges = 0x0
V/WindowManager(  794): Layouts looping: mLayoutNeeded, mPendingLayoutChanges = 0x1
V/WindowManager(  794): Layouts looping: On entry to LockedInner, mPendingLayoutChanges = 0x1
V/WindowManager(  794): Layouts looping: loop number 5, mPendingLayoutChanges = 0x0
V/WindowManager(  794): Layouts looping: after finishPostLayoutPolicyLw, mPendingLayoutChanges = 0x0
V/WindowManager(  794): Layouts looping: mLayoutNeeded, mPendingLayoutChanges = 0x1
E/WindowManager(  794): Performed 6 layouts in a row. Skipping
D/PowerManagerNotifier(  794): onWakeLockReleased: flags=1, tag="ActivityManager-Launch", packageName=android, ownerUid=1000, ownerPid=794, workSource=null
D/DisplayPowerController(  794): requestPowerState: policy=BRIGHT, useProximitySensor=false, screenBrightness=158, screenAutoBrightnessAdjustment=0.0, useAutoBrightness=false, blockScreenOn=false, lowPowerMode=false, boostScreenBrightness=false, dozeScreenBrightness=-1, useSettingBrightness=false, buttonBrightness=0, dozeScreenState=UNKNOWN, waitForNegativeProximity=false
I/WindowManager(  794): Screen frozen for +1s538ms due to Window{2ec9a05b u0 Starting com.vrseen.ArCamera}
V/WindowManager(  794): Dismiss!
D/PowerManagerNotifier(  794): onWakeLockReleased: flags=1, tag="SCREEN_FROZEN", packageName=android, ownerUid=1000, ownerPid=794, workSource=null
D/DisplayPowerController(  794): requestPowerState: policy=BRIGHT, useProximitySensor=false, screenBrightness=158, screenAutoBrightnessAdjustment=0.0, useAutoBrightness=false, blockScreenOn=false, lowPowerMode=false, boostScreenBrightness=false, dozeScreenBrightness=-1, useSettingBrightness=false, buttonBrightness=0, dozeScreenState=UNKNOWN, waitForNegativeProximity=false
D/DisplayPowerController(  794): requestPowerState: policy=BRIGHT, useProximitySensor=false, screenBrightness=255, screenAutoBrightnessAdjustment=0.0, useAutoBrightness=false, blockScreenOn=false, lowPowerMode=false, boostScreenBrightness=false, dozeScreenBrightness=-1, useSettingBrightness=false, buttonBrightness=0, dozeScreenState=UNKNOWN, waitForNegativeProximity=false
D/DisplayPowerController(  794): Animating brightness: target=2040, rate=1600
D/DisplayPowerController(  794): Unfinished business...
D/DisplayPowerController(  794): Display ready!
D/DisplayPowerController(  794): requestPowerState: policy=BRIGHT, useProximitySensor=false, screenBrightness=255, screenAutoBrightnessAdjustment=0.0, useAutoBrightness=false, blockScreenOn=false, lowPowerMode=false, boostScreenBrightness=false, dozeScreenBrightness=-1, useSettingBrightness=false, buttonBrightness=0, dozeScreenState=UNKNOWN, waitForNegativeProximity=false
D/DisplayPowerState(  794): setScreenBrightness: brightness=1269
D/DisplayPowerState(  794): Requesting new screen state: state=ON, backlight=1269
D/DisplayPowerState(  794): Screen not ready
D/DisplayPowerState(  794): Updating screen state: state=ON, backlight=1269, backlightChanged=true
D/DisplayPowerState(  794): Screen ready
D/DisplayPowerState(  794): setScreenBrightness: brightness=1296
D/DisplayPowerState(  794): Requesting new screen state: state=ON, backlight=1296
D/DisplayPowerState(  794): Screen not ready
D/DisplayPowerState(  794): Updating screen state: state=ON, backlight=1296, backlightChanged=true
D/DisplayPowerState(  794): Screen ready
D/DisplayPowerState(  794): setScreenBrightness: brightness=1322
D/DisplayPowerState(  794): Requesting new screen state: state=ON, backlight=1322
D/DisplayPowerState(  794): Screen not ready
D/DisplayPowerState(  794): Updating screen state: state=ON, backlight=1322, backlightChanged=true
D/DisplayPowerState(  794): Screen ready
D/DisplayPowerState(  794): setScreenBrightness: brightness=1349
D/DisplayPowerState(  794): Requesting new screen state: state=ON, backlight=1349
D/DisplayPowerState(  794): Screen not ready
D/DisplayPowerState(  794): Updating screen state: state=ON, backlight=1349, backlightChanged=true
D/DisplayPowerState(  794): Screen ready
D/DisplayPowerState(  794): setScreenBrightness: brightness=1376
D/DisplayPowerState(  794): Requesting new screen state: state=ON, backlight=1376
D/DisplayPowerState(  794): Screen not ready
D/DisplayPowerState(  794): Updating screen state: state=ON, backlight=1376, backlightChanged=true
D/DisplayPowerState(  794): Screen ready
D/DisplayPowerState(  794): setScreenBrightness: brightness=1402
D/DisplayPowerState(  794): Requesting new screen state: state=ON, backlight=1402
D/DisplayPowerState(  794): Screen not ready
D/DisplayPowerState(  794): Updating screen state: state=ON, backlight=1402, backlightChanged=true
D/DisplayPowerState(  794): Screen ready
D/DisplayPowerState(  794): setScreenBrightness: brightness=1429
D/DisplayPowerState(  794): Requesting new screen state: state=ON, backlight=1429
D/DisplayPowerState(  794): Screen not ready
D/DisplayPowerState(  794): Updating screen state: state=ON, backlight=1429, backlightChanged=true
D/DisplayPowerState(  794): Screen ready
D/DisplayPowerState(  794): setScreenBrightness: brightness=1456
D/DisplayPowerState(  794): Requesting new screen state: state=ON, backlight=1456
D/DisplayPowerState(  794): Screen not ready
D/DisplayPowerState(  794): Updating screen state: state=ON, backlight=1456, backlightChanged=true
D/DisplayPowerState(  794): Screen ready
D/DisplayPowerState(  794): setScreenBrightness: brightness=1482
D/DisplayPowerState(  794): Requesting new screen state: state=ON, backlight=1482
D/DisplayPowerState(  794): Screen not ready
D/DisplayPowerState(  794): Updating screen state: state=ON, backlight=1482, backlightChanged=true
D/DisplayPowerState(  794): Screen ready
D/DisplayPowerState(  794): setScreenBrightness: brightness=1509
D/DisplayPowerState(  794): Requesting new screen state: state=ON, backlight=1509
D/DisplayPowerState(  794): Screen not ready
D/DisplayPowerState(  794): Updating screen state: state=ON, backlight=1509, backlightChanged=true
D/DisplayPowerState(  794): Screen ready
D/DisplayPowerState(  794): setScreenBrightness: brightness=1535
D/DisplayPowerState(  794): Requesting new screen state: state=ON, backlight=1535
D/DisplayPowerState(  794): Screen not ready
D/DisplayPowerState(  794): Updating screen state: state=ON, backlight=1535, backlightChanged=true
D/DisplayPowerState(  794): Screen ready
D/DisplayPowerState(  794): setScreenBrightness: brightness=1562
D/DisplayPowerState(  794): Requesting new screen state: state=ON, backlight=1562
D/DisplayPowerState(  794): Screen not ready
D/DisplayPowerState(  794): Updating screen state: state=ON, backlight=1562, backlightChanged=true
D/DisplayPowerState(  794): Screen ready
D/DisplayPowerState(  794): setScreenBrightness: brightness=1589
D/DisplayPowerState(  794): Requesting new screen state: state=ON, backlight=1589
D/DisplayPowerState(  794): Screen not ready
D/DisplayPowerState(  794): Updating screen state: state=ON, backlight=1589, backlightChanged=true
D/DisplayPowerState(  794): Screen ready
D/DisplayPowerState(  794): setScreenBrightness: brightness=1615
D/DisplayPowerState(  794): Requesting new screen state: state=ON, backlight=1615
D/DisplayPowerState(  794): Screen not ready
D/DisplayPowerState(  794): Updating screen state: state=ON, backlight=1615, backlightChanged=true
D/DisplayPowerState(  794): Screen ready
D/DisplayPowerState(  794): setScreenBrightness: brightness=1642
D/DisplayPowerState(  794): Requesting new screen state: state=ON, backlight=1642
D/DisplayPowerState(  794): Screen not ready
D/DisplayPowerState(  794): Updating screen state: state=ON, backlight=1642, backlightChanged=true
D/DisplayPowerState(  794): Screen ready
D/DisplayPowerState(  794): setScreenBrightness: brightness=1669
D/DisplayPowerState(  794): Requesting new screen state: state=ON, backlight=1669
D/DisplayPowerState(  794): Screen not ready
D/DisplayPowerState(  794): Updating screen state: state=ON, backlight=1669, backlightChanged=true
D/DisplayPowerState(  794): Screen ready
D/DisplayPowerState(  794): setScreenBrightness: brightness=1695
D/DisplayPowerState(  794): Requesting new screen state: state=ON, backlight=1695
D/DisplayPowerState(  794): Screen not ready
D/DisplayPowerState(  794): Updating screen state: state=ON, backlight=1695, backlightChanged=true
D/DisplayPowerState(  794): Screen ready
D/DisplayPowerState(  794): setScreenBrightness: brightness=1722
D/DisplayPowerState(  794): Requesting new screen state: state=ON, backlight=1722
D/DisplayPowerState(  794): Screen not ready
D/DisplayPowerState(  794): Updating screen state: state=ON, backlight=1722, backlightChanged=true
D/DisplayPowerState(  794): Screen ready
D/DisplayPowerState(  794): setScreenBrightness: brightness=1749
D/DisplayPowerState(  794): Requesting new screen state: state=ON, backlight=1749
D/DisplayPowerState(  794): Screen not ready
D/DisplayPowerState(  794): Updating screen state: state=ON, backlight=1749, backlightChanged=true
D/DisplayPowerState(  794): Screen ready
D/DisplayPowerState(  794): setScreenBrightness: brightness=1775
D/DisplayPowerState(  794): Requesting new screen state: state=ON, backlight=1775
D/DisplayPowerState(  794): Screen not ready
D/DisplayPowerState(  794): Updating screen state: state=ON, backlight=1775, backlightChanged=true
D/DisplayPowerState(  794): Screen ready
D/DisplayPowerState(  794): setScreenBrightness: brightness=1802
D/DisplayPowerState(  794): Requesting new screen state: state=ON, backlight=1802
D/DisplayPowerState(  794): Screen not ready
D/DisplayPowerState(  794): Updating screen state: state=ON, backlight=1802, backlightChanged=true
D/DisplayPowerState(  794): Screen ready
D/DisplayPowerState(  794): setScreenBrightness: brightness=1828
D/DisplayPowerState(  794): Requesting new screen state: state=ON, backlight=1828
D/DisplayPowerState(  794): Screen not ready
D/DisplayPowerState(  794): Updating screen state: state=ON, backlight=1828, backlightChanged=true
D/DisplayPowerState(  794): setScreenBrightness: brightness=1855
D/DisplayPowerState(  794): Requesting new screen state: state=ON, backlight=1855
D/DisplayPowerState(  794): Screen not ready
D/DisplayPowerState(  794): Updating screen state: state=ON, backlight=1855, backlightChanged=true
D/DisplayPowerState(  794): Screen ready
D/DisplayPowerState(  794): setScreenBrightness: brightness=1882
D/DisplayPowerState(  794): Requesting new screen state: state=ON, backlight=1882
D/DisplayPowerState(  794): Screen not ready
D/DisplayPowerState(  794): Updating screen state: state=ON, backlight=1882, backlightChanged=true
D/DisplayPowerState(  794): Screen ready
D/DisplayPowerState(  794): setScreenBrightness: brightness=1908
D/DisplayPowerState(  794): Requesting new screen state: state=ON, backlight=1908
D/DisplayPowerState(  794): Screen not ready
D/DisplayPowerState(  794): Updating screen state: state=ON, backlight=1908, backlightChanged=true
D/DisplayPowerState(  794): Screen ready
D/DisplayPowerState(  794): setScreenBrightness: brightness=1935
I/WindowManager(  794):   FREEZE Surface(name=ScreenshotSurface): DESTROY
D/DisplayPowerState(  794): Requesting new screen state: state=ON, backlight=1935
D/DisplayPowerState(  794): Screen not ready
D/DisplayPowerState(  794): Updating screen state: state=ON, backlight=1935, backlightChanged=true
I/ActivityManager(  794): restoreActivityResuming
D/DisplayPowerState(  794): Screen ready
D/DisplayPowerState(  794): setScreenBrightness: brightness=1962
D/DisplayPowerState(  794): Requesting new screen state: state=ON, backlight=1962
D/DisplayPowerState(  794): Screen not ready
D/DisplayPowerState(  794): Updating screen state: state=ON, backlight=1962, backlightChanged=true
D/DisplayPowerState(  794): Screen ready
D/DisplayPowerState(  794): setScreenBrightness: brightness=1988
D/DisplayPowerState(  794): Requesting new screen state: state=ON, backlight=1988
D/DisplayPowerState(  794): Screen not ready
D/DisplayPowerState(  794): Updating screen state: state=ON, backlight=1988, backlightChanged=true
D/DisplayPowerState(  794): Screen ready
D/DisplayPowerState(  794): setScreenBrightness: brightness=2015
D/DisplayPowerState(  794): Requesting new screen state: state=ON, backlight=2015
D/DisplayPowerState(  794): Screen not ready
D/DisplayPowerState(  794): Updating screen state: state=ON, backlight=2015, backlightChanged=true
D/DisplayPowerState(  794): Screen ready
D/DisplayPowerState(  794): setScreenBrightness: brightness=2040
D/DisplayPowerState(  794): Requesting new screen state: state=ON, backlight=2040
D/DisplayPowerState(  794): Screen not ready
D/DisplayPowerController(  794): Animating brightness: target=2040, rate=1600
D/DisplayPowerState(  794): Updating screen state: state=ON, backlight=2040, backlightChanged=true
D/DisplayPowerState(  794): Screen ready
D/DisplayPowerController(  794): Animating brightness: target=2040, rate=1600
D/DisplayPowerController(  794): Finished business...
W/ProcessCpuTracker(  794): Skipping unknown process pid 3566
W/ProcessCpuTracker(  794): Skipping unknown process pid 3567
W/ProcessCpuTracker(  794): Skipping unknown process pid 3568
V/ActivityManager(  794): Broadcast sticky: Intent { act=android.intent.action.BATTERY_CHANGED flg=0x60000010 (has extras) } ordered=false userid=-1 callerApp=null
D/UsbDeviceManager(  794): onReceive - BATTERY_CHANGED - mPlugType: 2, mSettingUsbCharging: false, mConnected: true, mSettingUsbBicr: false
D/WifiService(  794): onReceive, action:android.intent.action.BATTERY_CHANGED
D/WifiController(  794): ApStaDisabledState{ when=-1ms what=155652 arg1=2 target=com.android.internal.util.StateMachine$SmHandler }
D/WifiController(  794): DefaultState{ when=-1ms what=155652 arg1=2 target=com.android.internal.util.StateMachine$SmHandler }
D/PowerManagerNotifier(  794): onWakeLockReleased: flags=1, tag="AudioMix", packageName=media, ownerUid=1013, ownerPid=290, workSource=null
D/DisplayPowerController(  794): requestPowerState: policy=BRIGHT, useProximitySensor=false, screenBrightness=255, screenAutoBrightnessAdjustment=0.0, useAutoBrightness=false, blockScreenOn=false, lowPowerMode=false, boostScreenBrightness=false, dozeScreenBrightness=-1, useSettingBrightness=false, buttonBrightness=0, dozeScreenState=UNKNOWN, waitForNegativeProximity=false
D/TaskPersister(  794): removeObsoleteFile: deleting file=5328_task.xml
I/thermal_repeater(  311): oh, queryMdThermalInfo (0)Bad file number
I/thermal_repeater(  311): [recvMdThermalInfo] ret=25, strLen=127,  1, 32767,,, -1, 32767, 2
I/ActivityManager(  794): Process com.meizu.net.search:HWS (pid 3356) has died
D/DisplayManagerService(  794): Display listener for pid 3356 died.
D/ActivityManager(  794): SVC-handleAppDiedLocked: app = ProcessRecord{279b591f 3356:com.meizu.net.search:HWS/u0a128}, app.pid = 3356
D/ActivityManager(  794): SVC-mBroadcastQueues: com.android.server.am.BroadcastQueue@9b2cfef
D/ActivityManager(  794): SVC-mBroadcastQueues: com.android.server.am.BroadcastQueue@1e578afc
D/DisplayManagerService(  794): Display listener for pid 3113 died.
I/ActivityManager(  794): Process com.android.musicfx (pid 3113) has died
D/ActivityManager(  794): SVC-handleAppDiedLocked: app = ProcessRecord{3f46946c 3113:com.android.musicfx/u0a14}, app.pid = 3113
D/ActivityManager(  794): SVC-mBroadcastQueues: com.android.server.am.BroadcastQueue@9b2cfef
D/ActivityManager(  794): SVC-mBroadcastQueues: com.android.server.am.BroadcastQueue@1e578afc
D/DisplayManagerService(  794): Display listener for pid 2582 died.
I/ActivityManager(  794): Process com.meizu.flyme.weather (pid 2582) has died
D/ActivityManager(  794): SVC-handleAppDiedLocked: app = ProcessRecord{29ce4a35 2582:com.meizu.flyme.weather/u0a62}, app.pid = 2582
D/ActivityManager(  794): removeDyingProviderLocked: cpr=ContentProviderRecord{16feeca u0 com.meizu.flyme.weather/.common.CityDBProvider} always=false inLaunching=false
D/ActivityManager(  794): SVC-mBroadcastQueues: com.android.server.am.BroadcastQueue@9b2cfef
D/ActivityManager(  794): SVC-mBroadcastQueues: com.android.server.am.BroadcastQueue@1e578afc
D/DisplayManagerService(  794): Display listener for pid 2473 died.
I/ActivityManager(  794): Process com.android.mms (pid 2473) has died
