I/flymed  (  286): execIptablesCommand android_fork_execvp enter
D/Launcher.LauncherProvider( 3653): begin read json to HashMap
I/ip6tables(  286): ip6tables: No chain/target/match by that name.
I/ip6tables(  286): ip6tables terminated by exit(1)
I/flymed  (  286): execIptablesCommand android_fork_execvp exit
E/flymed  (  286): exec() res=0, status=256 for /system/bin/ip6tables -D wifi -m owner --uid-owner 10071 -j REJECT --reject-with icmp6-adm-prohibited 
E/flymed  (  286): exec() res=0, status=256 for /system/bin/ip6tables -D wifi -m owner --uid-owner 10071 -j REJECT --reject-with icmp6-adm-prohibited 
D/SocketClient(  286): SocketClient sendData done: 400 1664 Firewall command failed
D/flymed_connector(  794): RCV <- {400 1664 Firewall command failed}
D/flymed_connector(  794): RMV <- {400 1664 Firewall command failed}
W/System.err(  794): java.lang.IllegalStateException: command '1664 firewall set_uid_fw_rule 10071 wifi allow' failed with '400 1664 Firewall command failed'
W/System.err(  794): 	at com.android.server.NetworkManagementServiceFlyme.setFirewallUidChainRule(NetworkManagementServiceFlyme.java:69)
W/System.err(  794): 	at android.os.INetworkManagementServiceFlyme$Stub.onTransact(INetworkManagementServiceFlyme.java:65)
W/System.err(  794): 	at android.os.Binder.execTransact(Binder.java:454)
W/System.err(  794): Caused by: com.android.server.NativeDaemonConnector$NativeDaemonFailureException: command '1664 firewall set_uid_fw_rule 10071 wifi allow' failed with '400 1664 Firewall command failed'
W/System.err(  794): 	at com.android.server.NativeDaemonConnector.execute(NativeDaemonConnector.java:439)
W/System.err(  794): 	at com.android.server.NativeDaemonConnector.executeForList(NativeDaemonConnector.java:375)
W/System.err(  794): 	at com.android.server.NativeDaemonConnector.execute(NativeDaemonConnector.java:340)
W/System.err(  794): 	at com.android.server.NetworkManagementServiceFlyme.setFirewallUidChainRule(NetworkManagementServiceFlyme.java:67)
W/System.err(  794): 	... 2 more
W/System.err( 3632): java.lang.reflect.InvocationTargetException
W/System.err( 3632): 	at java.lang.reflect.Method.invoke(Native Method)
W/System.err( 3632): 	at java.lang.reflect.Method.invoke(Method.java:372)
W/System.err( 3632): 	at com.meizu.power.f.a.g(LocalNetworkPolicyManager.java:447)
W/System.err( 3632): 	at com.meizu.power.g.c.h(PowerAppManager.java:216)
W/System.err( 3632): 	at com.meizu.power.g.c.c(PowerAppManager.java:29)
W/System.err( 3632): 	at com.meizu.power.g.e.handleMessage(PowerAppManager.java:249)
W/System.err( 3632): 	at android.os.Handler.dispatchMessage(Handler.java:111)
W/System.err( 3632): 	at android.os.Looper.loop(Looper.java:194)
W/System.err( 3632): 	at android.os.HandlerThread.run(HandlerThread.java:61)
W/System.err( 3632): Caused by: java.lang.IllegalStateException: command '1664 firewall set_uid_fw_rule 10071 wifi allow' failed with '400 1664 Firewall command failed'
W/System.err( 3632): 	at android.os.Parcel.readException(Parcel.java:1554)
W/System.err( 3632): 	at android.os.Parcel.readException(Parcel.java:1499)
W/System.err( 3632): 	at android.os.INetworkManagementServiceFlyme$Stub$Proxy.setFirewallUidChainRule(INetworkManagementServiceFlyme.java:241)
W/System.err( 3632): 	... 9 more
D/flymed_connector(  794): SND -> {1665 firewall set_uid_fw_rule 10090 wifi allow}
D/FrameworkListener(  286): dispatchCommand data = (1665 firewall set_uid_fw_rule 10090 wifi allow)
I/flymed  (  286): execIptablesCommand android_fork_execvp enter
I/iptables(  286): iptables: No chain/target/match by that name.
I/iptables(  286): iptables terminated by exit(1)
I/flymed  (  286): execIptablesCommand android_fork_execvp exit
E/flymed  (  286): exec() res=0, status=256 for /system/bin/iptables -D wifi -m owner --uid-owner 10090 -j REJECT --reject-with icmp-net-prohibited 
E/flymed  (  286): exec() res=0, status=256 for /system/bin/iptables -D wifi -m owner --uid-owner 10090 -j REJECT --reject-with icmp-net-prohibited 
I/flymed  (  286): execIptablesCommand android_fork_execvp enter
I/ip6tables(  286): ip6tables: No chain/target/match by that name.
I/ip6tables(  286): ip6tables terminated by exit(1)
I/flymed  (  286): execIptablesCommand android_fork_execvp exit
E/flymed  (  286): exec() res=0, status=256 for /system/bin/ip6tables -D wifi -m owner --uid-owner 10090 -j REJECT --reject-with icmp6-adm-prohibited 
E/flymed  (  286): exec() res=0, status=256 for /system/bin/ip6tables -D wifi -m owner --uid-owner 10090 -j REJECT --reject-with icmp6-adm-prohibited 
D/SocketClient(  286): SocketClient sendData done: 400 1665 Firewall command failed
D/flymed_connector(  794): RCV <- {400 1665 Firewall command failed}
D/flymed_connector(  794): RMV <- {400 1665 Firewall command failed}
W/System.err(  794): java.lang.IllegalStateException: command '1665 firewall set_uid_fw_rule 10090 wifi allow' failed with '400 1665 Firewall command failed'
W/System.err(  794): 	at com.android.server.NetworkManagementServiceFlyme.setFirewallUidChainRule(NetworkManagementServiceFlyme.java:69)
W/System.err(  794): 	at android.os.INetworkManagementServiceFlyme$Stub.onTransact(INetworkManagementServiceFlyme.java:65)
W/System.err(  794): 	at android.os.Binder.execTransact(Binder.java:454)
W/System.err(  794): Caused by: com.android.server.NativeDaemonConnector$NativeDaemonFailureException: command '1665 firewall set_uid_fw_rule 10090 wifi allow' failed with '400 1665 Firewall command failed'
W/System.err(  794): 	at com.android.server.NativeDaemonConnector.execute(NativeDaemonConnector.java:439)
W/System.err(  794): 	at com.android.server.NativeDaemonConnector.executeForList(NativeDaemonConnector.java:375)
W/System.err(  794): 	at com.android.server.NativeDaemonConnector.execute(NativeDaemonConnector.java:340)
W/System.err(  794): 	at com.android.server.NetworkManagementServiceFlyme.setFirewallUidChainRule(NetworkManagementServiceFlyme.java:67)
W/System.err(  794): 	... 2 more
W/System.err( 3632): java.lang.reflect.InvocationTargetException
W/System.err( 3632): 	at java.lang.reflect.Method.invoke(Native Method)
W/System.err( 3632): 	at java.lang.reflect.Method.invoke(Method.java:372)
W/System.err( 3632): 	at com.meizu.power.f.a.g(LocalNetworkPolicyManager.java:447)
W/System.err( 3632): 	at com.meizu.power.g.c.h(PowerAppManager.java:216)
W/System.err( 3632): 	at com.meizu.power.g.c.c(PowerAppManager.java:29)
W/System.err( 3632): 	at com.meizu.power.g.e.handleMessage(PowerAppManager.java:249)
W/System.err( 3632): 	at android.os.Handler.dispatchMessage(Handler.java:111)
W/System.err( 3632): 	at android.os.Looper.loop(Looper.java:194)
W/System.err( 3632): 	at android.os.HandlerThread.run(HandlerThread.java:61)
W/System.err( 3632): Caused by: java.lang.IllegalStateException: command '1665 firewall set_uid_fw_rule 10090 wifi allow' failed with '400 1665 Firewall command failed'
W/System.err( 3632): 	at android.os.Parcel.readException(Parcel.java:1554)
W/System.err( 3632): 	at android.os.Parcel.readException(Parcel.java:1499)
W/System.err( 3632): 	at android.os.INetworkManagementServiceFlyme$Stub$Proxy.setFirewallUidChainRule(INetworkManagementServiceFlyme.java:241)
W/System.err( 3632): 	... 9 more
D/flymed_connector(  794): SND -> {1666 firewall set_uid_fw_rule 10099 wifi allow}
D/FrameworkListener(  286): dispatchCommand data = (1666 firewall set_uid_fw_rule 10099 wifi allow)
I/flymed  (  286): execIptablesCommand android_fork_execvp enter
I/iptables(  286): iptables: No chain/target/match by that name.
I/iptables(  286): iptables terminated by exit(1)
I/flymed  (  286): execIptablesCommand android_fork_execvp exit
E/flymed  (  286): exec() res=0, status=256 for /system/bin/iptables -D wifi -m owner --uid-owner 10099 -j REJECT --reject-with icmp-net-prohibited 
E/flymed  (  286): exec() res=0, status=256 for /system/bin/iptables -D wifi -m owner --uid-owner 10099 -j REJECT --reject-with icmp-net-prohibited 
I/flymed  (  286): execIptablesCommand android_fork_execvp enter
I/ip6tables(  286): ip6tables: No chain/target/match by that name.
I/ip6tables(  286): ip6tables terminated by exit(1)
I/flymed  (  286): execIptablesCommand android_fork_execvp exit
E/flymed  (  286): exec() res=0, status=256 for /system/bin/ip6tables -D wifi -m owner --uid-owner 10099 -j REJECT --reject-with icmp6-adm-prohibited 
E/flymed  (  286): exec() res=0, status=256 for /system/bin/ip6tables -D wifi -m owner --uid-owner 10099 -j REJECT --reject-with icmp6-adm-prohibited 
D/SocketClient(  286): SocketClient sendData done: 400 1666 Firewall command failed
D/flymed_connector(  794): RCV <- {400 1666 Firewall command failed}
D/flymed_connector(  794): RMV <- {400 1666 Firewall command failed}
W/System.err(  794): java.lang.IllegalStateException: command '1666 firewall set_uid_fw_rule 10099 wifi allow' failed with '400 1666 Firewall command failed'
D/MzUpdateComponent( 3653): sSystemIndependent : false
W/System.err(  794): 	at com.android.server.NetworkManagementServiceFlyme.setFirewallUidChainRule(NetworkManagementServiceFlyme.java:69)
W/System.err(  794): 	at android.os.INetworkManagementServiceFlyme$Stub.onTransact(INetworkManagementServiceFlyme.java:65)
W/System.err(  794): 	at android.os.Binder.execTransact(Binder.java:454)
W/System.err(  794): Caused by: com.android.server.NativeDaemonConnector$NativeDaemonFailureException: command '1666 firewall set_uid_fw_rule 10099 wifi allow' failed with '400 1666 Firewall command failed'
W/System.err(  794): 	at com.android.server.NativeDaemonConnector.execute(NativeDaemonConnector.java:439)
W/System.err(  794): 	at com.android.server.NativeDaemonConnector.executeForList(NativeDaemonConnector.java:375)
W/System.err(  794): 	at com.android.server.NativeDaemonConnector.execute(NativeDaemonConnector.java:340)
W/System.err(  794): 	at com.android.server.NetworkManagementServiceFlyme.setFirewallUidChainRule(NetworkManagementServiceFlyme.java:67)
W/System.err(  794): 	... 2 more
W/System.err( 3632): java.lang.reflect.InvocationTargetException
W/System.err( 3632): 	at java.lang.reflect.Method.invoke(Native Method)
W/System.err( 3632): 	at java.lang.reflect.Method.invoke(Method.java:372)
W/System.err( 3632): 	at com.meizu.power.f.a.g(LocalNetworkPolicyManager.java:447)
W/System.err( 3632): 	at com.meizu.power.g.c.h(PowerAppManager.java:216)
W/System.err( 3632): 	at com.meizu.power.g.c.c(PowerAppManager.java:29)
W/System.err( 3632): 	at com.meizu.power.g.e.handleMessage(PowerAppManager.java:249)
W/System.err( 3632): 	at android.os.Handler.dispatchMessage(Handler.java:111)
W/System.err( 3632): 	at android.os.Looper.loop(Looper.java:194)
W/System.err( 3632): 	at android.os.HandlerThread.run(HandlerThread.java:61)
W/System.err( 3632): Caused by: java.lang.IllegalStateException: command '1666 firewall set_uid_fw_rule 10099 wifi allow' failed with '400 1666 Firewall command failed'
W/System.err( 3632): 	at android.os.Parcel.readException(Parcel.java:1554)
W/System.err( 3632): 	at android.os.Parcel.readException(Parcel.java:1499)
W/System.err( 3632): 	at android.os.INetworkManagementServiceFlyme$Stub$Proxy.setFirewallUidChainRule(INetworkManagementServiceFlyme.java:241)
W/System.err( 3632): 	... 9 more
D/flymed_connector(  794): SND -> {1667 firewall set_uid_fw_rule 10077 wifi allow}
D/FrameworkListener(  286): dispatchCommand data = (1667 firewall set_uid_fw_rule 10077 wifi allow)
I/flymed  (  286): execIptablesCommand android_fork_execvp enter
V/ActivityThread( 3653): Performing resume of ActivityRecord{3725fbb0 token=android.os.BinderProxy@27fbfa29 {com.meizu.flyme.launcher/com.meizu.flyme.launcher.Launcher}}
I/iptables(  286): iptables: No chain/target/match by that name.
D/ActivityThread( 3653): ACT-AM_ON_RESUME_CALLED ActivityRecord{3725fbb0 token=android.os.BinderProxy@27fbfa29 {com.meizu.flyme.launcher/com.meizu.flyme.launcher.Launcher}}
V/ActivityThread( 3653): Resume ActivityRecord{3725fbb0 token=android.os.BinderProxy@27fbfa29 {com.meizu.flyme.launcher/com.meizu.flyme.launcher.Launcher}} started activity: false, hideForNow: false, finished: false
I/iptables(  286): iptables terminated by exit(1)
E/MzUpdateComponent:2.0.0( 3653): check interval interrupt
I/flymed  (  286): execIptablesCommand android_fork_execvp exit
V/PhoneWindow( 3653): DecorView setVisiblity: visibility = 4 ,Parent =null, this =com.android.internal.policy.impl.PhoneWindow$DecorView{2dd8c886 I.E..... R.....I. 0,0-0,0}
E/flymed  (  286): exec() res=0, status=256 for /system/bin/iptables -D wifi -m owner --uid-owner 10077 -j REJECT --reject-with icmp-net-prohibited 
E/flymed  (  286): exec() res=0, status=256 for /system/bin/iptables -D wifi -m owner --uid-owner 10077 -j REJECT --reject-with icmp-net-prohibited 
I/flymed  (  286): execIptablesCommand android_fork_execvp enter
I/SurfaceFlinger(  255): EventThread Client Pid (3653) created
D/OpenGLRenderer( 3653): initialize DisplayEventReceiver 0x7f94018300
D/OpenGLRenderer( 3653): Use EGL_SWAP_BEHAVIOR_PRESERVED: true
I/ip6tables(  286): ip6tables: No chain/target/match by that name.
I/ip6tables(  286): ip6tables terminated by exit(1)
I/flymed  (  286): execIptablesCommand android_fork_execvp exit
E/flymed  (  286): exec() res=0, status=256 for /system/bin/ip6tables -D wifi -m owner --uid-owner 10077 -j REJECT --reject-with icmp6-adm-prohibited 
E/flymed  (  286): exec() res=0, status=256 for /system/bin/ip6tables -D wifi -m owner --uid-owner 10077 -j REJECT --reject-with icmp6-adm-prohibited 
D/SocketClient(  286): SocketClient sendData done: 400 1667 Firewall command failed
D/flymed_connector(  794): RCV <- {400 1667 Firewall command failed}
D/flymed_connector(  794): RMV <- {400 1667 Firewall command failed}
W/System.err(  794): java.lang.IllegalStateException: command '1667 firewall set_uid_fw_rule 10077 wifi allow' failed with '400 1667 Firewall command failed'
W/System.err(  794): 	at com.android.server.NetworkManagementServiceFlyme.setFirewallUidChainRule(NetworkManagementServiceFlyme.java:69)
W/System.err(  794): 	at android.os.INetworkManagementServiceFlyme$Stub.onTransact(INetworkManagementServiceFlyme.java:65)
W/System.err(  794): 	at android.os.Binder.execTransact(Binder.java:454)
W/System.err(  794): Caused by: com.android.server.NativeDaemonConnector$NativeDaemonFailureException: command '1667 firewall set_uid_fw_rule 10077 wifi allow' failed with '400 1667 Firewall command failed'
W/System.err(  794): 	at com.android.server.NativeDaemonConnector.execute(NativeDaemonConnector.java:439)
W/System.err(  794): 	at com.android.server.NativeDaemonConnector.executeForList(NativeDaemonConnector.java:375)
W/System.err(  794): 	at com.android.server.NativeDaemonConnector.execute(NativeDaemonConnector.java:340)
W/System.err(  794): 	at com.android.server.NetworkManagementServiceFlyme.setFirewallUidChainRule(NetworkManagementServiceFlyme.java:67)
W/System.err(  794): 	... 2 more
W/System.err( 3632): java.lang.reflect.InvocationTargetException
W/System.err( 3632): 	at java.lang.reflect.Method.invoke(Native Method)
W/System.err( 3632): 	at java.lang.reflect.Method.invoke(Method.java:372)
W/System.err( 3632): 	at com.meizu.power.f.a.g(LocalNetworkPolicyManager.java:447)
W/System.err( 3632): 	at com.meizu.power.g.c.h(PowerAppManager.java:216)
W/System.err( 3632): 	at com.meizu.power.g.c.c(PowerAppManager.java:29)
W/System.err( 3632): 	at com.meizu.power.g.e.handleMessage(PowerAppManager.java:249)
W/System.err( 3632): 	at android.os.Handler.dispatchMessage(Handler.java:111)
W/System.err( 3632): 	at android.os.Looper.loop(Looper.java:194)
W/System.err( 3632): 	at android.os.HandlerThread.run(HandlerThread.java:61)
W/System.err( 3632): Caused by: java.lang.IllegalStateException: command '1667 firewall set_uid_fw_rule 10077 wifi allow' failed with '400 1667 Firewall command failed'
W/System.err( 3632): 	at android.os.Parcel.readException(Parcel.java:1554)
W/System.err( 3632): 	at android.os.Parcel.readException(Parcel.java:1499)
W/System.err( 3632): 	at android.os.INetworkManagementServiceFlyme$Stub$Proxy.setFirewallUidChainRule(INetworkManagementServiceFlyme.java:241)
W/System.err( 3632): 	... 9 more
D/flymed_connector(  794): SND -> {1668 firewall set_uid_fw_rule 10098 mobile allow}
D/FrameworkListener(  286): dispatchCommand data = (1668 firewall set_uid_fw_rule 10098 mobile allow)
I/flymed  (  286): execIptablesCommand android_fork_execvp enter
I/iptables(  286): iptables: No chain/target/match by that name.
I/iptables(  286): iptables terminated by exit(1)
I/flymed  (  286): execIptablesCommand android_fork_execvp exit
E/flymed  (  286): exec() res=0, status=256 for /system/bin/iptables -D mobile -m owner --uid-owner 10098 -j REJECT --reject-with icmp-net-prohibited 
E/flymed  (  286): exec() res=0, status=256 for /system/bin/iptables -D mobile -m owner --uid-owner 10098 -j REJECT --reject-with icmp-net-prohibited 
I/flymed  (  286): execIptablesCommand android_fork_execvp enter
I/ip6tables(  286): ip6tables: No chain/target/match by that name.
I/ip6tables(  286): ip6tables terminated by exit(1)
I/flymed  (  286): execIptablesCommand android_fork_execvp exit
E/flymed  (  286): exec() res=0, status=256 for /system/bin/ip6tables -D mobile -m owner --uid-owner 10098 -j REJECT --reject-with icmp6-adm-prohibited 
E/flymed  (  286): exec() res=0, status=256 for /system/bin/ip6tables -D mobile -m owner --uid-owner 10098 -j REJECT --reject-with icmp6-adm-prohibited 
D/SocketClient(  286): SocketClient sendData done: 400 1668 Firewall command failed
D/flymed_connector(  794): RCV <- {400 1668 Firewall command failed}
D/flymed_connector(  794): RMV <- {400 1668 Firewall command failed}
W/System.err(  794): java.lang.IllegalStateException: command '1668 firewall set_uid_fw_rule 10098 mobile allow' failed with '400 1668 Firewall command failed'
W/System.err(  794): 	at com.android.server.NetworkManagementServiceFlyme.setFirewallUidChainRule(NetworkManagementServiceFlyme.java:69)
W/System.err(  794): 	at android.os.INetworkManagementServiceFlyme$Stub.onTransact(INetworkManagementServiceFlyme.java:65)
W/System.err(  794): 	at android.os.Binder.execTransact(Binder.java:454)
W/System.err(  794): Caused by: com.android.server.NativeDaemonConnector$NativeDaemonFailureException: command '1668 firewall set_uid_fw_rule 10098 mobile allow' failed with '400 1668 Firewall command failed'
W/System.err(  794): 	at com.android.server.NativeDaemonConnector.execute(NativeDaemonConnector.java:439)
W/System.err(  794): 	at com.android.server.NativeDaemonConnector.executeForList(NativeDaemonConnector.java:375)
W/System.err(  794): 	at com.android.server.NativeDaemonConnector.execute(NativeDaemonConnector.java:340)
W/System.err(  794): 	at com.android.server.NetworkManagementServiceFlyme.setFirewallUidChainRule(NetworkManagementServiceFlyme.java:67)
W/System.err(  794): 	... 2 more
W/System.err( 3632): java.lang.reflect.InvocationTargetException
W/System.err( 3632): 	at java.lang.reflect.Method.invoke(Native Method)
W/System.err( 3632): 	at java.lang.reflect.Method.invoke(Method.java:372)
W/System.err( 3632): 	at com.meizu.power.f.a.h(LocalNetworkPolicyManager.java:491)
W/System.err( 3632): 	at com.meizu.power.g.c.h(PowerAppManager.java:213)
W/System.err( 3632): 	at com.meizu.power.g.c.c(PowerAppManager.java:29)
W/System.err( 3632): 	at com.meizu.power.g.e.handleMessage(PowerAppManager.java:249)
W/System.err( 3632): 	at android.os.Handler.dispatchMessage(Handler.java:111)
W/System.err( 3632): 	at android.os.Looper.loop(Looper.java:194)
W/System.err( 3632): 	at android.os.HandlerThread.run(HandlerThread.java:61)
W/System.err( 3632): Caused by: java.lang.IllegalStateException: command '1668 firewall set_uid_fw_rule 10098 mobile allow' failed with '400 1668 Firewall command failed'
W/System.err( 3632): 	at android.os.Parcel.readException(Parcel.java:1554)
W/System.err( 3632): 	at android.os.Parcel.readException(Parcel.java:1499)
W/System.err( 3632): 	at android.os.INetworkManagementServiceFlyme$Stub$Proxy.setFirewallUidChainRule(INetworkManagementServiceFlyme.java:241)
W/System.err( 3632): 	... 9 more
D/flymed_connector(  794): SND -> {1669 firewall set_uid_fw_rule 10098 wifi allow}
D/FrameworkListener(  286): dispatchCommand data = (1669 firewall set_uid_fw_rule 10098 wifi allow)
I/flymed  (  286): execIptablesCommand android_fork_execvp enter
D/ViewRootImpl( 3653): hardware acceleration is enabled, this = ViewRoot{2279f6e5 com.meizu.flyme.launcher/com.meizu.flyme.launcher.Launcher,ident = 0}
I/iptables(  286): iptables: No chain/target/match by that name.
I/iptables(  286): iptables terminated by exit(1)
I/flymed  (  286): execIptablesCommand android_fork_execvp exit
E/flymed  (  286): exec() res=0, status=256 for /system/bin/iptables -D wifi -m owner --uid-owner 10098 -j REJECT --reject-with icmp-net-prohibited 
I/SurfaceFlinger(  255): [SF client] NEW(0x7f9b41ea80) for (794:system_server)
E/flymed  (  286): exec() res=0, status=256 for /system/bin/iptables -D wifi -m owner --uid-owner 10098 -j REJECT --reject-with icmp-net-prohibited 
I/flymed  (  286): execIptablesCommand android_fork_execvp enter
V/WindowManager(  794): Adding window Window{3ce0a16f u0 com.meizu.flyme.launcher/com.meizu.flyme.launcher.Launcher} at 1 of 6 (before Window{2f139d78 u0 com.meizu.flyme.launcher/com.meizu.flyme.launcher.Launcher EXITING})
I/ip6tables(  286): ip6tables: No chain/target/match by that name.
V/ActivityThread( 3653): Resuming ActivityRecord{3725fbb0 token=android.os.BinderProxy@27fbfa29 {com.meizu.flyme.launcher/com.meizu.flyme.launcher.Launcher}} with isForward=false
I/ip6tables(  286): ip6tables terminated by exit(1)
I/flymed  (  286): execIptablesCommand android_fork_execvp exit
E/flymed  (  286): exec() res=0, status=256 for /system/bin/ip6tables -D wifi -m owner --uid-owner 10098 -j REJECT --reject-with icmp6-adm-prohibited 
E/flymed  (  286): exec() res=0, status=256 for /system/bin/ip6tables -D wifi -m owner --uid-owner 10098 -j REJECT --reject-with icmp6-adm-prohibited 
D/SocketClient(  286): SocketClient sendData done: 400 1669 Firewall command failed
D/flymed_connector(  794): RCV <- {400 1669 Firewall command failed}
D/flymed_connector(  794): RMV <- {400 1669 Firewall command failed}
V/PhoneWindow( 3653): DecorView setVisiblity: visibility = 0 ,Parent =ViewRoot{2279f6e5 com.meizu.flyme.launcher/com.meizu.flyme.launcher.Launcher,ident = 0}, this =com.android.internal.policy.impl.PhoneWindow$DecorView{2dd8c886 V.E..... R.....I. 0,0-0,0}
V/ActivityThread( 3653): Scheduling idle handler for ActivityRecord{3725fbb0 token=android.os.BinderProxy@27fbfa29 {com.meizu.flyme.launcher/com.meizu.flyme.launcher.Launcher}}
W/System.err(  794): java.lang.IllegalStateException: command '1669 firewall set_uid_fw_rule 10098 wifi allow' failed with '400 1669 Firewall command failed'
W/System.err(  794): 	at com.android.server.NetworkManagementServiceFlyme.setFirewallUidChainRule(NetworkManagementServiceFlyme.java:69)
W/System.err(  794): 	at android.os.INetworkManagementServiceFlyme$Stub.onTransact(INetworkManagementServiceFlyme.java:65)
W/System.err(  794): 	at android.os.Binder.execTransact(Binder.java:454)
W/System.err(  794): Caused by: com.android.server.NativeDaemonConnector$NativeDaemonFailureException: command '1669 firewall set_uid_fw_rule 10098 wifi allow' failed with '400 1669 Firewall command failed'
W/System.err(  794): 	at com.android.server.NativeDaemonConnector.execute(NativeDaemonConnector.java:439)
W/System.err(  794): 	at com.android.server.NativeDaemonConnector.executeForList(NativeDaemonConnector.java:375)
W/System.err(  794): 	at com.android.server.NativeDaemonConnector.execute(NativeDaemonConnector.java:340)
W/System.err(  794): 	at com.android.server.NetworkManagementServiceFlyme.setFirewallUidChainRule(NetworkManagementServiceFlyme.java:67)
W/System.err(  794): 	... 2 more
D/ActivityThread( 3653): ACT-LAUNCH_ACTIVITY handled : 0 / ActivityRecord{3725fbb0 token=android.os.BinderProxy@27fbfa29 {com.meizu.flyme.launcher/com.meizu.flyme.launcher.Launcher}}
W/System.err( 3632): java.lang.reflect.InvocationTargetException
W/System.err( 3632): 	at java.lang.reflect.Method.invoke(Native Method)
W/System.err( 3632): 	at java.lang.reflect.Method.invoke(Method.java:372)
W/System.err( 3632): 	at com.meizu.power.f.a.g(LocalNetworkPolicyManager.java:447)
W/System.err( 3632): 	at com.meizu.power.g.c.h(PowerAppManager.java:216)
W/System.err( 3632): 	at com.meizu.power.g.c.c(PowerAppManager.java:29)
W/System.err( 3632): 	at com.meizu.power.g.e.handleMessage(PowerAppManager.java:249)
W/System.err( 3632): 	at android.os.Handler.dispatchMessage(Handler.java:111)
W/System.err( 3632): 	at android.os.Looper.loop(Looper.java:194)
W/System.err( 3632): 	at android.os.HandlerThread.run(HandlerThread.java:61)
W/System.err( 3632): Caused by: java.lang.IllegalStateException: command '1669 firewall set_uid_fw_rule 10098 wifi allow' failed with '400 1669 Firewall command failed'
W/System.err( 3632): 	at android.os.Parcel.readException(Parcel.java:1554)
W/System.err( 3632): 	at android.os.Parcel.readException(Parcel.java:1499)
W/System.err( 3632): 	at android.os.INetworkManagementServiceFlyme$Stub$Proxy.setFirewallUidChainRule(INetworkManagementServiceFlyme.java:241)
W/System.err( 3632): 	... 9 more
D/flymed_connector(  794): SND -> {1670 firewall set_uid_fw_rule 10092 wifi allow}
D/CSLegacyTypeTracker(  794): getNetworkForType type 1
D/FrameworkListener(  286): dispatchCommand data = (1670 firewall set_uid_fw_rule 10092 wifi allow)
D/Launcher( 3653): change color:-419430401
I/flymed  (  286): execIptablesCommand android_fork_execvp enter
D/CSLegacyTypeTracker(  794): getNetworkForType type 0
D/Activity( 3653): setStatusBarDarkIcon:-419430401
D/STATUS_BAR_TINT( 3653): onWindowAttributesChanged
V/SettingsInterface( 3653):  from settings cache , name = mz_status_bar_tint , value = 1
V/ActivityManager(  794): Broadcast sticky: Intent { act=com.meizu.launcher.WALLPAPER_COLOR_CHANGE flg=0x10 (has extras) } ordered=false userid=0 callerApp=ProcessRecord{100ba78 3653:com.meizu.flyme.launcher/u0a103}
D/WallPaerColor( 3653): time : 78ms
I/libPerfService(  794): perfSetFavorPid - pid:3653, e45
D/ActivityThread( 1940): BDC-Calling onReceive: intent=Intent { act=com.meizu.launcher.WALLPAPER_COLOR_CHANGE flg=0x10 cmp=com.meizu.safe/com.meizu.networkmanager.boradcast.WallPaperColorChangeListener (has extras) }, receiver=com.meizu.networkmanager.boradcast.WallPaperColorChangeListener@2cbc36c8
I/iptables(  286): iptables: No chain/target/match by that name.
D/NetworkManagementMz: WallPaperColorChangeListener( 1940): onReceiver wallpaper color changed, isLight=false
I/iptables(  286): iptables terminated by exit(1)
D/Launcher( 3653): mWallpaperChangeReceiver onReceive static wallpaper
I/flymed  (  286): execIptablesCommand android_fork_execvp exit
E/flymed  (  286): exec() res=0, status=256 for /system/bin/iptables -D wifi -m owner --uid-owner 10092 -j REJECT --reject-with icmp-net-prohibited 
E/flymed  (  286): exec() res=0, status=256 for /system/bin/iptables -D wifi -m owner --uid-owner 10092 -j REJECT --reject-with icmp-net-prohibited 
I/flymed  (  286): execIptablesCommand android_fork_execvp enter
D/NetworkManagementMz: AutoUpdateWidgetProviderService( 1940): WallpapercolorChanged----isLight=false
D/CSLegacyTypeTracker(  794): getNetworkForType type 1
W/ContextImpl( 1940): Calling a method in the system process without a qualified user: android.app.ContextImpl.startService:1863 android.content.ContextWrapper.startService:516 android.content.ContextWrapper.startService:516 com.meizu.networkmanager.boradcast.WallPaperColorChangeListener.onReceive:32 android.app.ActivityThread.handleReceiver:2953 
I/Launcher( 3653): wifi state changed, wifi is connected : false
W/ActivityManager(  794): Unable to start service Intent { act=com.meizu.launcher.WALLPAPER_COLOR_CHANGE flg=0x10 cmp=com.meizu.safe/com.meizu.networkmanager.boradcast.WallPaperColorChangeListener (has extras) } U=0: not found
I/ip6tables(  286): ip6tables: No chain/target/match by that name.
D/ActivityThread( 1940): BDC-RECEIVER handled : 0 / ReceiverData{intent=Intent { act=com.meizu.launcher.WALLPAPER_COLOR_CHANGE flg=0x10 cmp=com.meizu.safe/com.meizu.networkmanager.boradcast.WallPaperColorChangeListener (has extras) } packageName=com.meizu.safe resultCode=-1 resultData=null resultExtras=null}
I/ip6tables(  286): ip6tables terminated by exit(1)
I/flymed  (  286): execIptablesCommand android_fork_execvp exit
E/flymed  (  286): exec() res=0, status=256 for /system/bin/ip6tables -D wifi -m owner --uid-owner 10092 -j REJECT --reject-with icmp6-adm-prohibited 
E/flymed  (  286): exec() res=0, status=256 for /system/bin/ip6tables -D wifi -m owner --uid-owner 10092 -j REJECT --reject-with icmp6-adm-prohibited 
D/SocketClient(  286): SocketClient sendData done: 400 1670 Firewall command failed
D/flymed_connector(  794): RCV <- {400 1670 Firewall command failed}
D/flymed_connector(  794): RMV <- {400 1670 Firewall command failed}
W/System.err(  794): java.lang.IllegalStateException: command '1670 firewall set_uid_fw_rule 10092 wifi allow' failed with '400 1670 Firewall command failed'
W/System.err(  794): 	at com.android.server.NetworkManagementServiceFlyme.setFirewallUidChainRule(NetworkManagementServiceFlyme.java:69)
W/System.err(  794): 	at android.os.INetworkManagementServiceFlyme$Stub.onTransact(INetworkManagementServiceFlyme.java:65)
W/System.err(  794): 	at android.os.Binder.execTransact(Binder.java:454)
W/System.err(  794): Caused by: com.android.server.NativeDaemonConnector$NativeDaemonFailureException: command '1670 firewall set_uid_fw_rule 10092 wifi allow' failed with '400 1670 Firewall command failed'
W/System.err(  794): 	at com.android.server.NativeDaemonConnector.execute(NativeDaemonConnector.java:439)
W/System.err(  794): 	at com.android.server.NativeDaemonConnector.executeForList(NativeDaemonConnector.java:375)
W/System.err(  794): 	at com.android.server.NativeDaemonConnector.execute(NativeDaemonConnector.java:340)
W/System.err(  794): 	at com.android.server.NetworkManagementServiceFlyme.setFirewallUidChainRule(NetworkManagementServiceFlyme.java:67)
W/System.err(  794): 	... 2 more
W/System.err( 3632): java.lang.reflect.InvocationTargetException
W/System.err( 3632): 	at java.lang.reflect.Method.invoke(Native Method)
W/System.err( 3632): 	at java.lang.reflect.Method.invoke(Method.java:372)
W/System.err( 3632): 	at com.meizu.power.f.a.g(LocalNetworkPolicyManager.java:447)
W/System.err( 3632): 	at com.meizu.power.g.c.h(PowerAppManager.java:216)
W/System.err( 3632): 	at com.meizu.power.g.c.c(PowerAppManager.java:29)
W/System.err( 3632): 	at com.meizu.power.g.e.handleMessage(PowerAppManager.java:249)
W/System.err( 3632): 	at android.os.Handler.dispatchMessage(Handler.java:111)
W/System.err( 3632): 	at android.os.Looper.loop(Looper.java:194)
W/System.err( 3632): 	at android.os.HandlerThread.run(HandlerThread.java:61)
W/System.err( 3632): Caused by: java.lang.IllegalStateException: command '1670 firewall set_uid_fw_rule 10092 wifi allow' failed with '400 1670 Firewall command failed'
W/System.err( 3632): 	at android.os.Parcel.readException(Parcel.java:1554)
W/System.err( 3632): 	at android.os.Parcel.readException(Parcel.java:1499)
W/System.err( 3632): 	at android.os.INetworkManagementServiceFlyme$Stub$Proxy.setFirewallUidChainRule(INetworkManagementServiceFlyme.java:241)
W/System.err( 3632): 	... 9 more
I/PowerAppManager( 3632): openDataPermission size : 157
D/MzUpdateComponent:2.0.0( 3653): init com list
D/MzUpdateComponent:2.0.0( 3653): add tracker : com.meizu.flyme.launcher.Launcher@2f290f2d
D/Launcher( 3653): load blur wallpaper to memory
D/Launcher( 3653): wait for blur wallpaper
V/SettingsInterface(  794):  from settings cache , name = com.meizu.flyme.weather_op_65 , value = null
D/Interception(  794): isAlwaysAllow the calleePkg: com.meizu.flyme.weather is system application, return true.
D/Environment(  794): getStorageVolume,  volume:StorageVolume:
D/Environment(  794):     mStorageId=65537 mPath=/storage/emulated/0 mDescriptionId=17040808 
D/Environment(  794):     mPrimary=true mRemovable=false mEmulated=true mMtpReserveSpace=10 
D/Environment(  794):     mAllowMassStorage=false mMaxFileSize=0 mOwner=UserHandle{0} mUuid=null 
D/Environment(  794):     mUserLabel=null mState=mounted 
I/art     ( 3653): Explicit concurrent mark sweep GC freed 1793(209KB) AllocSpace objects, 7(380KB) LOS objects, 9% free, 36MB/40MB, paused 1.206ms total 41.066ms
W/Zygote  ( 3893): MzIsRooted false
I/ActivityManager(  794): Start proc 3893:com.meizu.flyme.weather/u0a62 for broadcast com.meizu.flyme.weather/.WeatherWidgetProvider
I/libPerfService(  794): perfSetFavorPid - pid:3653, e45
W/ActivityManager(  794): Skip forceProcessStateUpTo() to newState 8
I/libPerfService(  794): perfSetFavorPid - pid:3653, e45
I/art     (  318): Explicit concurrent mark sweep GC freed 731(32KB) AllocSpace objects, 0(0B) LOS objects, 19% free, 16MB/20MB, paused 347us total 17.474ms
D/ActivityManager(  794): getContentProviderImpl: from caller=android.app.ApplicationThreadProxy@27aebe7c (pid=3893, userId=0) to get content provider settings cpr=ContentProviderRecord{2baee7ce u0 com.android.providers.settings/.SettingsProvider}
D/ActivityManager(  794): getContentProviderImpl: updateLruProcessLocked cpr.proc=ProcessRecord{154fb8b4 794:system/1000}
D/ActivityThread( 3893): hoder:android.app.IActivityManager$ContentProviderHolder@172b6ac,provider,holder.Provider:android.content.ContentProviderProxy@6885f75
E/Launcher( 3653): spend time : 29
D/Activity( 3653): setStatusBarDarkIcon:-419430401
I/art     (  318): Explicit concurrent mark sweep GC freed 5(160B) AllocSpace objects, 0(0B) LOS objects, 19% free, 16MB/20MB, paused 254us total 14.534ms
D/Proxy   ( 3893): setHttpRequestCheckHandler
I/art     (  318): Explicit concurrent mark sweep GC freed 5(160B) AllocSpace objects, 0(0B) LOS objects, 19% free, 16MB/20MB, paused 311us total 15.685ms
D/ActivityThread( 3893): installProvider: context.getPackageName()=com.meizu.flyme.weather
W/WindowManager(  794): Window freeze timeout expired.
W/WindowManager(  794): Force clearing orientation change: Window{2ba496af u0 com.android.systemui.ImageWallpaper}
D/ActivityThread( 3893): BIND_APPLICATION handled : 0 / AppBindData{appInfo=ApplicationInfo{2f8c7df1 com.meizu.flyme.weather}}
D/ActivityThread( 3893): BDC-Calling onReceive: intent=Intent { act=com.meizu.launcher.WALLPAPER_COLOR_CHANGE flg=0x10 cmp=com.meizu.flyme.weather/.WeatherWidgetProvider (has extras) }, receiver=com.meizu.flyme.weather.WeatherWidgetProvider@26973dd6
D/ActivityThread( 3893): BDC-RECEIVER handled : 0 / ReceiverData{intent=Intent { act=com.meizu.launcher.WALLPAPER_COLOR_CHANGE flg=0x10 cmp=com.meizu.flyme.weather/.WeatherWidgetProvider (has extras) } packageName=com.meizu.flyme.weather resultCode=0 resultData=null resultExtras=null}
I/libPerfService(  794): perfSetFavorPid - pid:3653, e45
I/libPerfService(  794): perfSetFavorPid - pid:3653, e45
D/ActivityThread( 3893): BDC-Calling onReceive: intent=Intent { act=com.meizu.launcher.WALLPAPER_COLOR_CHANGE flg=0x10 cmp=com.meizu.flyme.weather/.WeatherWidgetNoSearchProvider (has extras) }, receiver=com.meizu.flyme.weather.WeatherWidgetNoSearchProvider@2cc0b857
D/ActivityThread( 3893): BDC-RECEIVER handled : 0 / ReceiverData{intent=Intent { act=com.meizu.launcher.WALLPAPER_COLOR_CHANGE flg=0x10 cmp=com.meizu.flyme.weather/.WeatherWidgetNoSearchProvider (has extras) } packageName=com.meizu.flyme.weather resultCode=0 resultData=null resultExtras=null}
I/libPerfService(  794): perfSetFavorPid - pid:3653, e45
I/libPerfService(  794): perfSetFavorPid - pid:3653, e45
D/ActivityThread( 3893): BDC-Calling onReceive: intent=Intent { act=com.meizu.launcher.WALLPAPER_COLOR_CHANGE flg=0x10 cmp=com.meizu.flyme.weather/.WeatherWidgetTimeProvider (has extras) }, receiver=com.meizu.flyme.weather.WeatherWidgetTimeProvider@30832f44
D/ActivityThread( 3893): BDC-RECEIVER handled : 0 / ReceiverData{intent=Intent { act=com.meizu.launcher.WALLPAPER_COLOR_CHANGE flg=0x10 cmp=com.meizu.flyme.weather/.WeatherWidgetTimeProvider (has extras) } packageName=com.meizu.flyme.weather resultCode=0 resultData=null resultExtras=null}
I/libPerfService(  794): perfSetFavorPid - pid:3653, e45
I/libPerfService(  794): perfSetFavorPid - pid:3653, e45
I/BufferQueue(  255): [unnamed-255-361](this:0x7f92ccd000,id:361,api:0,p:-1,c:-1) BufferQueue core=(255:/system/bin/surfaceflinger)
I/BufferQueueConsumer(  255): [unnamed-255-361](this:0x7f92ccd000,id:361,api:0,p:-1,c:255) connect(C): consumer=(255:/system/bin/surfaceflinger) controlledByApp=false
I/BufferQueueConsumer(  255): [unnamed-255-361](this:0x7f92ccd000,id:361,api:0,p:-1,c:255) setConsumerName: unnamed-255-361
I/BufferQueueConsumer(  255): [com.meizu.flyme.launcher/com.meizu.flyme.launcher.Launcher](this:0x7f92ccd000,id:361,api:0,p:-1,c:255) setConsumerName: com.meizu.flyme.launcher/com.meizu.flyme.launcher.Launcher
I/BufferQueueConsumer(  255): [com.meizu.flyme.launcher/com.meizu.flyme.launcher.Launcher](this:0x7f92ccd000,id:361,api:0,p:-1,c:255) setDefaultBufferSize: width=1 height=1
V/WindowManager(  794): Changing focus from null to Window{3ce0a16f u0 com.meizu.flyme.launcher/com.meizu.flyme.launcher.Launcher} Callers=com.android.server.wm.WindowManagerService.relayoutWindow:3693 com.android.server.wm.Session.relayout:203 android.view.IWindowSession$Stub.onTransact:273 com.android.server.wm.Session.onTransact:136 
D/WindowManager(  794): frank send real intent ...
W/ContextImpl(  794): Calling a method in the system process without a qualified user: android.app.ContextImpl.sendBroadcast:1474 com.android.internal.policy.impl.PhoneWindowManager$40.run:8395 android.os.Handler.handleCallback:815 android.os.Handler.dispatchMessage:104 android.os.Looper.loop:194 
V/ActivityManager(  794): Broadcast: Intent { act=meizu.intent.action.FULLSCREEN_WIN_CHANGED flg=0x10 (has extras) } ordered=false userid=0 callerApp=ProcessRecord{154fb8b4 794:system/1000}
D/DisplayPowerController(  794): requestPowerState: policy=BRIGHT, useProximitySensor=false, screenBrightness=158, screenAutoBrightnessAdjustment=0.0, useAutoBrightness=false, blockScreenOn=false, lowPowerMode=false, boostScreenBrightness=false, dozeScreenBrightness=-1, useSettingBrightness=false, buttonBrightness=145, dozeScreenState=UNKNOWN, waitForNegativeProximity=false
D/PhoneStatusBar(  997): setSystemUiVisibility vis=700 mask=ffffffff oldVal=1706 newVal=700 diff=1006
D/DisplayPowerController(  794): Animating brightness: target=1264, rate=1600
D/lights  (  794): Button LED level=65(145)
D/lights  (  794): set_light_button_brightness: brightness=0X41
D/lights  (  794): write 65 to /sys/class/leds/button-backlight/brightness
D/lights  (  794): write_int open fd=307
D/DisplayPowerController(  794): Display ready!
D/DisplayPowerController(  794): requestPowerState: policy=BRIGHT, useProximitySensor=false, screenBrightness=158, screenAutoBrightnessAdjustment=0.0, useAutoBrightness=false, blockScreenOn=false, lowPowerMode=false, boostScreenBrightness=false, dozeScreenBrightness=-1, useSettingBrightness=false, buttonBrightness=145, dozeScreenState=UNKNOWN, waitForNegativeProximity=false
D/PhoneStatusBar(  997): setSystemUiVisibility vis=40008700 mask=ffffffff oldVal=700 newVal=40008700 diff=40008000
D/PhoneStatusBar(  997): hiding the MENU button
I/BufferQueueConsumer(  255): [com.meizu.flyme.launcher/com.meizu.flyme.launcher.Launcher](this:0x7f92ccd000,id:361,api:0,p:-1,c:255) setDefaultBufferSize: width=1080 height=1920
D/SurfaceFlinger(  255): Skip composition.
I/libPerfService(  794): perfDumpAll
I/libPerfService(  794): perfDumpAll - type:1, core:2, big:2, little:0, freq:0, freq_big:0, freq_little:0, gpu:-1
I/libPerfService(  794): perfDumpAll - type:2, core:2, big:2, little:0, freq:0, freq_big:0, freq_little:0, gpu:-1
I/libPerfService(  794): perfDumpAll - type:6, core:0, big:0, little:0, freq:0, freq_big:0, freq_little:0, gpu:-1
I/WindowManager(  794): Gaining focus: Window{3ce0a16f u0 com.meizu.flyme.launcher/com.meizu.flyme.launcher.Launcher}
I/BufferQueueProducer(  255): [StatusBar](this:0x7f9b80c000,id:8,api:1,p:997,c:255) queueBuffer: fps=3.67 dur=2179.95 max=1218.55 min=3.07
D/Launcher( 3653): change color:-419430401
D/Activity( 3653): setStatusBarDarkIcon:-419430401
D/Surface (  997): Surface::setBuffersDimensions(this=0x7f9b21c400,w=1080,h=75)
I/BufferQueueProducer(  255): [StatusBar](this:0x7f9b80c000,id:8,api:1,p:997,c:255) new GraphicBuffer needed
I/[MALI][Gralloc](  255): Enter alloc_device_alloc()! pHandle=0x7f9b8535d0, pStride=0x7f9b8535b0
I/[MALI][Gralloc](  255): Allocate with format 1 internal format 0000000000000001, afbc 0
I/[MALI][Gralloc](  255): Usage: 0xb00, format: 0x1 stride: 1088 vertical_stride: 75 size: 326400
I/[MALI][Gralloc](  255): Ready to go ION allocation pHandle=0x0x7f9b8535d0
D/Launcher( 3653): mWallpaperChangeReceiver onReceive static wallpaper
D/GraphicBuffer(  255): alloc, handle(0x7f9bafeba0) (w:1080 h:75 s:1088 f:0x1 u:0x000b00) err(0)
D/MALI    ( 3653): eglInitialize:1479: [+]
D/GraphicBuffer(  997): register, handle(0x7f77951de0) (w:1080 h:75 s:1088 f:0x1 u:0x000b00)
D/MALI    ( 3653): eglInitialize:1850: [-]
I/        ( 3653): elapse(include ctx switch):3113 (ms), eglInitialize
I/OpenGLRenderer( 3653): Initialized EGL, version 1.4
D/MALI    ( 3653): eglCreateContext:206: [MALI] eglCreateContext display 0x7f9b05f7c0, share context 0x0 here.
W/InputMethodManagerService(  794): Got RemoteException sending setActive(false) notification to pid 3452 uid 10150
V/SettingsInterface(  794):  from settings cache , name = com.sohu.inputmethod.sogou_op_65 , value = 4
D/Interception(  794): isAlwaysAllow the calleePkg(com.sohu.inputmethod.sogou), auto run switch is off, return true.
V/SettingsInterface(  794):  from settings cache , name = com.sohu.inputmethod.sogou_op_65 , value = 4
D/Interception(  794): isAlwaysAllow the calleePkg(com.sohu.inputmethod.sogou), auto run switch is off, return true.
D/Environment(  794): getStorageVolume,  volume:StorageVolume:
D/Environment(  794):     mStorageId=65537 mPath=/storage/emulated/0 mDescriptionId=17040808 
D/Environment(  794):     mPrimary=true mRemovable=false mEmulated=true mMtpReserveSpace=10 
D/Environment(  794):     mAllowMassStorage=false mMaxFileSize=0 mOwner=UserHandle{0} mUuid=null 
D/Environment(  794):     mUserLabel=null mState=mounted 
D/Surface (  255): Surface::setBuffersDimensions(this=0x7f9b8bbc00,w=1080,h=1920)
I/BufferQueueProducer(  255): [FrameBufferSurface_0](this:0x7f9b98b000,id:0,api:1,p:255,c:255) queueBuffer: fps=0.82 dur=1222.70 max=1222.70 min=1222.70
I/SurfaceFlinger(  255): [Built-in Screen (type:0)] fps:1.487761,dur:2016.45,max:1222.68,min:5.32
D/Surface (  997): Surface::setBuffersDimensions(this=0x7f9b21c400,w=1080,h=75)
D/Surface (  255): Surface::setBuffersDimensions(this=0x7f9b8bbc00,w=1080,h=1920)
D/Surface (  997): Surface::setBuffersDimensions(this=0x7f9b21c400,w=1080,h=75)
W/Zygote  ( 3928): MzIsRooted false
I/ActivityManager(  794): Start proc 3928:com.sohu.inputmethod.sogou/u0a70 for service com.sohu.inputmethod.sogou/.SogouIME
V/InputMethodManagerService(  794): Adding window token: android.os.Binder@24628726
W/MALI    ( 3653): gles_context_new:222: [MALI]ctx init(phase:7) takes more than 20ms here. Elapse time(us): 35178
D/MALI    ( 3653): gles_context_new:248: Create GLES ctx 0x7f942d7008 successfully
D/MALI    ( 3653): eglCreateContext:543: [MALI] eglCreateContext end. Created context 0x7f9420abb0 here.
D/OpenGLRenderer( 3653): TaskManager() 0x7f940d1dc0, cpu = 8, thread = 4
D/Surface (  255): Surface::setBuffersDimensions(this=0x7f9b8bbc00,w=1080,h=1920)
D/OpenGLRenderer( 3653): Enabling debug mode 0
D/Surface ( 3653): Surface::connect(this=0x7f9b219a00,api=1)
I/BufferQueueProducer(  255): [com.meizu.flyme.launcher/com.meizu.flyme.launcher.Launcher](this:0x7f92ccd000,id:361,api:1,p:3653,c:255) connect(P): api=1 producer=(3653:com.meizu.flyme.launcher) producerControlledByApp=true
D/Surface (  997): Surface::setBuffersDimensions(this=0x7f9b21c400,w=1080,h=75)
D/mali_winsys( 3653): new_window_surface returns 0x3000
D/Surface ( 3653): Surface::allocateBuffers(this=0x7f9b219a00)
D/BufferQueueProducer(  255): [com.meizu.flyme.launcher/com.meizu.flyme.launcher.Launcher](this:0x7f92ccd000,id:361,api:1,p:3653,c:255) allocateBuffers: allocating from 0 buffers up to 3 buffers
I/[MALI][Gralloc](  255): Enter alloc_device_alloc()! pHandle=0x7f9b4326b0, pStride=0x7f9b432690
I/[MALI][Gralloc](  255): Allocate with format 1 internal format 0000000000000001, afbc 0
I/[MALI][Gralloc](  255): Usage: 0xb00, format: 0x1 stride: 1088 vertical_stride: 1920 size: 8355840
I/[MALI][Gralloc](  255): Ready to go ION allocation pHandle=0x0x7f9b4326b0
D/GraphicBuffer(  255): alloc, handle(0x7f9b412980) (w:1080 h:1920 s:1088 f:0x1 u:0x000b00) err(0)
I/[MALI][Gralloc](  255): Enter alloc_device_alloc()! pHandle=0x7f9b4325d0, pStride=0x7f9b4325b0
I/[MALI][Gralloc](  255): Allocate with format 1 internal format 0000000000000001, afbc 0
I/[MALI][Gralloc](  255): Usage: 0xb00, format: 0x1 stride: 1088 vertical_stride: 1920 size: 8355840
I/[MALI][Gralloc](  255): Ready to go ION allocation pHandle=0x0x7f9b4325d0
D/GraphicBuffer(  255): alloc, handle(0x7f92cccb00) (w:1080 h:1920 s:1088 f:0x1 u:0x000b00) err(0)
I/[MALI][Gralloc](  255): Enter alloc_device_alloc()! pHandle=0x7f9b854210, pStride=0x7f9b8541f0
I/[MALI][Gralloc](  255): Allocate with format 1 internal format 0000000000000001, afbc 0
I/[MALI][Gralloc](  255): Usage: 0xb00, format: 0x1 stride: 1088 vertical_stride: 1920 size: 8355840
I/[MALI][Gralloc](  255): Ready to go ION allocation pHandle=0x0x7f9b854210
I/libPerfService(  794): perfSetFavorPid - pid:3653, e45
D/GraphicBuffer(  255): alloc, handle(0x7f9b4128e0) (w:1080 h:1920 s:1088 f:0x1 u:0x000b00) err(0)
D/BufferQueueProducer(  255): [com.meizu.flyme.launcher/com.meizu.flyme.launcher.Launcher](this:0x7f92ccd000,id:361,api:1,p:3653,c:255) allocateBuffers: allocating from 3 buffers up to 3 buffers
D/Launcher.LauncherProvider( 3653): end read json to HashMap
D/SQLiteDatabase( 3653): beginTransaction()
D/ActivityManager(  794): getContentProviderImpl: from caller=android.app.ApplicationThreadProxy@179e6114 (pid=3928, userId=0) to get content provider settings cpr=ContentProviderRecord{2baee7ce u0 com.android.providers.settings/.SettingsProvider}
D/ActivityManager(  794): getContentProviderImpl: updateLruProcessLocked cpr.proc=ProcessRecord{154fb8b4 794:system/1000}
D/ActivityThread( 3928): hoder:android.app.IActivityManager$ContentProviderHolder@172b6ac,provider,holder.Provider:android.content.ContentProviderProxy@6885f75
D/SQLiteDatabase( 3653): endTransaction()
D/SQLiteDatabase( 3653): beginTransaction()
D/Surface (  255): Surface::setBuffersDimensions(this=0x7f9b8bbc00,w=1080,h=1920)
I/libPerfService(  794): perfDumpAll
I/libPerfService(  794): perfDumpAll - type:1, core:2, big:2, little:0, freq:0, freq_big:0, freq_little:0, gpu:-1
I/libPerfService(  794): perfDumpAll - type:2, core:2, big:2, little:0, freq:0, freq_big:0, freq_little:0, gpu:-1
I/libPerfService(  794): perfDumpAll - type:6, core:0, big:0, little:0, freq:0, freq_big:0, freq_little:0, gpu:-1
D/Surface ( 3653): Surface::setBuffersDimensions(this=0x7f9b219a00,w=1080,h=1920)
D/Surface (  997): Surface::setBuffersDimensions(this=0x7f9b21c400,w=1080,h=75)
D/Launcher.LauncherProvider( 3653): setFolderCategory
D/SQLiteDatabase( 3653): endTransaction()
D/GraphicBuffer( 3653): register, handle(0x7f8380e1a0) (w:1080 h:1920 s:1088 f:0x1 u:0x000b00)
D/Surface ( 3653): Surface::setBuffersDimensions(this=0x7f9b219a00,w=1080,h=1920)
D/GraphicBuffer( 3653): register, handle(0x7f8385e520) (w:1080 h:1920 s:1088 f:0x1 u:0x000b00)
D/Surface (  255): Surface::setBuffersDimensions(this=0x7f9b8bbc00,w=1080,h=1920)
D/Surface (  997): Surface::setBuffersDimensions(this=0x7f9b21c400,w=1080,h=75)
D/ImageWallpaper(  997): onVisibilityChanged: mVisible, visible=false, true
D/ImageWallpaper(  997): Visibility changed to visible=true
D/ImageWallpaper(  997): Reloading bitmap: mBackground, bgw, bgh, dw, dh = null, 0, 0, 1080, 1920
I/ActivityManager(  794): [AppLaunch] Displayed Displayed com.meizu.flyme.launcher/.Launcher: +2s405ms
D/ActivityManager(  794): AP_PROF:AppLaunch_LaunchTime:com.meizu.flyme.launcher/.Launcher:2405:9846722
D/SQLiteDatabase( 3653): beginTransaction()
D/Proxy   ( 3928): setHttpRequestCheckHandler
D/SQLiteDatabase( 3653): endTransaction()
D/Surface (  255): Surface::setBuffersDimensions(this=0x7f9b8bbc00,w=1080,h=1920)
I/libPerfService(  794): 1: set: 2
I/libPerfService(  794): 1: set freq: 0
I/libPerfService(  794): perfSetFavorPid - pid:3653, e45
I/WindowManager(  794): Screen frozen for +2s148ms due to AppWindowToken{53372e3 token=Token{14455b12 ActivityRecord{32701a9d u0 com.meizu.flyme.launcher/.Launcher t5292}}}
I/libPerfService(  794): 2: set: 1
I/libPerfService(  794): 2: set freq: 0
V/WindowManager(  794): Dismiss!
D/Surface ( 3653): Surface::setBuffersDimensions(this=0x7f9b219a00,w=1080,h=1920)
D/GraphicBuffer( 3653): register, handle(0x7f8385ed40) (w:1080 h:1920 s:1088 f:0x1 u:0x000b00)
D/Launcher.Model( 3653): loading model from content://com.meizu.flyme.launcher.settings/favorites?notify=true
I/BufferQueue(  255): [unnamed-255-362](this:0x7f92cec000,id:362,api:0,p:-1,c:-1) BufferQueue core=(255:/system/bin/surfaceflinger)
