W/ADB_SERVICES(  326): create_local_service_socket() name=shell:export ANDROID_LOG_TAGS="''"; exec logcat
W/ADB_SERVICES(  326): service_to_fd() name=shell:export ANDROID_LOG_TAGS="''"; exec logcat
W/ADB_SERVICES(  326): read_meminfo() mem_free=910484
W/ADB_SERVICES(  326): create_subproc ret_fd=21 pid=4048
W/ADB_SERVICES(  326): LS(5815): bound to 'shell:export ANDROID_LOG_TAGS="''"; exec logcat' via 21
W/ADB_SERVICES( 4048): adb: unable to update oom_score_adj
I/art     ( 1563): Explicit concurrent mark sweep GC freed 214(10KB) AllocSpace objects, 0(0B) LOS objects, 19% free, 16MB/20MB, paused 2.732ms total 36.937ms
D/ActivityThread( 1563): LOW_MEMORY handled : 0 / null
W/ActivityManager(  794): getRunningAppProcesses: caller 10070 does not hold REAL_GET_TASKS; limiting output
I/thermal_repeater(  311): oh, queryMdThermalInfo (0)Bad file number
I/thermal_repeater(  311): [recvMdThermalInfo] ret=25, strLen=127,  1, 32767,,, -1, 32767, 2
D/AudioService(  794): MzCreateMediaserverWatchdogThread: monitor mediaserver end !!!
D/AudioService(  794): MzCreateMediaserverWatchdogThread: monitor mediaserver start !!!
D/AudioSystem(  794): +setParameters(): mediaserver_monitor=1 
D/AudioFlinger(  290): setParameters(): io 0, keyvalue mediaserver_monitor=1, calling pid 794
D/AudioALSAHardware(  290): +setParameters(): mediaserver_monitor=1
W/AudioALSAHardware(  290): setParameters(), still have param.size() = 1, remain param = "mediaserver_monitor=1"
D/AudioALSAHardware(  290): -setParameters(): mediaserver_monitor=1 
D/usb_audio_hw(  290): adev_set_parameters: kvpairs = mediaserver_monitor=1
D/AudioSystem(  794): -setParameters(): mediaserver_monitor=1 
D/AudioPolicyManager(  290): setStreamVolumeIndex stream = 7 index = 15 device = 0x400
I/art     ( 1592): Explicit concurrent mark sweep GC freed 206(10KB) AllocSpace objects, 0(0B) LOS objects, 19% free, 16MB/20MB, paused 2.632ms total 37.343ms
D/ActivityThread( 1592): LOW_MEMORY handled : 0 / null
W/ADB_SERVICES(  326): create_local_service_socket() name=shell:pm list users
W/ADB_SERVICES(  326): service_to_fd() name=shell:pm list users
W/ADB_SERVICES(  326): read_meminfo() mem_free=906320
W/ADB_SERVICES(  326): create_subproc ret_fd=22 pid=4050
W/ADB_SERVICES(  326): LS(5816): bound to 'shell:pm list users' via 22
W/ADB_SERVICES( 4050): adb: unable to update oom_score_adj
V/SettingsInterface(  794):  from settings cache , name = com.android.providers.media_op_65 , value = null
D/Interception(  794): isAlwaysAllow the calleePkg: com.android.providers.media is system application, return true.
D/Environment(  794): getStorageVolume,  volume:StorageVolume:
D/Environment(  794):     mStorageId=65537 mPath=/storage/emulated/0 mDescriptionId=17040808 
D/Environment(  794):     mPrimary=true mRemovable=false mEmulated=true mMtpReserveSpace=10 
D/Environment(  794):     mAllowMassStorage=false mMaxFileSize=0 mOwner=UserHandle{0} mUuid=null 
D/Environment(  794):     mUserLabel=null mState=mounted 
I/ActivityManager(  794): Start proc 4051:android.process.media/u0a6 for service com.android.providers.media/.MtpService
I/ActivityManager(  794): [Background Service Priority Adjustment] Process.setProcessGroup to Process.THREAD_GROUP_BG_NONINTERACTIVE, app.pid: 4051
W/Zygote  ( 4051): MzIsRooted false
I/libPerfService(  794): perfSetFavorPid - pid:3653, e45
I/libPerfService(  794): perfSetFavorPid - pid:3653, e45
D/ActivityManager(  794): getContentProviderImpl: from caller=android.app.ApplicationThreadProxy@2b3aa909 (pid=4051, userId=0) to get content provider settings cpr=ContentProviderRecord{2baee7ce u0 com.android.providers.settings/.SettingsProvider}
D/ActivityManager(  794): getContentProviderImpl: updateLruProcessLocked cpr.proc=ProcessRecord{154fb8b4 794:system/1000}
D/ActivityThread( 4051): hoder:android.app.IActivityManager$ContentProviderHolder@6b59c5f,provider,holder.Provider:android.content.ContentProviderProxy@172b6ac
D/Proxy   ( 4051): setHttpRequestCheckHandler
E/System  ( 4051): stat file error, path is /system/priv-app/MediaProvider/lib/arm64, exception is android.system.ErrnoException: stat failed: ENOENT (No such file or directory)
D/ActivityThread( 4051): installProvider: context.getPackageName()=com.android.providers.media
D/ActivityThread( 4051): installProvider: context.getPackageName()=com.android.providers.media
E/System  ( 4051): stat file error, path is /system/priv-app/DownloadProvider/lib/arm64, exception is android.system.ErrnoException: stat failed: ENOENT (No such file or directory)
I/DownloadManager( 4051): in removeSpuriousFiles
D/ActivityManager(  794): getContentProviderImpl: from caller=android.app.ApplicationThreadProxy@d70e70e (pid=4051, userId=0) to get content provider downloads cpr=null
D/ActivityThread( 4051): hoder:android.app.IActivityManager$ContentProviderHolder@2f8c7df1,provider,holder.Provider:null
D/ActivityThread( 4051): Loading provider downloads: com.android.providers.downloads.DownloadProvider
D/ActivityThread( 4051): installProvider: context.getPackageName()=com.android.providers.downloads
D/ActivityThread( 4051): installProvider: context.getPackageName()=com.android.providers.media
V/MediaProvider( 4051): onCreate>>> sdcard swap enabled = false, shared sdcard enabled = true
V/MediaProvider( 4051): attachVolume>>> volume=internal
V/MediaProvider( 4051): attachVolume<<< database=internal.db
D/Environment( 4051): getStorageVolume,  volume:StorageVolume:
D/Environment( 4051):     mStorageId=65537 mPath=/storage/emulated/0 mDescriptionId=17040808 
D/Environment( 4051):     mPrimary=true mRemovable=false mEmulated=true mMtpReserveSpace=10 
D/Environment( 4051):     mAllowMassStorage=false mMaxFileSize=0 mOwner=UserHandle{0} mUuid=null 
D/Environment( 4051):     mUserLabel=null mState=mounted 
V/MediaProvider( 4051): attachVolume>>> volume=external
I/StorageManagerEx( 4051): getExternalStoragePath path=/storage/sdcard1
D/StorageManagerEx( 4051): getExternalStoragePath path=/storage/sdcard1
V/MediaProvider( 4051): attachVolume: primaryPath=/storage/emulated/0, externalPath=/storage/sdcard1, isExternalStorageRemovable=false
D/MediaProvider( 4051): getDetachedDatabaseFromCache: databaseName = external.db, mDatabases = {internal=com.android.providers.media.MediaProvider$DatabaseHelper@27fbfa29}
E/SQLiteLog( 4051): (283) recovered 53 frames from WAL file /data/data/com.android.providers.media/databases/external.db-wal
D/Environment( 4051): getStorageVolume,  volume:StorageVolume:
D/Environment( 4051):     mStorageId=65537 mPath=/storage/emulated/0 mDescriptionId=17040808 
D/Environment( 4051):     mPrimary=true mRemovable=false mEmulated=true mMtpReserveSpace=10 
D/Environment( 4051):     mAllowMassStorage=false mMaxFileSize=0 mOwner=UserHandle{0} mUuid=null 
D/Environment( 4051):     mUserLabel=null mState=mounted 
D/MediaProvider( 4051):  ------------ createDefaultFolders ------------
V/MediaProvider( 4051): test album art path: /storage/emulated/0/Android/data/com.android.providers.media/albumthumbs
W/ActivityManager(  794): getRunningAppProcesses: caller 10006 does not hold REAL_GET_TASKS; limiting output
V/MediaProvider( 4051): attachVolume<<< database=external.db
D/AndroidRuntime( 4050): >>>>>> START com.android.internal.os.RuntimeInit uid 2000 <<<<<<
D/AndroidRuntime( 4050): wait_boot_oat_32 : done
V/MediaProvider( 4051): oncreate: lastLocaleString=zh_cn, currentLocaleString=zh_cn
V/MediaProvider( 4051): onCreate<<<: mLocale=zh_CN
D/ActivityThread( 4051): BIND_APPLICATION handled : 0 / AppBindData{appInfo=ApplicationInfo{29d9baba com.android.providers.media}}
D/ActivityThread( 4051): SVC-Creating service: CreateServiceData{token=android.os.BinderProxy@e755d6b className=com.android.providers.media.MtpService packageName=com.android.providers.media intent=null}
D/AndroidRuntime( 4050): CheckJNI is OFF
D/AndroidRuntime( 4050): language=-Duser.language=zh region=-Duser.region=CN
W/MtpService( 4051): updating state; keyguardManager.isKeyguardLocked()=false, keyguardManager.isKeyguardSecure()=true
D/DeviceStateService(  794): doCheckState handle=3
I/DeviceStateService(  794): Native: nativeDoCheckState env=942b1ac0,*env=9aff0360,,handle=3.
I/DeviceStateService(  794): Native: nativeDoCheckLockState i=0
I/DeviceStateService(  794): Native: nativeDoCheckLockState check1=0.
D/DeviceStateService(  794): Native: nativeDoCheckLockState check=0, lock_rtx->enable=0,lock_rtx->lock_state=0,result:0.
I/DeviceStateService(  794): Native: nativeDoCheckLockState result=0.
D/DeviceStateService(  794): doCheckState handle=4
I/DeviceStateService(  794): Native: nativeDoCheckState env=942b17c0,*env=9aff0360,,handle=4.
I/DeviceStateService(  794): Native: nativeDoCheckLockState i=0
I/DeviceStateService(  794): Native: nativeDoCheckLockState check1=0.
D/DeviceStateService(  794): Native: nativeDoCheckLockState check=0, lock_rtx->enable=0,lock_rtx->lock_state=0,result:0.
I/DeviceStateService(  794): Native: nativeDoCheckLockState result=0.
W/MtpService( 4051): updating state; isCurrentUser=true, mMtpDisabled=false
W/MtpService( 4051): onCreate: volumes.length=1
W/MtpService( 4051): onCreate: path of volumes[0]=/storage/emulated/0
W/MtpService( 4051): onCreate: state of volumes[0]=mounted
D/MtpService( 4051): addStorageLocked 65537 /storage/emulated/0
D/StorageManagerEx( 4051): getSdSwapState = 0
D/ActivityThread( 4051): SVC-CREATE_SERVICE handled : 0 / CreateServiceData{token=android.os.BinderProxy@e755d6b className=com.android.providers.media.MtpService packageName=com.android.providers.media intent=null}
D/ActivityThread( 4051): SVC-Calling onStartCommand: com.android.providers.media.MtpService@163190c8, flags=0, startId=14
W/MtpService( 4051): updating state; keyguardManager.isKeyguardLocked()=false, keyguardManager.isKeyguardSecure()=true
D/DeviceStateService(  794): doCheckState handle=3
I/DeviceStateService(  794): Native: nativeDoCheckState env=94007680,*env=9aff0360,,handle=3.
I/DeviceStateService(  794): Native: nativeDoCheckLockState i=0
I/DeviceStateService(  794): Native: nativeDoCheckLockState check1=0.
D/DeviceStateService(  794): Native: nativeDoCheckLockState check=0, lock_rtx->enable=0,lock_rtx->lock_state=0,result:0.
I/DeviceStateService(  794): Native: nativeDoCheckLockState result=0.
D/DeviceStateService(  794): doCheckState handle=4
I/DeviceStateService(  794): Native: nativeDoCheckState env=82cc8380,*env=9aff0360,,handle=4.
I/DeviceStateService(  794): Native: nativeDoCheckLockState i=0
I/DeviceStateService(  794): Native: nativeDoCheckLockState check1=0.
D/DeviceStateService(  794): Native: nativeDoCheckLockState check=0, lock_rtx->enable=0,lock_rtx->lock_state=0,result:0.
I/DeviceStateService(  794): Native: nativeDoCheckLockState result=0.
W/MtpService( 4051): updating state; isCurrentUser=true, mMtpDisabled=false
D/ActivityThread( 4051): SVC-SERVICE_ARGS handled : 0 / ServiceArgsData{token=android.os.BinderProxy@e755d6b startId=14 args=null}
D/ActivityThread( 4051): SVC-Creating service: CreateServiceData{token=android.os.BinderProxy@3b32f174 className=com.android.providers.downloads.DownloadService packageName=com.android.providers.downloads intent=null}
D/ActivityThread( 4051): SVC-CREATE_SERVICE handled : 0 / CreateServiceData{token=android.os.BinderProxy@3b32f174 className=com.android.providers.downloads.DownloadService packageName=com.android.providers.downloads intent=null}
D/ActivityThread( 4051): SVC-Calling onStartCommand: com.android.providers.downloads.DownloadService@2dfa569d, flags=0, startId=34
D/ActivityThread( 4051): SVC-SERVICE_ARGS handled : 0 / ServiceArgsData{token=android.os.BinderProxy@3b32f174 startId=34 args=null}
D/ActivityThread( 4051): SVC-Calling onStartCommand: com.android.providers.downloads.DownloadService@2dfa569d, flags=0, startId=35
D/ActivityThread( 4051): SVC-SERVICE_ARGS handled : 0 / ServiceArgsData{token=android.os.BinderProxy@3b32f174 startId=35 args=Intent { cmp=com.android.providers.downloads/.DownloadService }}
D/ActivityThread( 4051): SVC-Calling onStartCommand: com.android.providers.downloads.DownloadService@2dfa569d, flags=0, startId=36
D/ActivityThread( 4051): SVC-SERVICE_ARGS handled : 0 / ServiceArgsData{token=android.os.BinderProxy@3b32f174 startId=36 args=Intent { cmp=com.android.providers.downloads/.DownloadService }}
D/CSLegacyTypeTracker(  794): getNetworkForType type 0
D/CSLegacyTypeTracker(  794): getNetworkForType type 1
D/CSLegacyTypeTracker(  794): getNetworkForType type 2
D/CSLegacyTypeTracker(  794): getNetworkForType type 3
D/CSLegacyTypeTracker(  794): getNetworkForType type 4
D/CSLegacyTypeTracker(  794): getNetworkForType type 5
D/CSLegacyTypeTracker(  794): getNetworkForType type 7
D/CSLegacyTypeTracker(  794): getNetworkForType type 10
D/CSLegacyTypeTracker(  794): getNetworkForType type 11
D/CSLegacyTypeTracker(  794): getNetworkForType type 12
D/CSLegacyTypeTracker(  794): getNetworkForType type 14
D/CSLegacyTypeTracker(  794): getNetworkForType type 15
D/CSLegacyTypeTracker(  794): getNetworkForType type 17
D/CSLegacyTypeTracker(  794): getNetworkForType type 34
D/CSLegacyTypeTracker(  794): getNetworkForType type 35
D/CSLegacyTypeTracker(  794): getNetworkForType type 36
D/CSLegacyTypeTracker(  794): getNetworkForType type 37
D/CSLegacyTypeTracker(  794): getNetworkForType type 38
D/CSLegacyTypeTracker(  794): getNetworkForType type 40
D/CSLegacyTypeTracker(  794): getNetworkForType type 41
D/CSLegacyTypeTracker(  794): getNetworkForType type 49
D/CSLegacyTypeTracker(  794): getNetworkForType type 0
D/CSLegacyTypeTracker(  794): getNetworkForType type 1
D/CSLegacyTypeTracker(  794): getNetworkForType type 2
D/CSLegacyTypeTracker(  794): getNetworkForType type 3
D/CSLegacyTypeTracker(  794): getNetworkForType type 4
D/CSLegacyTypeTracker(  794): getNetworkForType type 5
D/CSLegacyTypeTracker(  794): getNetworkForType type 7
D/CSLegacyTypeTracker(  794): getNetworkForType type 10
D/CSLegacyTypeTracker(  794): getNetworkForType type 11
D/CSLegacyTypeTracker(  794): getNetworkForType type 12
D/CSLegacyTypeTracker(  794): getNetworkForType type 14
D/CSLegacyTypeTracker(  794): getNetworkForType type 15
D/CSLegacyTypeTracker(  794): getNetworkForType type 17
D/CSLegacyTypeTracker(  794): getNetworkForType type 34
D/CSLegacyTypeTracker(  794): getNetworkForType type 35
D/CSLegacyTypeTracker(  794): getNetworkForType type 36
D/CSLegacyTypeTracker(  794): getNetworkForType type 37
D/CSLegacyTypeTracker(  794): getNetworkForType type 38
D/CSLegacyTypeTracker(  794): getNetworkForType type 40
D/CSLegacyTypeTracker(  794): getNetworkForType type 41
D/CSLegacyTypeTracker(  794): getNetworkForType type 49
D/CSLegacyTypeTracker(  794): getNetworkForType type 0
D/CSLegacyTypeTracker(  794): getNetworkForType type 1
D/CSLegacyTypeTracker(  794): getNetworkForType type 2
D/CSLegacyTypeTracker(  794): getNetworkForType type 3
D/CSLegacyTypeTracker(  794): getNetworkForType type 4
D/CSLegacyTypeTracker(  794): getNetworkForType type 5
D/CSLegacyTypeTracker(  794): getNetworkForType type 7
D/CSLegacyTypeTracker(  794): getNetworkForType type 10
D/CSLegacyTypeTracker(  794): getNetworkForType type 11
D/CSLegacyTypeTracker(  794): getNetworkForType type 12
D/CSLegacyTypeTracker(  794): getNetworkForType type 14
D/CSLegacyTypeTracker(  794): getNetworkForType type 15
D/CSLegacyTypeTracker(  794): getNetworkForType type 17
D/CSLegacyTypeTracker(  794): getNetworkForType type 34
D/CSLegacyTypeTracker(  794): getNetworkForType type 35
D/CSLegacyTypeTracker(  794): getNetworkForType type 36
D/CSLegacyTypeTracker(  794): getNetworkForType type 37
D/CSLegacyTypeTracker(  794): getNetworkForType type 38
D/CSLegacyTypeTracker(  794): getNetworkForType type 40
D/CSLegacyTypeTracker(  794): getNetworkForType type 41
D/CSLegacyTypeTracker(  794): getNetworkForType type 49
D/CSLegacyTypeTracker(  794): getNetworkForType type 0
D/CSLegacyTypeTracker(  794): getNetworkForType type 1
D/CSLegacyTypeTracker(  794): getNetworkForType type 2
D/CSLegacyTypeTracker(  794): getNetworkForType type 3
D/CSLegacyTypeTracker(  794): getNetworkForType type 4
D/CSLegacyTypeTracker(  794): getNetworkForType type 5
D/CSLegacyTypeTracker(  794): getNetworkForType type 7
D/CSLegacyTypeTracker(  794): getNetworkForType type 10
D/CSLegacyTypeTracker(  794): getNetworkForType type 11
D/CSLegacyTypeTracker(  794): getNetworkForType type 12
D/CSLegacyTypeTracker(  794): getNetworkForType type 14
D/CSLegacyTypeTracker(  794): getNetworkForType type 15
D/CSLegacyTypeTracker(  794): getNetworkForType type 17
D/CSLegacyTypeTracker(  794): getNetworkForType type 34
D/CSLegacyTypeTracker(  794): getNetworkForType type 35
D/CSLegacyTypeTracker(  794): getNetworkForType type 36
D/CSLegacyTypeTracker(  794): getNetworkForType type 37
D/CSLegacyTypeTracker(  794): getNetworkForType type 38
D/CSLegacyTypeTracker(  794): getNetworkForType type 40
D/CSLegacyTypeTracker(  794): getNetworkForType type 41
D/CSLegacyTypeTracker(  794): getNetworkForType type 49
D/CSLegacyTypeTracker(  794): getNetworkForType type 0
D/CSLegacyTypeTracker(  794): getNetworkForType type 1
D/CSLegacyTypeTracker(  794): getNetworkForType type 2
D/CSLegacyTypeTracker(  794): getNetworkForType type 3
D/CSLegacyTypeTracker(  794): getNetworkForType type 4
D/CSLegacyTypeTracker(  794): getNetworkForType type 5
D/CSLegacyTypeTracker(  794): getNetworkForType type 7
D/CSLegacyTypeTracker(  794): getNetworkForType type 10
D/CSLegacyTypeTracker(  794): getNetworkForType type 11
D/CSLegacyTypeTracker(  794): getNetworkForType type 12
D/CSLegacyTypeTracker(  794): getNetworkForType type 14
D/CSLegacyTypeTracker(  794): getNetworkForType type 15
D/CSLegacyTypeTracker(  794): getNetworkForType type 17
D/CSLegacyTypeTracker(  794): getNetworkForType type 34
D/CSLegacyTypeTracker(  794): getNetworkForType type 35
D/CSLegacyTypeTracker(  794): getNetworkForType type 36
D/CSLegacyTypeTracker(  794): getNetworkForType type 37
D/CSLegacyTypeTracker(  794): getNetworkForType type 38
D/CSLegacyTypeTracker(  794): getNetworkForType type 40
D/CSLegacyTypeTracker(  794): getNetworkForType type 41
D/CSLegacyTypeTracker(  794): getNetworkForType type 49
D/CSLegacyTypeTracker(  794): getNetworkForType type 0
D/CSLegacyTypeTracker(  794): getNetworkForType type 1
D/CSLegacyTypeTracker(  794): getNetworkForType type 2
D/CSLegacyTypeTracker(  794): getNetworkForType type 3
D/CSLegacyTypeTracker(  794): getNetworkForType type 4
D/CSLegacyTypeTracker(  794): getNetworkForType type 5
D/CSLegacyTypeTracker(  794): getNetworkForType type 7
D/CSLegacyTypeTracker(  794): getNetworkForType type 10
D/CSLegacyTypeTracker(  794): getNetworkForType type 11
D/CSLegacyTypeTracker(  794): getNetworkForType type 12
D/CSLegacyTypeTracker(  794): getNetworkForType type 14
D/CSLegacyTypeTracker(  794): getNetworkForType type 15
D/CSLegacyTypeTracker(  794): getNetworkForType type 17
D/CSLegacyTypeTracker(  794): getNetworkForType type 34
D/CSLegacyTypeTracker(  794): getNetworkForType type 35
D/CSLegacyTypeTracker(  794): getNetworkForType type 36
D/CSLegacyTypeTracker(  794): getNetworkForType type 37
D/CSLegacyTypeTracker(  794): getNetworkForType type 38
D/CSLegacyTypeTracker(  794): getNetworkForType type 40
D/CSLegacyTypeTracker(  794): getNetworkForType type 41
D/CSLegacyTypeTracker(  794): getNetworkForType type 49
D/CSLegacyTypeTracker(  794): getNetworkForType type 0
D/CSLegacyTypeTracker(  794): getNetworkForType type 1
D/CSLegacyTypeTracker(  794): getNetworkForType type 2
D/CSLegacyTypeTracker(  794): getNetworkForType type 3
D/CSLegacyTypeTracker(  794): getNetworkForType type 4
D/CSLegacyTypeTracker(  794): getNetworkForType type 5
D/CSLegacyTypeTracker(  794): getNetworkForType type 7
D/CSLegacyTypeTracker(  794): getNetworkForType type 10
D/CSLegacyTypeTracker(  794): getNetworkForType type 11
D/CSLegacyTypeTracker(  794): getNetworkForType type 12
D/CSLegacyTypeTracker(  794): getNetworkForType type 14
D/CSLegacyTypeTracker(  794): getNetworkForType type 15
D/CSLegacyTypeTracker(  794): getNetworkForType type 17
D/CSLegacyTypeTracker(  794): getNetworkForType type 34
D/CSLegacyTypeTracker(  794): getNetworkForType type 35
D/CSLegacyTypeTracker(  794): getNetworkForType type 36
D/CSLegacyTypeTracker(  794): getNetworkForType type 37
D/CSLegacyTypeTracker(  794): getNetworkForType type 38
D/CSLegacyTypeTracker(  794): getNetworkForType type 40
D/CSLegacyTypeTracker(  794): getNetworkForType type 41
D/CSLegacyTypeTracker(  794): getNetworkForType type 49
D/CSLegacyTypeTracker(  794): getNetworkForType type 0
D/CSLegacyTypeTracker(  794): getNetworkForType type 1
D/CSLegacyTypeTracker(  794): getNetworkForType type 2
D/CSLegacyTypeTracker(  794): getNetworkForType type 3
D/CSLegacyTypeTracker(  794): getNetworkForType type 4
D/CSLegacyTypeTracker(  794): getNetworkForType type 5
D/CSLegacyTypeTracker(  794): getNetworkForType type 7
D/CSLegacyTypeTracker(  794): getNetworkForType type 10
D/CSLegacyTypeTracker(  794): getNetworkForType type 11
D/CSLegacyTypeTracker(  794): getNetworkForType type 12
D/CSLegacyTypeTracker(  794): getNetworkForType type 14
D/CSLegacyTypeTracker(  794): getNetworkForType type 15
D/CSLegacyTypeTracker(  794): getNetworkForType type 17
D/CSLegacyTypeTracker(  794): getNetworkForType type 34
D/CSLegacyTypeTracker(  794): getNetworkForType type 35
D/CSLegacyTypeTracker(  794): getNetworkForType type 36
D/CSLegacyTypeTracker(  794): getNetworkForType type 37
D/CSLegacyTypeTracker(  794): getNetworkForType type 38
D/CSLegacyTypeTracker(  794): getNetworkForType type 40
D/CSLegacyTypeTracker(  794): getNetworkForType type 41
D/CSLegacyTypeTracker(  794): getNetworkForType type 49
D/CSLegacyTypeTracker(  794): getNetworkForType type 0
D/CSLegacyTypeTracker(  794): getNetworkForType type 1
D/CSLegacyTypeTracker(  794): getNetworkForType type 2
D/CSLegacyTypeTracker(  794): getNetworkForType type 3
D/CSLegacyTypeTracker(  794): getNetworkForType type 4
D/CSLegacyTypeTracker(  794): getNetworkForType type 5
D/CSLegacyTypeTracker(  794): getNetworkForType type 7
D/CSLegacyTypeTracker(  794): getNetworkForType type 10
D/CSLegacyTypeTracker(  794): getNetworkForType type 11
D/CSLegacyTypeTracker(  794): getNetworkForType type 12
D/CSLegacyTypeTracker(  794): getNetworkForType type 14
D/CSLegacyTypeTracker(  794): getNetworkForType type 15
D/CSLegacyTypeTracker(  794): getNetworkForType type 17
D/CSLegacyTypeTracker(  794): getNetworkForType type 34
D/CSLegacyTypeTracker(  794): getNetworkForType type 35
D/CSLegacyTypeTracker(  794): getNetworkForType type 36
D/CSLegacyTypeTracker(  794): getNetworkForType type 37
D/CSLegacyTypeTracker(  794): getNetworkForType type 38
D/CSLegacyTypeTracker(  794): getNetworkForType type 40
D/CSLegacyTypeTracker(  794): getNetworkForType type 41
D/CSLegacyTypeTracker(  794): getNetworkForType type 49
D/CSLegacyTypeTracker(  794): getNetworkForType type 0
D/CSLegacyTypeTracker(  794): getNetworkForType type 1
D/CSLegacyTypeTracker(  794): getNetworkForType type 2
D/CSLegacyTypeTracker(  794): getNetworkForType type 3
D/CSLegacyTypeTracker(  794): getNetworkForType type 4
D/CSLegacyTypeTracker(  794): getNetworkForType type 5
D/CSLegacyTypeTracker(  794): getNetworkForType type 7
D/CSLegacyTypeTracker(  794): getNetworkForType type 10
D/CSLegacyTypeTracker(  794): getNetworkForType type 11
D/CSLegacyTypeTracker(  794): getNetworkForType type 12
D/CSLegacyTypeTracker(  794): getNetworkForType type 14
D/CSLegacyTypeTracker(  794): getNetworkForType type 15
D/CSLegacyTypeTracker(  794): getNetworkForType type 17
D/CSLegacyTypeTracker(  794): getNetworkForType type 34
D/CSLegacyTypeTracker(  794): getNetworkForType type 35
D/CSLegacyTypeTracker(  794): getNetworkForType type 36
D/CSLegacyTypeTracker(  794): getNetworkForType type 37
D/CSLegacyTypeTracker(  794): getNetworkForType type 38
D/CSLegacyTypeTracker(  794): getNetworkForType type 40
D/CSLegacyTypeTracker(  794): getNetworkForType type 41
D/CSLegacyTypeTracker(  794): getNetworkForType type 49
D/CSLegacyTypeTracker(  794): getNetworkForType type 0
D/CSLegacyTypeTracker(  794): getNetworkForType type 1
D/CSLegacyTypeTracker(  794): getNetworkForType type 2
D/CSLegacyTypeTracker(  794): getNetworkForType type 3
D/CSLegacyTypeTracker(  794): getNetworkForType type 4
D/CSLegacyTypeTracker(  794): getNetworkForType type 5
D/CSLegacyTypeTracker(  794): getNetworkForType type 7
D/CSLegacyTypeTracker(  794): getNetworkForType type 10
D/CSLegacyTypeTracker(  794): getNetworkForType type 11
D/CSLegacyTypeTracker(  794): getNetworkForType type 12
D/CSLegacyTypeTracker(  794): getNetworkForType type 14
D/CSLegacyTypeTracker(  794): getNetworkForType type 15
D/CSLegacyTypeTracker(  794): getNetworkForType type 17
D/CSLegacyTypeTracker(  794): getNetworkForType type 34
D/CSLegacyTypeTracker(  794): getNetworkForType type 35
D/CSLegacyTypeTracker(  794): getNetworkForType type 36
D/CSLegacyTypeTracker(  794): getNetworkForType type 37
D/CSLegacyTypeTracker(  794): getNetworkForType type 38
D/CSLegacyTypeTracker(  794): getNetworkForType type 40
D/CSLegacyTypeTracker(  794): getNetworkForType type 41
D/CSLegacyTypeTracker(  794): getNetworkForType type 49
D/CSLegacyTypeTracker(  794): getNetworkForType type 0
D/CSLegacyTypeTracker(  794): getNetworkForType type 1
D/CSLegacyTypeTracker(  794): getNetworkForType type 2
D/CSLegacyTypeTracker(  794): getNetworkForType type 3
D/CSLegacyTypeTracker(  794): getNetworkForType type 4
D/CSLegacyTypeTracker(  794): getNetworkForType type 5
D/CSLegacyTypeTracker(  794): getNetworkForType type 7
D/CSLegacyTypeTracker(  794): getNetworkForType type 10
D/CSLegacyTypeTracker(  794): getNetworkForType type 11
D/CSLegacyTypeTracker(  794): getNetworkForType type 12
D/CSLegacyTypeTracker(  794): getNetworkForType type 14
D/CSLegacyTypeTracker(  794): getNetworkForType type 15
D/CSLegacyTypeTracker(  794): getNetworkForType type 17
D/CSLegacyTypeTracker(  794): getNetworkForType type 34
D/CSLegacyTypeTracker(  794): getNetworkForType type 35
D/CSLegacyTypeTracker(  794): getNetworkForType type 36
D/CSLegacyTypeTracker(  794): getNetworkForType type 37
D/CSLegacyTypeTracker(  794): getNetworkForType type 38
D/CSLegacyTypeTracker(  794): getNetworkForType type 40
D/CSLegacyTypeTracker(  794): getNetworkForType type 41
D/CSLegacyTypeTracker(  794): getNetworkForType type 49
D/CSLegacyTypeTracker(  794): getNetworkForType type 0
D/CSLegacyTypeTracker(  794): getNetworkForType type 1
D/CSLegacyTypeTracker(  794): getNetworkForType type 2
D/CSLegacyTypeTracker(  794): getNetworkForType type 3
D/CSLegacyTypeTracker(  794): getNetworkForType type 4
D/CSLegacyTypeTracker(  794): getNetworkForType type 5
D/CSLegacyTypeTracker(  794): getNetworkForType type 7
D/CSLegacyTypeTracker(  794): getNetworkForType type 10
D/CSLegacyTypeTracker(  794): getNetworkForType type 11
D/CSLegacyTypeTracker(  794): getNetworkForType type 12
D/CSLegacyTypeTracker(  794): getNetworkForType type 14
D/CSLegacyTypeTracker(  794): getNetworkForType type 15
D/CSLegacyTypeTracker(  794): getNetworkForType type 17
D/CSLegacyTypeTracker(  794): getNetworkForType type 34
D/CSLegacyTypeTracker(  794): getNetworkForType type 35
D/CSLegacyTypeTracker(  794): getNetworkForType type 36
D/CSLegacyTypeTracker(  794): getNetworkForType type 37
D/CSLegacyTypeTracker(  794): getNetworkForType type 38
D/CSLegacyTypeTracker(  794): getNetworkForType type 40
D/CSLegacyTypeTracker(  794): getNetworkForType type 41
D/CSLegacyTypeTracker(  794): getNetworkForType type 49
D/CSLegacyTypeTracker(  794): getNetworkForType type 0
D/CSLegacyTypeTracker(  794): getNetworkForType type 1
D/CSLegacyTypeTracker(  794): getNetworkForType type 2
D/CSLegacyTypeTracker(  794): getNetworkForType type 3
D/CSLegacyTypeTracker(  794): getNetworkForType type 4
D/CSLegacyTypeTracker(  794): getNetworkForType type 5
D/CSLegacyTypeTracker(  794): getNetworkForType type 7
D/CSLegacyTypeTracker(  794): getNetworkForType type 10
D/CSLegacyTypeTracker(  794): getNetworkForType type 11
D/CSLegacyTypeTracker(  794): getNetworkForType type 12
D/CSLegacyTypeTracker(  794): getNetworkForType type 14
D/CSLegacyTypeTracker(  794): getNetworkForType type 15
D/CSLegacyTypeTracker(  794): getNetworkForType type 17
D/CSLegacyTypeTracker(  794): getNetworkForType type 34
D/CSLegacyTypeTracker(  794): getNetworkForType type 35
D/CSLegacyTypeTracker(  794): getNetworkForType type 36
D/CSLegacyTypeTracker(  794): getNetworkForType type 37
D/CSLegacyTypeTracker(  794): getNetworkForType type 38
D/CSLegacyTypeTracker(  794): getNetworkForType type 40
D/CSLegacyTypeTracker(  794): getNetworkForType type 41
D/CSLegacyTypeTracker(  794): getNetworkForType type 49
D/CSLegacyTypeTracker(  794): getNetworkForType type 0
D/CSLegacyTypeTracker(  794): getNetworkForType type 1
D/CSLegacyTypeTracker(  794): getNetworkForType type 2
D/CSLegacyTypeTracker(  794): getNetworkForType type 3
D/CSLegacyTypeTracker(  794): getNetworkForType type 4
D/CSLegacyTypeTracker(  794): getNetworkForType type 5
D/CSLegacyTypeTracker(  794): getNetworkForType type 7
D/CSLegacyTypeTracker(  794): getNetworkForType type 10
D/CSLegacyTypeTracker(  794): getNetworkForType type 11
D/CSLegacyTypeTracker(  794): getNetworkForType type 12
D/CSLegacyTypeTracker(  794): getNetworkForType type 14
D/CSLegacyTypeTracker(  794): getNetworkForType type 15
D/CSLegacyTypeTracker(  794): getNetworkForType type 17
D/CSLegacyTypeTracker(  794): getNetworkForType type 34
D/CSLegacyTypeTracker(  794): getNetworkForType type 35
D/CSLegacyTypeTracker(  794): getNetworkForType type 36
D/CSLegacyTypeTracker(  794): getNetworkForType type 37
D/CSLegacyTypeTracker(  794): getNetworkForType type 38
D/CSLegacyTypeTracker(  794): getNetworkForType type 40
D/CSLegacyTypeTracker(  794): getNetworkForType type 41
D/CSLegacyTypeTracker(  794): getNetworkForType type 49
D/CSLegacyTypeTracker(  794): getNetworkForType type 0
D/CSLegacyTypeTracker(  794): getNetworkForType type 1
D/CSLegacyTypeTracker(  794): getNetworkForType type 2
D/CSLegacyTypeTracker(  794): getNetworkForType type 3
D/CSLegacyTypeTracker(  794): getNetworkForType type 4
D/CSLegacyTypeTracker(  794): getNetworkForType type 5
D/CSLegacyTypeTracker(  794): getNetworkForType type 7
D/CSLegacyTypeTracker(  794): getNetworkForType type 10
D/CSLegacyTypeTracker(  794): getNetworkForType type 11
D/CSLegacyTypeTracker(  794): getNetworkForType type 12
D/CSLegacyTypeTracker(  794): getNetworkForType type 14
D/CSLegacyTypeTracker(  794): getNetworkForType type 15
D/CSLegacyTypeTracker(  794): getNetworkForType type 17
D/CSLegacyTypeTracker(  794): getNetworkForType type 34
D/CSLegacyTypeTracker(  794): getNetworkForType type 35
D/CSLegacyTypeTracker(  794): getNetworkForType type 36
D/CSLegacyTypeTracker(  794): getNetworkForType type 37
D/CSLegacyTypeTracker(  794): getNetworkForType type 38
D/CSLegacyTypeTracker(  794): getNetworkForType type 40
D/CSLegacyTypeTracker(  794): getNetworkForType type 41
D/CSLegacyTypeTracker(  794): getNetworkForType type 49
D/CSLegacyTypeTracker(  794): getNetworkForType type 0
D/CSLegacyTypeTracker(  794): getNetworkForType type 1
D/CSLegacyTypeTracker(  794): getNetworkForType type 2
D/CSLegacyTypeTracker(  794): getNetworkForType type 3
D/CSLegacyTypeTracker(  794): getNetworkForType type 4
D/CSLegacyTypeTracker(  794): getNetworkForType type 5
D/CSLegacyTypeTracker(  794): getNetworkForType type 7
D/CSLegacyTypeTracker(  794): getNetworkForType type 10
D/CSLegacyTypeTracker(  794): getNetworkForType type 11
D/CSLegacyTypeTracker(  794): getNetworkForType type 12
D/CSLegacyTypeTracker(  794): getNetworkForType type 14
D/CSLegacyTypeTracker(  794): getNetworkForType type 15
D/CSLegacyTypeTracker(  794): getNetworkForType type 17
D/CSLegacyTypeTracker(  794): getNetworkForType type 34
D/CSLegacyTypeTracker(  794): getNetworkForType type 35
D/CSLegacyTypeTracker(  794): getNetworkForType type 36
D/CSLegacyTypeTracker(  794): getNetworkForType type 37
D/CSLegacyTypeTracker(  794): getNetworkForType type 38
D/CSLegacyTypeTracker(  794): getNetworkForType type 40
D/CSLegacyTypeTracker(  794): getNetworkForType type 41
D/CSLegacyTypeTracker(  794): getNetworkForType type 49
D/CSLegacyTypeTracker(  794): getNetworkForType type 0
D/CSLegacyTypeTracker(  794): getNetworkForType type 1
D/CSLegacyTypeTracker(  794): getNetworkForType type 2
D/CSLegacyTypeTracker(  794): getNetworkForType type 3
D/CSLegacyTypeTracker(  794): getNetworkForType type 4
D/CSLegacyTypeTracker(  794): getNetworkForType type 5
D/CSLegacyTypeTracker(  794): getNetworkForType type 7
D/CSLegacyTypeTracker(  794): getNetworkForType type 10
D/CSLegacyTypeTracker(  794): getNetworkForType type 11
D/CSLegacyTypeTracker(  794): getNetworkForType type 12
D/CSLegacyTypeTracker(  794): getNetworkForType type 14
D/CSLegacyTypeTracker(  794): getNetworkForType type 15
D/CSLegacyTypeTracker(  794): getNetworkForType type 17
D/CSLegacyTypeTracker(  794): getNetworkForType type 34
D/CSLegacyTypeTracker(  794): getNetworkForType type 35
D/CSLegacyTypeTracker(  794): getNetworkForType type 36
D/CSLegacyTypeTracker(  794): getNetworkForType type 37
D/CSLegacyTypeTracker(  794): getNetworkForType type 38
D/CSLegacyTypeTracker(  794): getNetworkForType type 40
D/CSLegacyTypeTracker(  794): getNetworkForType type 41
D/CSLegacyTypeTracker(  794): getNetworkForType type 49
D/CSLegacyTypeTracker(  794): getNetworkForType type 0
D/CSLegacyTypeTracker(  794): getNetworkForType type 1
D/CSLegacyTypeTracker(  794): getNetworkForType type 2
D/CSLegacyTypeTracker(  794): getNetworkForType type 3
D/CSLegacyTypeTracker(  794): getNetworkForType type 4
D/CSLegacyTypeTracker(  794): getNetworkForType type 5
D/CSLegacyTypeTracker(  794): getNetworkForType type 7
D/CSLegacyTypeTracker(  794): getNetworkForType type 10
D/CSLegacyTypeTracker(  794): getNetworkForType type 11
D/CSLegacyTypeTracker(  794): getNetworkForType type 12
D/CSLegacyTypeTracker(  794): getNetworkForType type 14
D/CSLegacyTypeTracker(  794): getNetworkForType type 15
D/CSLegacyTypeTracker(  794): getNetworkForType type 17
D/CSLegacyTypeTracker(  794): getNetworkForType type 34
D/CSLegacyTypeTracker(  794): getNetworkForType type 35
D/CSLegacyTypeTracker(  794): getNetworkForType type 36
D/CSLegacyTypeTracker(  794): getNetworkForType type 37
D/CSLegacyTypeTracker(  794): getNetworkForType type 38
D/CSLegacyTypeTracker(  794): getNetworkForType type 40
D/CSLegacyTypeTracker(  794): getNetworkForType type 41
D/CSLegacyTypeTracker(  794): getNetworkForType type 49
D/CSLegacyTypeTracker(  794): getNetworkForType type 0
D/CSLegacyTypeTracker(  794): getNetworkForType type 1
D/CSLegacyTypeTracker(  794): getNetworkForType type 2
D/CSLegacyTypeTracker(  794): getNetworkForType type 3
D/CSLegacyTypeTracker(  794): getNetworkForType type 4
D/CSLegacyTypeTracker(  794): getNetworkForType type 5
D/CSLegacyTypeTracker(  794): getNetworkForType type 7
D/CSLegacyTypeTracker(  794): getNetworkForType type 10
D/CSLegacyTypeTracker(  794): getNetworkForType type 11
D/CSLegacyTypeTracker(  794): getNetworkForType type 12
D/CSLegacyTypeTracker(  794): getNetworkForType type 14
D/CSLegacyTypeTracker(  794): getNetworkForType type 15
D/CSLegacyTypeTracker(  794): getNetworkForType type 17
D/CSLegacyTypeTracker(  794): getNetworkForType type 34
D/CSLegacyTypeTracker(  794): getNetworkForType type 35
D/CSLegacyTypeTracker(  794): getNetworkForType type 36
D/CSLegacyTypeTracker(  794): getNetworkForType type 37
D/CSLegacyTypeTracker(  794): getNetworkForType type 38
D/CSLegacyTypeTracker(  794): getNetworkForType type 40
D/CSLegacyTypeTracker(  794): getNetworkForType type 41
D/CSLegacyTypeTracker(  794): getNetworkForType type 49
D/CSLegacyTypeTracker(  794): getNetworkForType type 0
D/CSLegacyTypeTracker(  794): getNetworkForType type 1
D/CSLegacyTypeTracker(  794): getNetworkForType type 2
D/CSLegacyTypeTracker(  794): getNetworkForType type 3
D/CSLegacyTypeTracker(  794): getNetworkForType type 4
D/CSLegacyTypeTracker(  794): getNetworkForType type 5
D/CSLegacyTypeTracker(  794): getNetworkForType type 7
D/CSLegacyTypeTracker(  794): getNetworkForType type 10
D/CSLegacyTypeTracker(  794): getNetworkForType type 11
D/CSLegacyTypeTracker(  794): getNetworkForType type 12
D/CSLegacyTypeTracker(  794): getNetworkForType type 14
D/CSLegacyTypeTracker(  794): getNetworkForType type 15
D/CSLegacyTypeTracker(  794): getNetworkForType type 17
D/CSLegacyTypeTracker(  794): getNetworkForType type 34
D/CSLegacyTypeTracker(  794): getNetworkForType type 35
D/CSLegacyTypeTracker(  794): getNetworkForType type 36
D/CSLegacyTypeTracker(  794): getNetworkForType type 37
D/CSLegacyTypeTracker(  794): getNetworkForType type 38
D/CSLegacyTypeTracker(  794): getNetworkForType type 40
D/CSLegacyTypeTracker(  794): getNetworkForType type 41
D/CSLegacyTypeTracker(  794): getNetworkForType type 49
D/CSLegacyTypeTracker(  794): getNetworkForType type 0
D/CSLegacyTypeTracker(  794): getNetworkForType type 1
D/CSLegacyTypeTracker(  794): getNetworkForType type 2
D/CSLegacyTypeTracker(  794): getNetworkForType type 3
D/CSLegacyTypeTracker(  794): getNetworkForType type 4
D/CSLegacyTypeTracker(  794): getNetworkForType type 5
D/CSLegacyTypeTracker(  794): getNetworkForType type 7
D/CSLegacyTypeTracker(  794): getNetworkForType type 10
D/CSLegacyTypeTracker(  794): getNetworkForType type 11
D/CSLegacyTypeTracker(  794): getNetworkForType type 12
D/CSLegacyTypeTracker(  794): getNetworkForType type 14
D/CSLegacyTypeTracker(  794): getNetworkForType type 15
D/CSLegacyTypeTracker(  794): getNetworkForType type 17
D/CSLegacyTypeTracker(  794): getNetworkForType type 34
D/CSLegacyTypeTracker(  794): getNetworkForType type 35
D/CSLegacyTypeTracker(  794): getNetworkForType type 36
D/CSLegacyTypeTracker(  794): getNetworkForType type 37
D/CSLegacyTypeTracker(  794): getNetworkForType type 38
D/CSLegacyTypeTracker(  794): getNetworkForType type 40
D/CSLegacyTypeTracker(  794): getNetworkForType type 41
D/CSLegacyTypeTracker(  794): getNetworkForType type 49
D/CSLegacyTypeTracker(  794): getNetworkForType type 0
D/CSLegacyTypeTracker(  794): getNetworkForType type 1
D/CSLegacyTypeTracker(  794): getNetworkForType type 2
D/CSLegacyTypeTracker(  794): getNetworkForType type 3
D/CSLegacyTypeTracker(  794): getNetworkForType type 4
D/CSLegacyTypeTracker(  794): getNetworkForType type 5
D/CSLegacyTypeTracker(  794): getNetworkForType type 7
D/CSLegacyTypeTracker(  794): getNetworkForType type 10
D/CSLegacyTypeTracker(  794): getNetworkForType type 11
D/CSLegacyTypeTracker(  794): getNetworkForType type 12
D/CSLegacyTypeTracker(  794): getNetworkForType type 14
D/CSLegacyTypeTracker(  794): getNetworkForType type 15
D/CSLegacyTypeTracker(  794): getNetworkForType type 17
D/CSLegacyTypeTracker(  794): getNetworkForType type 34
D/CSLegacyTypeTracker(  794): getNetworkForType type 35
D/CSLegacyTypeTracker(  794): getNetworkForType type 36
D/CSLegacyTypeTracker(  794): getNetworkForType type 37
D/CSLegacyTypeTracker(  794): getNetworkForType type 38
D/CSLegacyTypeTracker(  794): getNetworkForType type 40
D/CSLegacyTypeTracker(  794): getNetworkForType type 41
D/CSLegacyTypeTracker(  794): getNetworkForType type 49
D/CSLegacyTypeTracker(  794): getNetworkForType type 0
D/CSLegacyTypeTracker(  794): getNetworkForType type 1
D/CSLegacyTypeTracker(  794): getNetworkForType type 2
D/CSLegacyTypeTracker(  794): getNetworkForType type 3
D/CSLegacyTypeTracker(  794): getNetworkForType type 4
D/CSLegacyTypeTracker(  794): getNetworkForType type 5
D/CSLegacyTypeTracker(  794): getNetworkForType type 7
D/CSLegacyTypeTracker(  794): getNetworkForType type 10
D/CSLegacyTypeTracker(  794): getNetworkForType type 11
D/CSLegacyTypeTracker(  794): getNetworkForType type 12
D/CSLegacyTypeTracker(  794): getNetworkForType type 14
D/CSLegacyTypeTracker(  794): getNetworkForType type 15
D/CSLegacyTypeTracker(  794): getNetworkForType type 17
D/CSLegacyTypeTracker(  794): getNetworkForType type 34
D/CSLegacyTypeTracker(  794): getNetworkForType type 35
D/CSLegacyTypeTracker(  794): getNetworkForType type 36
D/CSLegacyTypeTracker(  794): getNetworkForType type 37
D/CSLegacyTypeTracker(  794): getNetworkForType type 38
D/CSLegacyTypeTracker(  794): getNetworkForType type 40
D/CSLegacyTypeTracker(  794): getNetworkForType type 41
D/CSLegacyTypeTracker(  794): getNetworkForType type 49
D/CSLegacyTypeTracker(  794): getNetworkForType type 0
D/CSLegacyTypeTracker(  794): getNetworkForType type 1
D/CSLegacyTypeTracker(  794): getNetworkForType type 2
D/CSLegacyTypeTracker(  794): getNetworkForType type 3
D/CSLegacyTypeTracker(  794): getNetworkForType type 4
D/CSLegacyTypeTracker(  794): getNetworkForType type 5
D/CSLegacyTypeTracker(  794): getNetworkForType type 7
D/CSLegacyTypeTracker(  794): getNetworkForType type 10
D/CSLegacyTypeTracker(  794): getNetworkForType type 11
D/CSLegacyTypeTracker(  794): getNetworkForType type 12
D/CSLegacyTypeTracker(  794): getNetworkForType type 14
D/CSLegacyTypeTracker(  794): getNetworkForType type 15
D/CSLegacyTypeTracker(  794): getNetworkForType type 17
D/CSLegacyTypeTracker(  794): getNetworkForType type 34
D/CSLegacyTypeTracker(  794): getNetworkForType type 35
D/CSLegacyTypeTracker(  794): getNetworkForType type 36
D/CSLegacyTypeTracker(  794): getNetworkForType type 37
D/CSLegacyTypeTracker(  794): getNetworkForType type 38
D/CSLegacyTypeTracker(  794): getNetworkForType type 40
D/CSLegacyTypeTracker(  794): getNetworkForType type 41
D/CSLegacyTypeTracker(  794): getNetworkForType type 49
D/CSLegacyTypeTracker(  794): getNetworkForType type 0
D/CSLegacyTypeTracker(  794): getNetworkForType type 1
D/CSLegacyTypeTracker(  794): getNetworkForType type 2
D/CSLegacyTypeTracker(  794): getNetworkForType type 3
D/CSLegacyTypeTracker(  794): getNetworkForType type 4
D/CSLegacyTypeTracker(  794): getNetworkForType type 5
D/CSLegacyTypeTracker(  794): getNetworkForType type 7
D/CSLegacyTypeTracker(  794): getNetworkForType type 10
D/CSLegacyTypeTracker(  794): getNetworkForType type 11
D/CSLegacyTypeTracker(  794): getNetworkForType type 12
D/CSLegacyTypeTracker(  794): getNetworkForType type 14
D/CSLegacyTypeTracker(  794): getNetworkForType type 15
D/CSLegacyTypeTracker(  794): getNetworkForType type 17
D/CSLegacyTypeTracker(  794): getNetworkForType type 34
D/CSLegacyTypeTracker(  794): getNetworkForType type 35
D/CSLegacyTypeTracker(  794): getNetworkForType type 36
D/CSLegacyTypeTracker(  794): getNetworkForType type 37
D/CSLegacyTypeTracker(  794): getNetworkForType type 38
D/CSLegacyTypeTracker(  794): getNetworkForType type 40
D/CSLegacyTypeTracker(  794): getNetworkForType type 41
D/CSLegacyTypeTracker(  794): getNetworkForType type 49
D/CSLegacyTypeTracker(  794): getNetworkForType type 0
D/CSLegacyTypeTracker(  794): getNetworkForType type 1
D/CSLegacyTypeTracker(  794): getNetworkForType type 2
D/CSLegacyTypeTracker(  794): getNetworkForType type 3
D/CSLegacyTypeTracker(  794): getNetworkForType type 4
D/CSLegacyTypeTracker(  794): getNetworkForType type 5
D/CSLegacyTypeTracker(  794): getNetworkForType type 7
D/CSLegacyTypeTracker(  794): getNetworkForType type 10
D/CSLegacyTypeTracker(  794): getNetworkForType type 11
D/CSLegacyTypeTracker(  794): getNetworkForType type 12
D/CSLegacyTypeTracker(  794): getNetworkForType type 14
D/CSLegacyTypeTracker(  794): getNetworkForType type 15
D/CSLegacyTypeTracker(  794): getNetworkForType type 17
D/CSLegacyTypeTracker(  794): getNetworkForType type 34
D/CSLegacyTypeTracker(  794): getNetworkForType type 35
D/CSLegacyTypeTracker(  794): getNetworkForType type 36
D/CSLegacyTypeTracker(  794): getNetworkForType type 37
D/CSLegacyTypeTracker(  794): getNetworkForType type 38
D/CSLegacyTypeTracker(  794): getNetworkForType type 40
D/CSLegacyTypeTracker(  794): getNetworkForType type 41
D/CSLegacyTypeTracker(  794): getNetworkForType type 49
D/CSLegacyTypeTracker(  794): getNetworkForType type 0
D/CSLegacyTypeTracker(  794): getNetworkForType type 1
D/CSLegacyTypeTracker(  794): getNetworkForType type 2
D/CSLegacyTypeTracker(  794): getNetworkForType type 3
D/CSLegacyTypeTracker(  794): getNetworkForType type 4
D/CSLegacyTypeTracker(  794): getNetworkForType type 5
D/CSLegacyTypeTracker(  794): getNetworkForType type 7
D/CSLegacyTypeTracker(  794): getNetworkForType type 10
D/CSLegacyTypeT